    Blocking waiting for file lock on package cache
    Blocking waiting for file lock on package cache
warning: unreachable statement
   --> /tmp/fabric-collect-review/overaccept/src/collect.rs:146:5
    |
145 |       return Ok(());
    |       ------------- any code following this expression is unreachable
146 | /     for (name, _) in fields {
147 | |         if !allowed.contains(&name.as_str()) {
148 | |             return Err(invalid(format!("unknown {context} field {name:?}")));
149 | |         }
150 | |     }
    | |_____^ unreachable statement
    |
    = note: `#[warn(unreachable_code)]` (part of `#[warn(unused)]`) on by default

warning: `storage-probe` (lib) generated 1 warning
   Compiling collect-adversarial-review v0.1.0 (/tmp/fabric-collect-review/probes_overaccept)
    Finished `test` profile [unoptimized + debuginfo] target(s) in 1.56s
     Running unittests src/lib.rs (/tmp/fabric-collect-review/probes_overaccept/target/debug/deps/collect_adversarial_review-7b393a7dc8d876a1)

running 7 tests
test tests::identity_is_checked_by_physical_position_and_batch_is_atomic ... ok
test tests::duplicate_members_at_every_object_depth_fail_but_array_duplicates_pass ... ok
test tests::ordered_duplicate_attributes_survive_across_layers ... ok
test tests::malformed_and_multi_resource_batches_fail ... ok

thread 'tests::unknowns_at_all_nine_levels_and_escaped_duplicate_members_fail' (761895) panicked at src/lib.rs:32:36:
root: {"resourceLogs":[],"future":0}
note: run with `RUST_BACKTRACE=1` environment variable to display a backtrace
test tests::unknowns_at_all_nine_levels_and_escaped_duplicate_members_fail ... FAILED
test tests::scalar_and_timestamp_numeric_boundaries ... ok
test tests::empty_envelopes_and_exact_cap ... ok

failures:

failures:
    tests::unknowns_at_all_nine_levels_and_escaped_duplicate_members_fail

test result: FAILED. 6 passed; 1 failed; 0 ignored; 0 measured; 0 filtered out; finished in 2.15s

error: test failed, to rerun pass `--lib`
