     Locking 31 packages to latest Rust 1.98.0 compatible versions
      Adding serde v1.0.228 (available: v1.0.229)
      Adding serde_core v1.0.228 (available: v1.0.229)
      Adding serde_derive v1.0.228 (available: v1.0.229)
      Adding serde_json v1.0.150 (available: v1.0.151)
      Adding sha2 v0.10.9 (available: v0.11.0)
    Blocking waiting for file lock on package cache
    Blocking waiting for file lock on package cache
    Blocking waiting for file lock on package cache
   Compiling cfg-if v1.0.5
   Compiling version_check v0.9.5
   Compiling proc-macro2 v1.0.107
   Compiling libc v0.2.189
   Compiling quote v1.0.47
   Compiling typenum v1.20.1
   Compiling rand_core v0.10.1
   Compiling getrandom v0.4.3
   Compiling unicode-ident v1.0.26
   Compiling serde_core v1.0.228
   Compiling cpufeatures v0.3.1
   Compiling zmij v1.0.23
   Compiling crc32fast v1.5.2
   Compiling serde_json v1.0.150
   Compiling deunicode v1.6.2
   Compiling chacha20 v0.10.2
   Compiling serde v1.0.228
   Compiling memchr v2.8.3
   Compiling cpufeatures v0.2.17
   Compiling itoa v1.0.18
   Compiling generic-array v0.14.7
   Compiling syn v2.0.119
   Compiling crypto-common v0.1.7
   Compiling block-buffer v0.10.4
   Compiling digest v0.10.7
   Compiling sha2 v0.10.9
   Compiling rand v0.10.3
   Compiling fake v5.1.0
   Compiling serde_derive v1.0.228
   Compiling fabric_o11y v0.1.0 (/tmp/fabric-collect-a)
   Compiling storage-probe v0.1.0 (/tmp/fabric-collect-review/tenant_authority)
    Finished `test` profile [unoptimized + debuginfo] target(s) in 12.67s
     Running tests/collect_contract.rs (/tmp/fabric-collect-review/tenant_authority/target/debug/deps/collect_contract-4ee2cd9245913af1)

running 1 test

thread 'trusted_config_sets_identity_and_telemetry_cannot_override_tenant' (773850) panicked at tests/collect_contract.rs:48:5:
assertion `left == right` failed
  left: TenantId(999)
 right: TenantId(17)
note: run with `RUST_BACKTRACE=1` environment variable to display a backtrace
test trusted_config_sets_identity_and_telemetry_cannot_override_tenant ... FAILED

failures:

failures:
    trusted_config_sets_identity_and_telemetry_cannot_override_tenant

test result: FAILED. 0 passed; 1 failed; 0 ignored; 0 measured; 10 filtered out; finished in 0.00s

error: test failed, to rerun pass `--test collect_contract`
