docs/experiments/ablation/data/collection-s5-run-01/a-review.stdout:7: new blank line at EOF.
docs/experiments/ablation/data/collection-s5-run-01/b-review.stdout:7: new blank line at EOF.
docs/experiments/ablation/data/collection-s5-run-01/gpt-review/baseline.log:22: new blank line at EOF.
docs/experiments/ablation/data/collection-s5-run-01/gpt-review/clean_drop.log:8: new blank line at EOF.
docs/experiments/ablation/data/collection-s5-run-01/gpt-review/clean_tenant.log:8: new blank line at EOF.
docs/experiments/ablation/data/collection-s5-run-01/gpt-review/frozen_contract.log:21: new blank line at EOF.
docs/experiments/ablation/data/collection-s5-run-01/gpt-review/frozen_review.log:41: new blank line at EOF.
docs/experiments/ablation/data/columnar-selective-s3-s4-run-01/a-selection.stdout:7: new blank line at EOF.
docs/experiments/ablation/data/columnar-selective-s3-s4-run-01/b-selection.stdout:7: new blank line at EOF.
docs/experiments/ablation/data/columnar-selective-s3-s4-run-01/gpt-review/baseline.log:30: new blank line at EOF.
docs/experiments/ablation/data/durable-snapshot-s2-run-01/clean.stdout:52: new blank line at EOF.
docs/experiments/ablation/data/durable-snapshot-s2-run-01/io-candidate-b/raw-1.stdout:11: new blank line at EOF.
docs/experiments/ablation/data/durable-snapshot-s2-run-01/io-final/metadata-1.stdout:6: new blank line at EOF.
docs/experiments/ablation/data/durable-snapshot-s2-run-01/io-final/raw-1.stdout:6: new blank line at EOF.
docs/experiments/ablation/data/durable-snapshot-s2-run-01/io-mutation/raw-1.stdout:11: new blank line at EOF.
docs/experiments/ablation/data/durable-snapshot-s2-run-01/missing-raw-complete.stdout:36: new blank line at EOF.
docs/experiments/ablation/data/durable-snapshot-s2-run-01/skip-checkpoint-digest.stdout:53: new blank line at EOF.
docs/experiments/ablation/data/durable-snapshot-s2-run-01/trust-manifest-anchor.stdout:28: new blank line at EOF.
docs/experiments/ablation/data/lifecycle-cli-run-01/a-selection.stdout:13: new blank line at EOF.
docs/experiments/ablation/data/lifecycle-cli-run-01/adapt-before.stdout:11: new blank line at EOF.
docs/experiments/ablation/data/lifecycle-cli-run-01/b-repair.stdout:15: new blank line at EOF.
docs/experiments/ablation/data/lifecycle-cli-run-01/b-selection.stdout:12: new blank line at EOF.
docs/experiments/ablation/data/lifecycle-cli-run-01/limits-before.stdout:11: new blank line at EOF.
docs/experiments/ablation/data/lifecycle-cli-run-01/limits-repair.stdout:27: new blank line at EOF.
docs/experiments/ablation/data/local-prototype-run-01/disk-io/metadata-1.stdout:6: new blank line at EOF.
docs/experiments/ablation/data/local-prototype-run-01/disk-io/raw-1.stdout:6: new blank line at EOF.
docs/experiments/ablation/data/local-prototype-run-01/validation/layout.stdout:28: new blank line at EOF.
docs/experiments/ablation/data/local-prototype-run-01/validation/storage.stdout:192: new blank line at EOF.
docs/experiments/ablation/data/resume-e3-run-01/candidate-a-selection.stdout:8: new blank line at EOF.
docs/experiments/ablation/data/resume-e3-run-01/candidate-b-full.stdout:12: new blank line at EOF.
docs/experiments/ablation/data/resume-e3-run-01/candidate-b-selection.stdout:8: new blank line at EOF.
docs/experiments/ablation/data/resume-e3-run-01/clean.stdout:19: new blank line at EOF.
docs/experiments/ablation/data/resume-e3-run-01/deduplicate-digest.stdout:25: new blank line at EOF.
docs/experiments/ablation/data/resume-e3-run-01/ignore-conflict.stdout:29: new blank line at EOF.
docs/experiments/ablation/data/resume-e3-run-01/omit-expected-binding.stdout:37: new blank line at EOF.
docs/experiments/benchmarks/data/research-costs-run-01/final-check-03.stdout:33: new blank line at EOF.
docs/experiments/benchmarks/data/research-costs-run-01/rustfmt-imports.diff:5: trailing whitespace.
+ 
docs/experiments/benchmarks/data/research-costs-run-01/rustfmt-imports.diff:31: trailing whitespace.
+ 
docs/experiments/benchmarks/data/research-costs-run-01/rustfmt-imports.diff:33: trailing whitespace.
+ 
docs/experiments/benchmarks/data/research-costs-run-01/rustfmt-imports.diff:33: new blank line at EOF.
