    Blocking waiting for file lock on package cache
    Blocking waiting for file lock on package cache
   Compiling version_check v0.9.5
   Compiling cfg-if v1.0.5
   Compiling proc-macro2 v1.0.107
   Compiling libc v0.2.189
   Compiling rand_core v0.10.1
   Compiling typenum v1.20.1
   Compiling unicode-ident v1.0.26
   Compiling getrandom v0.4.3
   Compiling quote v1.0.47
   Compiling serde_core v1.0.228
   Compiling cpufeatures v0.3.1
   Compiling zmij v1.0.23
   Compiling crc32fast v1.5.2
   Compiling deunicode v1.6.2
   Compiling serde_json v1.0.150
   Compiling chacha20 v0.10.2
   Compiling serde v1.0.228
   Compiling itoa v1.0.18
   Compiling memchr v2.8.3
   Compiling cpufeatures v0.2.17
   Compiling generic-array v0.14.7
   Compiling syn v2.0.119
   Compiling block-buffer v0.10.4
   Compiling crypto-common v0.1.7
   Compiling rand v0.10.3
   Compiling digest v0.10.7
   Compiling sha2 v0.10.9
   Compiling fake v5.1.0
   Compiling serde_derive v1.0.228
   Compiling fabric_o11y v0.1.0 (/tmp/fabric-disk-b)
   Compiling storage-probe v0.1.0 (/tmp/fabric-disk-b/tools/storage-probe)
    Finished `test` profile [unoptimized + debuginfo] target(s) in 17.17s
     Running tests/disk_io_fault.rs (tools/storage-probe/target/debug/deps/disk_io_fault-6abc47dd9dd3d6ef)
injected short raw read: 64 bytes
injected EIO after 64 raw bytes
raw_files=2 raw_bytes=0 unavailable=[0]

thread 'raw::partial_successful_raw_read_is_counted_even_when_later_read_fails' (726158) panicked at tests/io_fault_support/raw.rs:48:5:
assertion `left == right` failed
  left: 0
 right: 64
note: run with `RUST_BACKTRACE=1` environment variable to display a backtrace
error: test failed, to rerun pass `--test disk_io_fault`
