   Compiling layout-probe v0.1.0 (/tmp/fabric-layout-review/work/tools/layout-probe)
    Finished `test` profile [unoptimized + debuginfo] target(s) in 1.93s
     Running tests/adversarial.rs (target/debug/deps/adversarial-fb7c2c4ddd964316)

running 2 tests
test float_bits_survive_without_digest_as_proxy ... ok
test query_matrix_including_empty_and_unregistered_token ... ok

test result: ok. 2 passed; 0 failed; 0 ignored; 0 measured; 0 filtered out; finished in 26.22s

     Running tests/layout_contract.rs (target/debug/deps/layout_contract-cad3f6161978fb4f)

running 6 tests
test postings_cannot_hide_missing_or_wrong_raw_table ... ok
test duplicate_events_keep_distinct_physical_positions ... ok
test table_authentication_rejects_wrong_anchor_and_damaged_files_everywhere ... ok
test parquet_schema_metadata_and_row_group_limit_match_registered_layout ... ok
test postings_are_deterministic_exact_and_invalid_optional_indexes_fall_back ... ok
test round_trip_and_three_query_paths_match_scalar_oracle ... ok

test result: ok. 6 passed; 0 failed; 0 ignored; 0 measured; 0 filtered out; finished in 0.72s

     Running tests/layout_review.rs (target/debug/deps/layout_review-6d68b2dc6a7f0618)

running 2 tests
test projection_does_not_decode_raw_column_but_full_decode_checks_consistency ... ok
test malformed_postings_with_matching_hash_still_fall_back ... ok

test result: ok. 2 passed; 0 failed; 0 ignored; 0 measured; 0 filtered out; finished in 0.03s

