   Compiling cfg-if v1.0.5
   Compiling version_check v0.9.5
   Compiling libc v0.2.189
   Compiling proc-macro2 v1.0.107
   Compiling unicode-ident v1.0.26
   Compiling typenum v1.20.1
   Compiling quote v1.0.47
   Compiling getrandom v0.4.3
   Compiling rand_core v0.10.1
   Compiling cpufeatures v0.3.1
   Compiling serde_core v1.0.228
   Compiling zmij v1.0.23
   Compiling crc32fast v1.5.2
   Compiling serde v1.0.228
   Compiling serde_json v1.0.150
   Compiling chacha20 v0.10.2
   Compiling deunicode v1.6.2
   Compiling itoa v1.0.18
   Compiling cpufeatures v0.2.17
   Compiling memchr v2.8.3
   Compiling generic-array v0.14.7
   Compiling syn v2.0.119
   Compiling crypto-common v0.1.7
   Compiling block-buffer v0.10.4
   Compiling digest v0.10.7
   Compiling rand v0.10.3
   Compiling sha2 v0.10.9
   Compiling fake v5.1.0
   Compiling serde_derive v1.0.228
   Compiling fabric_o11y v0.1.0 (/tmp/fabric-disk-mutations)
   Compiling storage-probe v0.1.0 (/tmp/fabric-disk-mutations/tools/storage-probe)
    Finished `release` profile [optimized] target(s) in 12.11s
     Running tests/disk_contract.rs (tools/storage-probe/target/release/deps/disk_contract-df8042978401cca1)
     Running tests/disk_restart.rs (tools/storage-probe/target/release/deps/disk_restart-9fa0d3a0df2a3fb9)
     Running tests/resume_contract.rs (tools/storage-probe/target/release/deps/resume_contract-de5edf8067ac7211)
