
running 11 tests
test binding_availability_and_residual_fail_before_raw_reads ... ok
test rebuild_refuses_missing_or_corrupt_rows_and_unpublished_stages ... ok
test exclusions_and_false_availability_open_no_raw_file ... ok
test well_formed_but_changed_raw_rows_are_unavailable ... FAILED
test codec_rejects_wrong_event_scalar_and_payload_shapes ... ok
test event_codec_preserves_every_field_and_float_bits ... ok
test missing_corrupt_and_cold_raw_keep_exact_outstanding_work ... FAILED
test trusted_publication_file_rejects_wrong_version_and_shape ... ok
test manifest_tampering_wrong_root_and_rebuild_preserve_evidence ... ok
test publish_reopen_and_query_match_independent_oracle ... ok
test codec_rejects_malformed_envelopes_and_bounded_files ... ok

failures:

---- well_formed_but_changed_raw_rows_are_unavailable stdout ----

thread 'well_formed_but_changed_raw_rows_are_unavailable' (711847) panicked at tests/disk_contract.rs:285:5:
assertion failed: matches!(answer.page.receipt.blocks[0].disposition, Disposition::Unavailable)
note: run with `RUST_BACKTRACE=1` environment variable to display a backtrace

---- missing_corrupt_and_cold_raw_keep_exact_outstanding_work stdout ----

thread 'missing_corrupt_and_cold_raw_keep_exact_outstanding_work' (711843) panicked at tests/disk_contract.rs:235:5:
assertion `left == right` failed
  left: Complete
 right: Incomplete { unavailable: [1, 2] }


failures:
    missing_corrupt_and_cold_raw_keep_exact_outstanding_work
    well_formed_but_changed_raw_rows_are_unavailable

test result: FAILED. 9 passed; 2 failed; 0 ignored; 0 measured; 0 filtered out; finished in 0.33s

