phase,event_index,elapsed_ns,events,full_rejections,file_bytes,peak_rss_kib,alloc_calls,alloc_requested_bytes
append,1,3517500,,,,,,
append,2,3037100,,,,,,
append,3,2760600,,,,,,
append,4,2832700,,,,,,
append,5,2774300,,,,,,
append,6,2981900,,,,,,
append,7,2724200,,,,,,
append,8,2805600,,,,,,
append,9,2733900,,,,,,
append,10,2673700,,,,,,
append,11,2816100,,,,,,
append,12,3041901,,,,,,
append,13,2890000,,,,,,
append,14,2814600,,,,,,
append,15,2746400,,,,,,
append,16,3020200,,,,,,
append,17,2848600,,,,,,
append,18,2890800,,,,,,
append,19,2795600,,,,,,
append,20,2762900,,,,,,
append,21,2761200,,,,,,
append,22,2871800,,,,,,
append,23,2862600,,,,,,
append,24,2804300,,,,,,
append,25,2794700,,,,,,
append,26,2686300,,,,,,
append,27,2763000,,,,,,
append,28,3190100,,,,,,
append,29,2863900,,,,,,
append,30,2908800,,,,,,
append,31,3397600,,,,,,
append,32,2916000,,,,,,
append,33,3365800,,,,,,
append,34,3058500,,,,,,
append,35,3181000,,,,,,
append,36,3241300,,,,,,
append,37,3046001,,,,,,
append,38,2946600,,,,,,
append,39,3199200,,,,,,
append,40,2869800,,,,,,
append,41,3293400,,,,,,
append,42,3222900,,,,,,
append,43,2858400,,,,,,
append,44,2908200,,,,,,
append,45,2992400,,,,,,
append,46,3063500,,,,,,
append,47,2757200,,,,,,
append,48,2766600,,,,,,
append,49,3002200,,,,,,
append,50,2985300,,,,,,
append,51,2718500,,,,,,
append,52,2687200,,,,,,
append,53,2726900,,,,,,
append,54,3135100,,,,,,
append,55,2982500,,,,,,
append,56,3086200,,,,,,
append,57,2899800,,,,,,
append,58,2773800,,,,,,
append,59,2699300,,,,,,
append,60,2814500,,,,,,
append,61,2867300,,,,,,
append,62,2675000,,,,,,
append,63,2699300,,,,,,
append,64,2742701,,,,,,
append,65,2733200,,,,,,
append,66,3082900,,,,,,
append,67,3114600,,,,,,
append,68,2998700,,,,,,
append,69,2953100,,,,,,
append,70,2991000,,,,,,
append,71,2949400,,,,,,
append,72,2796700,,,,,,
append,73,2732900,,,,,,
append,74,2727200,,,,,,
append,75,2782300,,,,,,
append,76,2702100,,,,,,
append,77,2661500,,,,,,
append,78,2689000,,,,,,
append,79,2690500,,,,,,
append,80,2641900,,,,,,
append,81,2805100,,,,,,
append,82,2775000,,,,,,
append,83,3042900,,,,,,
append,84,3265900,,,,,,
append,85,2757400,,,,,,
append,86,2718600,,,,,,
append,87,2935600,,,,,,
append,88,3100600,,,,,,
append,89,2828100,,,,,,
append,90,2675801,,,,,,
append,91,2740300,,,,,,
append,92,2848500,,,,,,
append,93,3003900,,,,,,
append,94,3032900,,,,,,
append,95,2783700,,,,,,
append,96,2873900,,,,,,
append,97,2696400,,,,,,
append,98,2902500,,,,,,
append,99,2944600,,,,,,
append,100,2973500,,,,,,
append,101,2710100,,,,,,
append,102,2810500,,,,,,
append,103,2792100,,,,,,
append,104,2834700,,,,,,
append,105,3182000,,,,,,
append,106,3667500,,,,,,
append,107,3356100,,,,,,
append,108,3043600,,,,,,
append,109,2926000,,,,,,
append,110,3345100,,,,,,
append,111,3085600,,,,,,
append,112,2806100,,,,,,
append,113,2769500,,,,,,
append,114,2836300,,,,,,
append,115,3027200,,,,,,
append,116,2976401,,,,,,
append,117,2752200,,,,,,
append,118,2834100,,,,,,
append,119,2778100,,,,,,
append,120,2892700,,,,,,
append,121,3167600,,,,,,
append,122,2851800,,,,,,
append,123,2886400,,,,,,
append,124,3024000,,,,,,
append,125,3059900,,,,,,
append,126,3953700,,,,,,
append,127,3554000,,,,,,
append,128,3368100,,,,,,
append,129,3071100,,,,,,
append,130,2821600,,,,,,
append,131,2907200,,,,,,
append,132,2719000,,,,,,
append,133,2717000,,,,,,
append,134,2839500,,,,,,
append,135,3038100,,,,,,
append,136,3152300,,,,,,
append,137,2982100,,,,,,
append,138,2785600,,,,,,
append,139,3393700,,,,,,
append,140,2797600,,,,,,
append,141,3137901,,,,,,
append,142,3678000,,,,,,
append,143,2881300,,,,,,
append,144,2774900,,,,,,
append,145,2720900,,,,,,
append,146,3039100,,,,,,
append,147,3467500,,,,,,
append,148,3284500,,,,,,
append,149,2930300,,,,,,
append,150,2690700,,,,,,
append,151,2865600,,,,,,
append,152,2819500,,,,,,
append,153,2979700,,,,,,
append,154,2921500,,,,,,
append,155,3344200,,,,,,
append,156,3007700,,,,,,
append,157,2895100,,,,,,
append,158,2742900,,,,,,
append,159,3014200,,,,,,
append,160,2832300,,,,,,
append,161,2889700,,,,,,
append,162,3708700,,,,,,
append,163,3278000,,,,,,
append,164,2979300,,,,,,
append,165,3065500,,,,,,
append,166,2921700,,,,,,
append,167,3734801,,,,,,
append,168,3401200,,,,,,
append,169,2927200,,,,,,
append,170,2954600,,,,,,
append,171,2731400,,,,,,
append,172,2812000,,,,,,
append,173,2867300,,,,,,
append,174,2846300,,,,,,
append,175,2749300,,,,,,
append,176,3167600,,,,,,
append,177,3347100,,,,,,
append,178,3157000,,,,,,
append,179,2794000,,,,,,
append,180,2896500,,,,,,
append,181,2873100,,,,,,
append,182,2813000,,,,,,
append,183,3210300,,,,,,
append,184,2882400,,,,,,
append,185,2824900,,,,,,
append,186,2785100,,,,,,
append,187,2937400,,,,,,
append,188,3771100,,,,,,
append,189,11339701,,,,,,
append,190,2958400,,,,,,
append,191,3064400,,,,,,
append,192,2921700,,,,,,
append,193,2819800,,,,,,
append,194,2981200,,,,,,
append,195,2867300,,,,,,
append,196,2806800,,,,,,
append,197,2950500,,,,,,
append,198,2801600,,,,,,
append,199,2850800,,,,,,
append,200,3072500,,,,,,
append,201,2938400,,,,,,
append,202,3000700,,,,,,
append,203,3122700,,,,,,
append,204,2909100,,,,,,
append,205,3328200,,,,,,
append,206,3230300,,,,,,
append,207,3336200,,,,,,
append,208,2852500,,,,,,
append,209,2865900,,,,,,
append,210,3114800,,,,,,
append,211,3123100,,,,,,
append,212,2984100,,,,,,
append,213,3127500,,,,,,
append,214,2834301,,,,,,
append,215,3174000,,,,,,
append,216,2827600,,,,,,
append,217,2894200,,,,,,
append,218,2691900,,,,,,
append,219,2835500,,,,,,
append,220,2808000,,,,,,
append,221,3011800,,,,,,
append,222,3157900,,,,,,
append,223,3030900,,,,,,
append,224,2799400,,,,,,
append,225,2904200,,,,,,
append,226,3042600,,,,,,
append,227,2967000,,,,,,
append,228,2977800,,,,,,
append,229,2822200,,,,,,
append,230,2697900,,,,,,
append,231,2706600,,,,,,
append,232,2741900,,,,,,
append,233,2903800,,,,,,
append,234,2780200,,,,,,
append,235,2807800,,,,,,
append,236,2878500,,,,,,
append,237,2867600,,,,,,
append,238,2889000,,,,,,
append,239,2747400,,,,,,
append,240,2888500,,,,,,
append,241,2790901,,,,,,
append,242,2891000,,,,,,
append,243,2750200,,,,,,
append,244,3049600,,,,,,
append,245,2721800,,,,,,
append,246,2805100,,,,,,
append,247,3047400,,,,,,
append,248,3498000,,,,,,
append,249,3692800,,,,,,
append,250,3252300,,,,,,
append,251,3297500,,,,,,
append,252,3060900,,,,,,
append,253,3105700,,,,,,
append,254,2972700,,,,,,
append,255,3158000,,,,,,
append,256,2818600,,,,,,
append,257,2779700,,,,,,
append,258,2921500,,,,,,
append,259,3000800,,,,,,
append,260,2724000,,,,,,
append,261,2819900,,,,,,
append,262,2775900,,,,,,
append,263,2729300,,,,,,
append,264,2929500,,,,,,
append,265,2846000,,,,,,
append,266,3056501,,,,,,
append,267,2979200,,,,,,
append,268,2855900,,,,,,
append,269,2756300,,,,,,
append,270,2709500,,,,,,
append,271,2747300,,,,,,
append,272,2625500,,,,,,
append,273,2647300,,,,,,
append,274,2615600,,,,,,
append,275,2825300,,,,,,
append,276,2746000,,,,,,
append,277,2704500,,,,,,
append,278,2578400,,,,,,
append,279,2684900,,,,,,
append,280,2619900,,,,,,
append,281,2908100,,,,,,
append,282,2877800,,,,,,
append,283,2707300,,,,,,
append,284,2783100,,,,,,
append,285,2652600,,,,,,
append,286,2597000,,,,,,
append,287,3058500,,,,,,
append,288,2795000,,,,,,
append,289,2832100,,,,,,
append,290,2700200,,,,,,
append,291,2838000,,,,,,
append,292,2857700,,,,,,
append,293,2783800,,,,,,
append,294,2751801,,,,,,
append,295,2681400,,,,,,
append,296,2638800,,,,,,
append,297,2727300,,,,,,
append,298,2806700,,,,,,
append,299,2968000,,,,,,
append,300,2924500,,,,,,
append,301,2796000,,,,,,
append,302,2704200,,,,,,
append,303,2758000,,,,,,
append,304,3520600,,,,,,
append,305,3549400,,,,,,
append,306,3205300,,,,,,
append,307,2956000,,,,,,
append,308,2924100,,,,,,
append,309,2985600,,,,,,
append,310,2834300,,,,,,
append,311,2856000,,,,,,
append,312,2777300,,,,,,
append,313,2805700,,,,,,
append,314,3929600,,,,,,
append,315,3444500,,,,,,
append,316,3098100,,,,,,
append,317,2785200,,,,,,
append,318,2652300,,,,,,
append,319,2966300,,,,,,
append,320,2801101,,,,,,
append,321,2610200,,,,,,
append,322,2775900,,,,,,
append,323,2788500,,,,,,
append,324,2775100,,,,,,
append,325,2912100,,,,,,
append,326,2738800,,,,,,
append,327,2670700,,,,,,
append,328,2841900,,,,,,
append,329,2689700,,,,,,
append,330,2721300,,,,,,
append,331,3075200,,,,,,
append,332,2961700,,,,,,
append,333,3199500,,,,,,
append,334,2895700,,,,,,
append,335,2996600,,,,,,
append,336,3092500,,,,,,
append,337,3029100,,,,,,
append,338,3031900,,,,,,
append,339,3127300,,,,,,
append,340,2742000,,,,,,
append,341,2832400,,,,,,
append,342,2669700,,,,,,
append,343,2618300,,,,,,
append,344,2635100,,,,,,
append,345,2665300,,,,,,
append,346,2723300,,,,,,
append,347,2841901,,,,,,
append,348,2562900,,,,,,
append,349,2511400,,,,,,
append,350,2554300,,,,,,
append,351,2613600,,,,,,
append,352,2603100,,,,,,
append,353,2843000,,,,,,
append,354,2876000,,,,,,
append,355,2749800,,,,,,
append,356,2731800,,,,,,
append,357,2634900,,,,,,
append,358,2601900,,,,,,
append,359,2823500,,,,,,
append,360,3125600,,,,,,
append,361,3198500,,,,,,
append,362,3326700,,,,,,
append,363,3091800,,,,,,
append,364,3280700,,,,,,
append,365,2958500,,,,,,
append,366,2846200,,,,,,
append,367,3054600,,,,,,
append,368,3011400,,,,,,
append,369,2876900,,,,,,
append,370,3257000,,,,,,
append,371,2910500,,,,,,
append,372,2875900,,,,,,
append,373,2653701,,,,,,
append,374,2682400,,,,,,
append,375,2686800,,,,,,
append,376,2788200,,,,,,
append,377,2602700,,,,,,
append,378,2748300,,,,,,
append,379,2648000,,,,,,
append,380,2708800,,,,,,
append,381,2714900,,,,,,
append,382,2684000,,,,,,
append,383,2654000,,,,,,
append,384,2567100,,,,,,
append,385,2535800,,,,,,
append,386,2597900,,,,,,
append,387,2655000,,,,,,
append,388,2783600,,,,,,
append,389,2783100,,,,,,
append,390,2649700,,,,,,
append,391,2599000,,,,,,
append,392,2626100,,,,,,
append,393,3266700,,,,,,
append,394,2844400,,,,,,
append,395,2848400,,,,,,
append,396,2836800,,,,,,
append,397,2604000,,,,,,
append,398,2764100,,,,,,
append,399,3077900,,,,,,
append,400,2969700,,,,,,
append,401,2757601,,,,,,
append,402,2695700,,,,,,
append,403,2681000,,,,,,
append,404,2923500,,,,,,
append,405,3052400,,,,,,
append,406,2751800,,,,,,
append,407,2692700,,,,,,
append,408,2861600,,,,,,
append,409,2629100,,,,,,
append,410,3139200,,,,,,
append,411,2644400,,,,,,
append,412,2630300,,,,,,
append,413,2680000,,,,,,
append,414,2593100,,,,,,
append,415,2589600,,,,,,
append,416,2846700,,,,,,
append,417,2662800,,,,,,
append,418,2640800,,,,,,
append,419,2628500,,,,,,
append,420,2555600,,,,,,
append,421,2557500,,,,,,
append,422,3009000,,,,,,
append,423,2841600,,,,,,
append,424,2882300,,,,,,
append,425,2870900,,,,,,
append,426,2718100,,,,,,
append,427,3322800,,,,,,
append,428,3018101,,,,,,
append,429,2726900,,,,,,
append,430,2897000,,,,,,
append,431,2943700,,,,,,
append,432,2803700,,,,,,
append,433,2818000,,,,,,
append,434,2870300,,,,,,
append,435,2803600,,,,,,
append,436,2801200,,,,,,
append,437,2901600,,,,,,
append,438,3218600,,,,,,
append,439,2910300,,,,,,
append,440,2803700,,,,,,
append,441,2795200,,,,,,
append,442,2874000,,,,,,
append,443,3297900,,,,,,
append,444,3013900,,,,,,
append,445,3035500,,,,,,
append,446,2879400,,,,,,
append,447,2983800,,,,,,
append,448,2941300,,,,,,
append,449,3028500,,,,,,
append,450,3058200,,,,,,
append,451,2881100,,,,,,
append,452,2941200,,,,,,
append,453,2830700,,,,,,
append,454,3147501,,,,,,
append,455,3245900,,,,,,
append,456,3124400,,,,,,
append,457,2956700,,,,,,
append,458,2890300,,,,,,
append,459,3483700,,,,,,
append,460,3048300,,,,,,
append,461,3108400,,,,,,
append,462,2918900,,,,,,
append,463,2947100,,,,,,
append,464,2953000,,,,,,
append,465,3054200,,,,,,
append,466,2892000,,,,,,
append,467,2993900,,,,,,
append,468,3384800,,,,,,
append,469,2883700,,,,,,
append,470,3149700,,,,,,
append,471,3247300,,,,,,
append,472,2834600,,,,,,
append,473,2928400,,,,,,
append,474,3345000,,,,,,
append,475,7063500,,,,,,
append,476,3012400,,,,,,
append,477,2824500,,,,,,
append,478,3049601,,,,,,
append,479,2949100,,,,,,
append,480,2822600,,,,,,
append,481,2739200,,,,,,
append,482,2788800,,,,,,
append,483,2769900,,,,,,
append,484,2879600,,,,,,
append,485,2701500,,,,,,
append,486,2860100,,,,,,
append,487,2968300,,,,,,
append,488,3116000,,,,,,
append,489,3128000,,,,,,
append,490,3156900,,,,,,
append,491,2786600,,,,,,
append,492,2783100,,,,,,
append,493,2654000,,,,,,
append,494,2724100,,,,,,
append,495,3184700,,,,,,
append,496,3720400,,,,,,
append,497,3400000,,,,,,
append,498,3398500,,,,,,
append,499,3591300,,,,,,
append,500,3315000,,,,,,
append,501,3726800,,,,,,
append,502,4031100,,,,,,
append,503,3744101,,,,,,
append,504,3504800,,,,,,
append,505,3045800,,,,,,
append,506,2890500,,,,,,
append,507,3037500,,,,,,
append,508,2978600,,,,,,
append,509,3032800,,,,,,
append,510,8342700,,,,,,
append,511,3361700,,,,,,
append,512,3386400,,,,,,
append,513,3029600,,,,,,
append,514,2855200,,,,,,
append,515,2859900,,,,,,
append,516,3330400,,,,,,
append,517,3098100,,,,,,
append,518,3248300,,,,,,
append,519,3109600,,,,,,
append,520,3159500,,,,,,
append,521,3264600,,,,,,
append,522,3518500,,,,,,
append,523,3409900,,,,,,
append,524,3174900,,,,,,
append,525,3005901,,,,,,
append,526,2990200,,,,,,
append,527,3127000,,,,,,
append,528,3152900,,,,,,
append,529,2973300,,,,,,
append,530,2802700,,,,,,
append,531,2857200,,,,,,
append,532,3249400,,,,,,
append,533,3294300,,,,,,
append,534,2970300,,,,,,
append,535,2733100,,,,,,
append,536,2669700,,,,,,
append,537,2610300,,,,,,
append,538,2955200,,,,,,
append,539,2711500,,,,,,
append,540,3005800,,,,,,
append,541,3083600,,,,,,
append,542,3114600,,,,,,
append,543,3064700,,,,,,
append,544,3010400,,,,,,
append,545,2992900,,,,,,
append,546,2776200,,,,,,
append,547,2819600,,,,,,
append,548,2684600,,,,,,
append,549,2711700,,,,,,
append,550,2637100,,,,,,
append,551,2807701,,,,,,
append,552,2666900,,,,,,
append,553,2630700,,,,,,
append,554,2859200,,,,,,
append,555,2928100,,,,,,
append,556,2790700,,,,,,
append,557,2936900,,,,,,
append,558,2696700,,,,,,
append,559,2635100,,,,,,
append,560,2810800,,,,,,
append,561,2779300,,,,,,
append,562,2589800,,,,,,
append,563,2672900,,,,,,
append,564,3049700,,,,,,
append,565,2756300,,,,,,
append,566,3068300,,,,,,
append,567,2971000,,,,,,
append,568,2736700,,,,,,
append,569,2899900,,,,,,
append,570,2850300,,,,,,
append,571,2885400,,,,,,
append,572,2884100,,,,,,
append,573,2786200,,,,,,
append,574,2845300,,,,,,
append,575,3106100,,,,,,
append,576,2850700,,,,,,
append,577,2818900,,,,,,
append,578,2681201,,,,,,
append,579,2888300,,,,,,
append,580,2889800,,,,,,
append,581,3088800,,,,,,
append,582,3136300,,,,,,
append,583,2967500,,,,,,
append,584,2839900,,,,,,
append,585,2798300,,,,,,
append,586,2819900,,,,,,
append,587,2834900,,,,,,
append,588,2846800,,,,,,
append,589,2758800,,,,,,
append,590,2696000,,,,,,
append,591,2897800,,,,,,
append,592,3186700,,,,,,
append,593,3152100,,,,,,
append,594,2828500,,,,,,
append,595,3317400,,,,,,
append,596,2803700,,,,,,
append,597,2826700,,,,,,
append,598,3063700,,,,,,
append,599,2831100,,,,,,
append,600,2813100,,,,,,
append,601,2800900,,,,,,
append,602,2766200,,,,,,
append,603,2768900,,,,,,
append,604,3099101,,,,,,
append,605,2785100,,,,,,
append,606,2762500,,,,,,
append,607,2849600,,,,,,
append,608,2815000,,,,,,
append,609,2902000,,,,,,
append,610,3186400,,,,,,
append,611,2813400,,,,,,
append,612,2732900,,,,,,
append,613,2713000,,,,,,
append,614,2760800,,,,,,
append,615,2841800,,,,,,
append,616,3278900,,,,,,
append,617,3131400,,,,,,
append,618,2889800,,,,,,
append,619,2766700,,,,,,
append,620,2756000,,,,,,
append,621,3062800,,,,,,
append,622,2905200,,,,,,
append,623,2967900,,,,,,
append,624,2977600,,,,,,
append,625,2813900,,,,,,
append,626,2992400,,,,,,
append,627,3248500,,,,,,
append,628,3110800,,,,,,
append,629,2814200,,,,,,
append,630,2792201,,,,,,
append,631,3018500,,,,,,
append,632,3357800,,,,,,
append,633,2993300,,,,,,
append,634,2888300,,,,,,
append,635,2769000,,,,,,
append,636,3200500,,,,,,
append,637,3472900,,,,,,
append,638,2960800,,,,,,
append,639,2816200,,,,,,
append,640,2780400,,,,,,
append,641,2701500,,,,,,
append,642,2802500,,,,,,
append,643,2708600,,,,,,
append,644,2922800,,,,,,
append,645,3209400,,,,,,
append,646,3295200,,,,,,
append,647,3058500,,,,,,
append,648,3001000,,,,,,
append,649,3278400,,,,,,
append,650,3159000,,,,,,
append,651,2909200,,,,,,
append,652,3480800,,,,,,
append,653,3451100,,,,,,
append,654,3416000,,,,,,
append,655,3169501,,,,,,
append,656,2819600,,,,,,
append,657,3025000,,,,,,
append,658,3360600,,,,,,
append,659,2927200,,,,,,
append,660,2876400,,,,,,
append,661,2786000,,,,,,
append,662,2931400,,,,,,
append,663,2960100,,,,,,
append,664,2834400,,,,,,
append,665,2839800,,,,,,
append,666,2705500,,,,,,
append,667,2808900,,,,,,
append,668,2865900,,,,,,
append,669,2782000,,,,,,
append,670,2885100,,,,,,
append,671,2778700,,,,,,
append,672,2799000,,,,,,
append,673,2775100,,,,,,
append,674,2793100,,,,,,
append,675,2847200,,,,,,
append,676,2741400,,,,,,
append,677,3053300,,,,,,
append,678,2645700,,,,,,
append,679,3408000,,,,,,
append,680,3100800,,,,,,
append,681,2851101,,,,,,
append,682,3109600,,,,,,
append,683,2729600,,,,,,
append,684,2968100,,,,,,
append,685,2929300,,,,,,
append,686,2808800,,,,,,
append,687,2704300,,,,,,
append,688,2604000,,,,,,
append,689,2659400,,,,,,
append,690,3111800,,,,,,
append,691,2869100,,,,,,
append,692,2809300,,,,,,
append,693,2843600,,,,,,
append,694,2998300,,,,,,
append,695,2985600,,,,,,
append,696,3103400,,,,,,
append,697,3025300,,,,,,
append,698,2780900,,,,,,
append,699,2769000,,,,,,
append,700,2772800,,,,,,
append,701,2834500,,,,,,
append,702,2602100,,,,,,
append,703,2534200,,,,,,
append,704,2723100,,,,,,
append,705,2762200,,,,,,
append,706,3015800,,,,,,
append,707,3066400,,,,,,
append,708,2968901,,,,,,
append,709,2792600,,,,,,
append,710,2803600,,,,,,
append,711,2803200,,,,,,
append,712,2985000,,,,,,
append,713,2855900,,,,,,
append,714,2834700,,,,,,
append,715,2806800,,,,,,
append,716,2793400,,,,,,
append,717,2958600,,,,,,
append,718,3368300,,,,,,
append,719,2816100,,,,,,
append,720,2817700,,,,,,
append,721,2556600,,,,,,
append,722,2753900,,,,,,
append,723,2776200,,,,,,
append,724,2614400,,,,,,
append,725,2557200,,,,,,
append,726,2501600,,,,,,
append,727,2628000,,,,,,
append,728,2532600,,,,,,
append,729,2638300,,,,,,
append,730,2748500,,,,,,
append,731,2834600,,,,,,
append,732,2611700,,,,,,
append,733,2682600,,,,,,
append,734,2689500,,,,,,
append,735,2998300,,,,,,
append,736,2740801,,,,,,
append,737,2718100,,,,,,
append,738,2784500,,,,,,
append,739,2769800,,,,,,
append,740,2779200,,,,,,
append,741,2747600,,,,,,
append,742,2859700,,,,,,
append,743,2681000,,,,,,
append,744,2628600,,,,,,
append,745,2654100,,,,,,
append,746,2747400,,,,,,
append,747,2814200,,,,,,
append,748,2952300,,,,,,
append,749,2683000,,,,,,
append,750,2687200,,,,,,
append,751,2729700,,,,,,
append,752,2922800,,,,,,
append,753,3129600,,,,,,
append,754,3058600,,,,,,
append,755,2726200,,,,,,
append,756,2739100,,,,,,
append,757,2679000,,,,,,
append,758,2904800,,,,,,
append,759,2831000,,,,,,
append,760,2838000,,,,,,
append,761,2613800,,,,,,
append,762,2821600,,,,,,
append,763,2764001,,,,,,
append,764,2864300,,,,,,
append,765,2748900,,,,,,
append,766,3199400,,,,,,
append,767,3223600,,,,,,
append,768,3110100,,,,,,
append,769,2887500,,,,,,
append,770,2758900,,,,,,
append,771,2804000,,,,,,
append,772,2791800,,,,,,
append,773,2732900,,,,,,
append,774,2778600,,,,,,
append,775,2890800,,,,,,
append,776,2797300,,,,,,
append,777,2834500,,,,,,
append,778,2729200,,,,,,
append,779,2800700,,,,,,
append,780,2809900,,,,,,
append,781,3040100,,,,,,
append,782,2725800,,,,,,
append,783,2705100,,,,,,
append,784,2739000,,,,,,
append,785,2696100,,,,,,
append,786,2980900,,,,,,
append,787,2945400,,,,,,
append,788,2765900,,,,,,
append,789,2775500,,,,,,
append,790,2732101,,,,,,
append,791,2708000,,,,,,
append,792,2722400,,,,,,
append,793,2671200,,,,,,
append,794,2695600,,,,,,
append,795,3001100,,,,,,
append,796,2673400,,,,,,
append,797,2950400,,,,,,
append,798,3091800,,,,,,
append,799,2817800,,,,,,
append,800,2679300,,,,,,
append,801,2736500,,,,,,
append,802,2804900,,,,,,
append,803,3363500,,,,,,
append,804,2915600,,,,,,
append,805,2743000,,,,,,
append,806,2683100,,,,,,
append,807,2718700,,,,,,
append,808,2766600,,,,,,
append,809,2947600,,,,,,
append,810,2659000,,,,,,
append,811,2671400,,,,,,
append,812,2658000,,,,,,
append,813,2753400,,,,,,
append,814,3378800,,,,,,
append,815,3018800,,,,,,
append,816,2804800,,,,,,
append,817,2874501,,,,,,
append,818,3048000,,,,,,
append,819,3233500,,,,,,
append,820,2831100,,,,,,
append,821,2621500,,,,,,
append,822,2947800,,,,,,
append,823,3205700,,,,,,
append,824,2922200,,,,,,
append,825,2970100,,,,,,
append,826,2954000,,,,,,
append,827,2762800,,,,,,
append,828,2818100,,,,,,
append,829,2943000,,,,,,
append,830,3376800,,,,,,
append,831,3119100,,,,,,
append,832,2802000,,,,,,
append,833,2735900,,,,,,
append,834,2807300,,,,,,
append,835,2996900,,,,,,
append,836,2789700,,,,,,
append,837,3163300,,,,,,
append,838,2728400,,,,,,
append,839,2665700,,,,,,
append,840,2694600,,,,,,
append,841,3443100,,,,,,
append,842,3364401,,,,,,
append,843,2922200,,,,,,
append,844,2819000,,,,,,
append,845,3520000,,,,,,
append,846,3589800,,,,,,
append,847,3366000,,,,,,
append,848,3322500,,,,,,
append,849,3424500,,,,,,
append,850,4053300,,,,,,
append,851,3445700,,,,,,
append,852,3139500,,,,,,
append,853,3004200,,,,,,
append,854,2992600,,,,,,
append,855,3242700,,,,,,
append,856,2963100,,,,,,
append,857,2867600,,,,,,
append,858,2794600,,,,,,
append,859,2788800,,,,,,
append,860,2849400,,,,,,
append,861,3337400,,,,,,
append,862,2925300,,,,,,
append,863,2736900,,,,,,
append,864,2710800,,,,,,
append,865,2978400,,,,,,
append,866,3066700,,,,,,
append,867,2852201,,,,,,
append,868,2817400,,,,,,
append,869,2736600,,,,,,
append,870,2701500,,,,,,
append,871,2818800,,,,,,
append,872,2834700,,,,,,
append,873,2706300,,,,,,
append,874,2788300,,,,,,
append,875,2780800,,,,,,
append,876,2680100,,,,,,
append,877,2863900,,,,,,
append,878,2771200,,,,,,
append,879,2737100,,,,,,
append,880,2938900,,,,,,
append,881,2785800,,,,,,
append,882,2978700,,,,,,
append,883,2831800,,,,,,
append,884,2714300,,,,,,
append,885,2685000,,,,,,
append,886,3151400,,,,,,
append,887,2695700,,,,,,
append,888,2959900,,,,,,
append,889,3056600,,,,,,
append,890,2834900,,,,,,
append,891,2975200,,,,,,
append,892,2822400,,,,,,
append,893,2779200,,,,,,
append,894,2832201,,,,,,
append,895,2786900,,,,,,
append,896,2786500,,,,,,
append,897,3022500,,,,,,
append,898,2709200,,,,,,
append,899,2913800,,,,,,
append,900,2961400,,,,,,
append,901,2762500,,,,,,
append,902,2666700,,,,,,
append,903,2773300,,,,,,
append,904,2720300,,,,,,
append,905,2798900,,,,,,
append,906,2823500,,,,,,
append,907,2754600,,,,,,
append,908,2754400,,,,,,
append,909,2745800,,,,,,
append,910,2798100,,,,,,
append,911,3020100,,,,,,
append,912,2712100,,,,,,
append,913,2679100,,,,,,
append,914,2726800,,,,,,
append,915,2679100,,,,,,
append,916,3089100,,,,,,
append,917,3323500,,,,,,
append,918,2924400,,,,,,
append,919,2712200,,,,,,
append,920,2657100,,,,,,
append,921,2977401,,,,,,
append,922,2889400,,,,,,
append,923,2667700,,,,,,
append,924,2743200,,,,,,
append,925,2570700,,,,,,
append,926,2577200,,,,,,
append,927,2801300,,,,,,
append,928,2773400,,,,,,
append,929,2709700,,,,,,
append,930,2785500,,,,,,
append,931,2732800,,,,,,
append,932,2870900,,,,,,
append,933,2981100,,,,,,
append,934,4863700,,,,,,
append,935,2559000,,,,,,
append,936,2700400,,,,,,
append,937,2703800,,,,,,
append,938,2827100,,,,,,
append,939,2896000,,,,,,
append,940,2724500,,,,,,
append,941,2863200,,,,,,
append,942,3023900,,,,,,
append,943,3010000,,,,,,
append,944,3197700,,,,,,
append,945,2977500,,,,,,
append,946,2937100,,,,,,
append,947,2813701,,,,,,
append,948,2731900,,,,,,
append,949,3075100,,,,,,
append,950,2984000,,,,,,
append,951,2712500,,,,,,
append,952,2703800,,,,,,
append,953,2705400,,,,,,
append,954,2837600,,,,,,
append,955,3264800,,,,,,
append,956,2902500,,,,,,
append,957,2735100,,,,,,
append,958,2733400,,,,,,
append,959,2680000,,,,,,
append,960,2870700,,,,,,
append,961,2940900,,,,,,
append,962,2807900,,,,,,
append,963,2589200,,,,,,
append,964,2551600,,,,,,
append,965,2537100,,,,,,
append,966,2602600,,,,,,
append,967,2546600,,,,,,
append,968,2698900,,,,,,
append,969,2951000,,,,,,
append,970,2845200,,,,,,
append,971,2692500,,,,,,
append,972,2644100,,,,,,
append,973,2543400,,,,,,
append,974,2701600,,,,,,
append,975,2705201,,,,,,
append,976,2581500,,,,,,
append,977,2540800,,,,,,
append,978,2796800,,,,,,
append,979,2746100,,,,,,
append,980,2757800,,,,,,
append,981,2816500,,,,,,
append,982,2793000,,,,,,
append,983,2769600,,,,,,
append,984,2743600,,,,,,
append,985,2685200,,,,,,
append,986,2823000,,,,,,
append,987,2654800,,,,,,
append,988,2791800,,,,,,
append,989,2722400,,,,,,
append,990,2654200,,,,,,
append,991,2653200,,,,,,
append,992,2731600,,,,,,
append,993,2692900,,,,,,
append,994,2832800,,,,,,
append,995,2798600,,,,,,
append,996,2700000,,,,,,
append,997,2883800,,,,,,
append,998,2642800,,,,,,
append,999,2817700,,,,,,
append,1000,2865000,,,,,,
append,1001,2968300,,,,,,
append,1002,3101801,,,,,,
append,1003,2774400,,,,,,
append,1004,3183200,,,,,,
append,1005,3777500,,,,,,
append,1006,2915800,,,,,,
append,1007,2735700,,,,,,
append,1008,2733600,,,,,,
append,1009,2707000,,,,,,
append,1010,3150500,,,,,,
append,1011,2954400,,,,,,
append,1012,2758500,,,,,,
append,1013,2760600,,,,,,
append,1014,2873800,,,,,,
append,1015,2963300,,,,,,
append,1016,2781200,,,,,,
append,1017,3139200,,,,,,
append,1018,3045100,,,,,,
append,1019,2973600,,,,,,
append,1020,2829100,,,,,,
append,1021,2753500,,,,,,
append,1022,2849200,,,,,,
append,1023,2821000,,,,,,
append,1024,2715200,,,,,,
append,1025,2680100,,,,,,
append,1026,2536600,,,,,,
append,1027,2564400,,,,,,
append,1028,2678100,,,,,,
append,1029,2586501,,,,,,
append,1030,2602500,,,,,,
append,1031,2583600,,,,,,
append,1032,2518200,,,,,,
append,1033,2557400,,,,,,
append,1034,2808300,,,,,,
append,1035,2559100,,,,,,
append,1036,2586200,,,,,,
append,1037,2553500,,,,,,
append,1038,2481300,,,,,,
append,1039,2481300,,,,,,
append,1040,2874800,,,,,,
append,1041,2585800,,,,,,
append,1042,2558600,,,,,,
append,1043,2524300,,,,,,
append,1044,2792100,,,,,,
append,1045,2492700,,,,,,
append,1046,2554300,,,,,,
append,1047,3057000,,,,,,
append,1048,2929600,,,,,,
append,1049,2762500,,,,,,
append,1050,2869200,,,,,,
append,1051,2897900,,,,,,
append,1052,3036500,,,,,,
append,1053,2968200,,,,,,
append,1054,2779500,,,,,,
append,1055,2758300,,,,,,
append,1056,2699400,,,,,,
append,1057,2697401,,,,,,
append,1058,2962600,,,,,,
append,1059,2887500,,,,,,
append,1060,2790500,,,,,,
append,1061,2693800,,,,,,
append,1062,2773100,,,,,,
append,1063,2686800,,,,,,
append,1064,2949500,,,,,,
append,1065,2792900,,,,,,
append,1066,2745200,,,,,,
append,1067,2922800,,,,,,
append,1068,2744900,,,,,,
append,1069,2882100,,,,,,
append,1070,3005400,,,,,,
append,1071,3118900,,,,,,
append,1072,3095900,,,,,,
append,1073,2846600,,,,,,
append,1074,2698500,,,,,,
append,1075,2804700,,,,,,
append,1076,2743000,,,,,,
append,1077,2615300,,,,,,
append,1078,2518400,,,,,,
append,1079,2625500,,,,,,
append,1080,2639700,,,,,,
append,1081,2596900,,,,,,
append,1082,2541300,,,,,,
append,1083,2530500,,,,,,
append,1084,2495200,,,,,,
append,1085,2576701,,,,,,
append,1086,2665200,,,,,,
append,1087,2761000,,,,,,
append,1088,2758600,,,,,,
append,1089,2645900,,,,,,
append,1090,2573900,,,,,,
append,1091,2489200,,,,,,
append,1092,2509100,,,,,,
append,1093,2834000,,,,,,
append,1094,2631400,,,,,,
append,1095,2720600,,,,,,
append,1096,2591300,,,,,,
append,1097,2487200,,,,,,
append,1098,2477900,,,,,,
append,1099,2537600,,,,,,
append,1100,2532200,,,,,,
append,1101,2523500,,,,,,
append,1102,2527400,,,,,,
append,1103,2588300,,,,,,
append,1104,2490800,,,,,,
append,1105,2879400,,,,,,
append,1106,2815900,,,,,,
append,1107,2705000,,,,,,
append,1108,2817000,,,,,,
append,1109,2623000,,,,,,
append,1110,2870100,,,,,,
append,1111,3072400,,,,,,
append,1112,2691000,,,,,,
append,1113,2716801,,,,,,
append,1114,8890500,,,,,,
append,1115,2679900,,,,,,
append,1116,2630600,,,,,,
append,1117,2609500,,,,,,
append,1118,2580900,,,,,,
append,1119,2707400,,,,,,
append,1120,2970200,,,,,,
append,1121,2960300,,,,,,
append,1122,2987400,,,,,,
append,1123,2778400,,,,,,
append,1124,2785900,,,,,,
append,1125,2808400,,,,,,
append,1126,2844600,,,,,,
append,1127,2792900,,,,,,
append,1128,2789600,,,,,,
append,1129,2840500,,,,,,
append,1130,2905800,,,,,,
append,1131,2900600,,,,,,
append,1132,2793200,,,,,,
append,1133,3081800,,,,,,
append,1134,3013900,,,,,,
append,1135,2707200,,,,,,
append,1136,2844200,,,,,,
append,1137,2839400,,,,,,
append,1138,2797501,,,,,,
append,1139,2710200,,,,,,
append,1140,2664800,,,,,,
append,1141,2829500,,,,,,
append,1142,2990100,,,,,,
append,1143,2855200,,,,,,
append,1144,2724400,,,,,,
append,1145,2693900,,,,,,
append,1146,2723600,,,,,,
append,1147,2863300,,,,,,
append,1148,3098000,,,,,,
append,1149,3144400,,,,,,
append,1150,2962700,,,,,,
append,1151,2713200,,,,,,
append,1152,2736700,,,,,,
append,1153,2920900,,,,,,
append,1154,2961800,,,,,,
append,1155,3040700,,,,,,
append,1156,2791900,,,,,,
append,1157,2708100,,,,,,
append,1158,2914900,,,,,,
append,1159,2927300,,,,,,
append,1160,2740500,,,,,,
append,1161,2728000,,,,,,
append,1162,2707700,,,,,,
append,1163,2736100,,,,,,
append,1164,3042600,,,,,,
append,1165,2874801,,,,,,
append,1166,2824400,,,,,,
append,1167,2705300,,,,,,
append,1168,2722000,,,,,,
append,1169,2725500,,,,,,
append,1170,2871200,,,,,,
append,1171,2676200,,,,,,
append,1172,2740300,,,,,,
append,1173,2639500,,,,,,
append,1174,2734300,,,,,,
append,1175,3075600,,,,,,
append,1176,3108500,,,,,,
append,1177,3565700,,,,,,
append,1178,4079000,,,,,,
append,1179,3242700,,,,,,
append,1180,2891400,,,,,,
append,1181,3082000,,,,,,
append,1182,3206100,,,,,,
append,1183,3068500,,,,,,
append,1184,2780100,,,,,,
append,1185,3040500,,,,,,
append,1186,2897500,,,,,,
append,1187,3009200,,,,,,
append,1188,2787800,,,,,,
append,1189,2555100,,,,,,
append,1190,2532900,,,,,,
append,1191,2618501,,,,,,
append,1192,2541400,,,,,,
append,1193,2697900,,,,,,
append,1194,2501700,,,,,,
append,1195,2623100,,,,,,
append,1196,2646200,,,,,,
append,1197,3376300,,,,,,
append,1198,2938600,,,,,,
append,1199,2695800,,,,,,
append,1200,2681800,,,,,,
append,1201,2581000,,,,,,
append,1202,2637500,,,,,,
append,1203,2661201,,,,,,
append,1204,2669900,,,,,,
append,1205,2834400,,,,,,
append,1206,2632100,,,,,,
append,1207,2661500,,,,,,
append,1208,2726900,,,,,,
append,1209,2830200,,,,,,
append,1210,3027701,,,,,,
append,1211,2623500,,,,,,
append,1212,2547400,,,,,,
append,1213,2566100,,,,,,
append,1214,2619200,,,,,,
append,1215,2594300,,,,,,
append,1216,2526401,,,,,,
append,1217,2537400,,,,,,
append,1218,2719500,,,,,,
append,1219,2541300,,,,,,
append,1220,2621300,,,,,,
append,1221,2584700,,,,,,
append,1222,2693300,,,,,,
append,1223,2523301,,,,,,
append,1224,2605000,,,,,,
append,1225,2770900,,,,,,
append,1226,2990200,,,,,,
append,1227,2788900,,,,,,
append,1228,2561800,,,,,,
append,1229,2500700,,,,,,
append,1230,2686901,,,,,,
append,1231,2600200,,,,,,
append,1232,2654800,,,,,,
append,1233,2605000,,,,,,
append,1234,2588100,,,,,,
append,1235,2506700,,,,,,
append,1236,2508600,,,,,,
append,1237,2600201,,,,,,
append,1238,2464100,,,,,,
append,1239,2561400,,,,,,
append,1240,2513000,,,,,,
append,1241,2682900,,,,,,
append,1242,2708800,,,,,,
append,1243,2679600,,,,,,
append,1244,2732601,,,,,,
append,1245,2867600,,,,,,
append,1246,2745300,,,,,,
append,1247,2715400,,,,,,
append,1248,2686100,,,,,,
append,1249,2717700,,,,,,
append,1250,2700501,,,,,,
append,1251,2688500,,,,,,
append,1252,2708000,,,,,,
append,1253,2690900,,,,,,
append,1254,2701400,,,,,,
append,1255,2678400,,,,,,
append,1256,2864300,,,,,,
append,1257,2756801,,,,,,
append,1258,2609600,,,,,,
append,1259,2627700,,,,,,
append,1260,2676300,,,,,,
append,1261,2645000,,,,,,
append,1262,2850500,,,,,,
append,1263,2995700,,,,,,
append,1264,2686801,,,,,,
append,1265,2607300,,,,,,
append,1266,2612400,,,,,,
append,1267,2617000,,,,,,
append,1268,2868300,,,,,,
append,1269,2745800,,,,,,
append,1270,2731701,,,,,,
append,1271,2631400,,,,,,
append,1272,2563600,,,,,,
append,1273,2528900,,,,,,
append,1274,2760300,,,,,,
append,1275,2554800,,,,,,
append,1276,2565500,,,,,,
append,1277,2561201,,,,,,
append,1278,2588400,,,,,,
append,1279,2562500,,,,,,
append,1280,2943800,,,,,,
append,1281,2614200,,,,,,
append,1282,2714500,,,,,,
append,1283,2526400,,,,,,
append,1284,2702401,,,,,,
append,1285,2620800,,,,,,
append,1286,2885300,,,,,,
append,1287,2831800,,,,,,
append,1288,2694100,,,,,,
append,1289,2497700,,,,,,
append,1290,2496500,,,,,,
append,1291,2599301,,,,,,
append,1292,2682200,,,,,,
append,1293,2547100,,,,,,
append,1294,2644500,,,,,,
append,1295,2862600,,,,,,
append,1296,2716300,,,,,,
append,1297,2787201,,,,,,
append,1298,2792600,,,,,,
append,1299,2727900,,,,,,
append,1300,2640900,,,,,,
append,1301,2736900,,,,,,
append,1302,2569200,,,,,,
append,1303,2834900,,,,,,
append,1304,2665501,,,,,,
append,1305,2615000,,,,,,
append,1306,2919000,,,,,,
append,1307,2958000,,,,,,
append,1308,2609700,,,,,,
append,1309,2695800,,,,,,
append,1310,2563201,,,,,,
append,1311,2617200,,,,,,
append,1312,2658700,,,,,,
append,1313,2587900,,,,,,
append,1314,2544500,,,,,,
append,1315,2628800,,,,,,
append,1316,2494800,,,,,,
append,1317,2527801,,,,,,
append,1318,2685700,,,,,,
append,1319,2563500,,,,,,
append,1320,2569900,,,,,,
append,1321,2678100,,,,,,
append,1322,2607100,,,,,,
append,1323,2651900,,,,,,
append,1324,2738501,,,,,,
append,1325,2560000,,,,,,
append,1326,2553500,,,,,,
append,1327,2892200,,,,,,
append,1328,2869000,,,,,,
append,1329,2795500,,,,,,
append,1330,2715300,,,,,,
append,1331,2727801,,,,,,
append,1332,2667000,,,,,,
append,1333,2706700,,,,,,
append,1334,2582600,,,,,,
append,1335,2635400,,,,,,
append,1336,2749300,,,,,,
append,1337,2556600,,,,,,
append,1338,2590501,,,,,,
append,1339,2517100,,,,,,
append,1340,2509900,,,,,,
append,1341,2517400,,,,,,
append,1342,2666400,,,,,,
append,1343,2624100,,,,,,
append,1344,2518800,,,,,,
append,1345,3253801,,,,,,
append,1346,2721200,,,,,,
append,1347,2603500,,,,,,
append,1348,2545900,,,,,,
append,1349,2624400,,,,,,
append,1350,2813300,,,,,,
append,1351,2894701,,,,,,
append,1352,2539900,,,,,,
append,1353,2567000,,,,,,
append,1354,2491400,,,,,,
append,1355,2569700,,,,,,
append,1356,2618300,,,,,,
append,1357,2825000,,,,,,
append,1358,2581901,,,,,,
append,1359,2554800,,,,,,
append,1360,2562600,,,,,,
append,1361,2554700,,,,,,
append,1362,2693700,,,,,,
append,1363,2614000,,,,,,
append,1364,2468800,,,,,,
append,1365,2511901,,,,,,
append,1366,2464100,,,,,,
append,1367,2627100,,,,,,
append,1368,2881200,,,,,,
append,1369,2877600,,,,,,
append,1370,2831300,,,,,,
append,1371,2520700,,,,,,
append,1372,2480001,,,,,,
append,1373,2475100,,,,,,
append,1374,2644400,,,,,,
append,1375,2496100,,,,,,
append,1376,2466400,,,,,,
append,1377,2450300,,,,,,
append,1378,2430500,,,,,,
append,1379,2507601,,,,,,
append,1380,2585700,,,,,,
append,1381,3005600,,,,,,
append,1382,2837400,,,,,,
append,1383,2696000,,,,,,
append,1384,2736600,,,,,,
append,1385,2685601,,,,,,
append,1386,2980400,,,,,,
append,1387,3501700,,,,,,
append,1388,3094400,,,,,,
append,1389,2841600,,,,,,
append,1390,2668700,,,,,,
append,1391,2621201,,,,,,
append,1392,2638900,,,,,,
append,1393,2632900,,,,,,
append,1394,2719900,,,,,,
append,1395,2553300,,,,,,
append,1396,2536100,,,,,,
append,1397,2461800,,,,,,
append,1398,2790601,,,,,,
append,1399,5861000,,,,,,
append,1400,3221900,,,,,,
append,1401,3924200,,,,,,
append,1402,2983500,,,,,,
append,1403,2660801,,,,,,
append,1404,2922400,,,,,,
append,1405,3058300,,,,,,
append,1406,2904600,,,,,,
append,1407,2932000,,,,,,
append,1408,3147800,,,,,,
append,1409,2894401,,,,,,
append,1410,2844500,,,,,,
append,1411,2876100,,,,,,
append,1412,2987500,,,,,,
append,1413,3227100,,,,,,
append,1414,2991400,,,,,,
append,1415,2907201,,,,,,
append,1416,2858400,,,,,,
append,1417,2940000,,,,,,
append,1418,2926100,,,,,,
append,1419,2996700,,,,,,
append,1420,3021600,,,,,,
append,1421,3199901,,,,,,
append,1422,2685600,,,,,,
append,1423,7417800,,,,,,
append,1424,2842200,,,,,,
append,1425,3252500,,,,,,
append,1426,2856901,,,,,,
append,1427,2819400,,,,,,
append,1428,2999300,,,,,,
append,1429,3003400,,,,,,
append,1430,2863800,,,,,,
append,1431,2807400,,,,,,
append,1432,2770601,,,,,,
append,1433,3016000,,,,,,
append,1434,2980700,,,,,,
append,1435,2829400,,,,,,
append,1436,2884400,,,,,,
append,1437,2851000,,,,,,
append,1438,2894901,,,,,,
append,1439,3448300,,,,,,
append,1440,2958500,,,,,,
append,1441,2797300,,,,,,
append,1442,2766700,,,,,,
append,1443,2731000,,,,,,
append,1444,2851501,,,,,,
append,1445,2759700,,,,,,
append,1446,2716700,,,,,,
append,1447,2911000,,,,,,
append,1448,2806600,,,,,,
append,1449,2727500,,,,,,
append,1450,3198400,,,,,,
append,1451,3013201,,,,,,
append,1452,2818600,,,,,,
append,1453,3024700,,,,,,
append,1454,2917100,,,,,,
append,1455,3027100,,,,,,
append,1456,3009400,,,,,,
append,1457,2877901,,,,,,
append,1458,2599800,,,,,,
append,1459,2707300,,,,,,
append,1460,3128000,,,,,,
append,1461,3054600,,,,,,
append,1462,2577800,,,,,,
append,1463,2667701,,,,,,
append,1464,2594500,,,,,,
append,1465,2614800,,,,,,
append,1466,2872600,,,,,,
append,1467,2941100,,,,,,
append,1468,2712600,,,,,,
append,1469,2637500,,,,,,
append,1470,2656801,,,,,,
append,1471,2733500,,,,,,
append,1472,2684700,,,,,,
append,1473,2588600,,,,,,
append,1474,3116700,,,,,,
append,1475,2938400,,,,,,
append,1476,2741101,,,,,,
append,1477,2887500,,,,,,
append,1478,3365400,,,,,,
append,1479,2829700,,,,,,
append,1480,2783800,,,,,,
append,1481,2617100,,,,,,
append,1482,2648201,,,,,,
append,1483,2720400,,,,,,
append,1484,2902500,,,,,,
append,1485,2698400,,,,,,
append,1486,2567000,,,,,,
append,1487,2523500,,,,,,
append,1488,2606300,,,,,,
append,1489,2939501,,,,,,
append,1490,2626400,,,,,,
append,1491,2601300,,,,,,
append,1492,2590600,,,,,,
append,1493,2566500,,,,,,
append,1494,2606100,,,,,,
append,1495,2834600,,,,,,
append,1496,2586901,,,,,,
append,1497,2562200,,,,,,
append,1498,2541500,,,,,,
append,1499,2554900,,,,,,
append,1500,2662600,,,,,,
append,1501,3176300,,,,,,
append,1502,2624201,,,,,,
append,1503,2613300,,,,,,
append,1504,2557100,,,,,,
append,1505,2565000,,,,,,
append,1506,2612000,,,,,,
append,1507,2839300,,,,,,
append,1508,2629400,,,,,,
append,1509,2560901,,,,,,
append,1510,2500600,,,,,,
append,1511,2507600,,,,,,
append,1512,2627300,,,,,,
append,1513,3044500,,,,,,
append,1514,2703100,,,,,,
append,1515,2659700,,,,,,
append,1516,2612501,,,,,,
append,1517,2636800,,,,,,
append,1518,2715700,,,,,,
append,1519,2772300,,,,,,
append,1520,2709500,,,,,,
append,1521,2630800,,,,,,
append,1522,2636300,,,,,,
append,1523,2721801,,,,,,
append,1524,2638200,,,,,,
append,1525,2709300,,,,,,
append,1526,2688600,,,,,,
append,1527,2795400,,,,,,
append,1528,2682400,,,,,,
append,1529,2633101,,,,,,
append,1530,2781900,,,,,,
append,1531,3135000,,,,,,
append,1532,2854200,,,,,,
append,1533,2929100,,,,,,
append,1534,2573900,,,,,,
append,1535,2546400,,,,,,
append,1536,2725001,,,,,,
append,1537,2662300,,,,,,
append,1538,2593300,,,,,,
append,1539,2684600,,,,,,
append,1540,3034400,,,,,,
append,1541,2715900,,,,,,
append,1542,2956701,,,,,,
append,1543,2870900,,,,,,
append,1544,2988400,,,,,,
append,1545,2991200,,,,,,
append,1546,2721400,,,,,,
append,1547,2707800,,,,,,
append,1548,3005800,,,,,,
append,1549,4039301,,,,,,
append,1550,3344900,,,,,,
append,1551,2742600,,,,,,
append,1552,2768000,,,,,,
append,1553,2901300,,,,,,
append,1554,2752301,,,,,,
append,1555,2723600,,,,,,
append,1556,2733700,,,,,,
append,1557,2714500,,,,,,
append,1558,3068100,,,,,,
append,1559,3102700,,,,,,
append,1560,2976000,,,,,,
append,1561,2947201,,,,,,
append,1562,2795500,,,,,,
append,1563,2788200,,,,,,
append,1564,3258300,,,,,,
append,1565,2790800,,,,,,
append,1566,2792200,,,,,,
append,1567,2778201,,,,,,
append,1568,2814100,,,,,,
append,1569,2905700,,,,,,
append,1570,2857000,,,,,,
append,1571,2742100,,,,,,
append,1572,2803000,,,,,,
append,1573,2914701,,,,,,
append,1574,2920400,,,,,,
append,1575,2946200,,,,,,
append,1576,2838500,,,,,,
append,1577,2774800,,,,,,
append,1578,2893400,,,,,,
append,1579,2921601,,,,,,
append,1580,3199000,,,,,,
append,1581,2955500,,,,,,
append,1582,2889600,,,,,,
append,1583,3192200,,,,,,
append,1584,2924400,,,,,,
append,1585,3002801,,,,,,
append,1586,3010000,,,,,,
append,1587,2986300,,,,,,
append,1588,2850500,,,,,,
append,1589,2727600,,,,,,
append,1590,2845200,,,,,,
append,1591,7942001,,,,,,
append,1592,2749700,,,,,,
append,1593,2729200,,,,,,
append,1594,2917600,,,,,,
append,1595,3331300,,,,,,
append,1596,2784701,,,,,,
append,1597,2697700,,,,,,
append,1598,2705500,,,,,,
append,1599,2712800,,,,,,
append,1600,3097700,,,,,,
append,1601,2827600,,,,,,
append,1602,2734801,,,,,,
append,1603,2746600,,,,,,
append,1604,2733900,,,,,,
append,1605,3064700,,,,,,
append,1606,3133400,,,,,,
append,1607,2711700,,,,,,
append,1608,2634000,,,,,,
append,1609,2669201,,,,,,
append,1610,2716200,,,,,,
append,1611,2976500,,,,,,
append,1612,3071200,,,,,,
append,1613,3497600,,,,,,
append,1614,3087000,,,,,,
append,1615,2754601,,,,,,
append,1616,2860400,,,,,,
append,1617,2939600,,,,,,
append,1618,2785800,,,,,,
append,1619,2944000,,,,,,
append,1620,2839900,,,,,,
append,1621,2801601,,,,,,
append,1622,2843100,,,,,,
append,1623,2832600,,,,,,
append,1624,2764500,,,,,,
append,1625,2739400,,,,,,
append,1626,2726700,,,,,,
append,1627,2808201,,,,,,
append,1628,2902800,,,,,,
append,1629,2892500,,,,,,
append,1630,2741600,,,,,,
append,1631,2851100,,,,,,
append,1632,2769900,,,,,,
append,1633,3016100,,,,,,
append,1634,3361101,,,,,,
append,1635,3137000,,,,,,
append,1636,2902600,,,,,,
append,1637,2719000,,,,,,
append,1638,2745000,,,,,,
append,1639,2960800,,,,,,
append,1640,2918801,,,,,,
append,1641,2788800,,,,,,
append,1642,2727100,,,,,,
append,1643,2660700,,,,,,
append,1644,2757000,,,,,,
append,1645,2727000,,,,,,
append,1646,2700601,,,,,,
append,1647,2692500,,,,,,
append,1648,2719600,,,,,,
append,1649,2701300,,,,,,
append,1650,3153100,,,,,,
append,1651,3300100,,,,,,
append,1652,3022601,,,,,,
append,1653,2869500,,,,,,
append,1654,2737500,,,,,,
append,1655,2859800,,,,,,
append,1656,2941700,,,,,,
append,1657,2809500,,,,,,
append,1658,3174801,,,,,,
append,1659,2774900,,,,,,
append,1660,2770700,,,,,,
append,1661,3115300,,,,,,
append,1662,3000000,,,,,,
append,1663,2960200,,,,,,
append,1664,2809700,,,,,,
append,1665,2843101,,,,,,
append,1666,3100000,,,,,,
append,1667,2933000,,,,,,
append,1668,2942300,,,,,,
append,1669,2937600,,,,,,
append,1670,2814000,,,,,,
append,1671,2853801,,,,,,
append,1672,2983700,,,,,,
append,1673,2910000,,,,,,
append,1674,2891000,,,,,,
append,1675,3019000,,,,,,
append,1676,3010800,,,,,,
append,1677,3179901,,,,,,
append,1678,2945100,,,,,,
append,1679,2789100,,,,,,
append,1680,2739900,,,,,,
append,1681,2741100,,,,,,
append,1682,2890300,,,,,,
append,1683,3199401,,,,,,
append,1684,2976400,,,,,,
append,1685,2890400,,,,,,
append,1686,2635300,,,,,,
append,1687,2683300,,,,,,
append,1688,2990700,,,,,,
append,1689,3027401,,,,,,
append,1690,2725200,,,,,,
append,1691,2569900,,,,,,
append,1692,2704100,,,,,,
append,1693,2631200,,,,,,
append,1694,2648900,,,,,,
append,1695,2581700,,,,,,
append,1696,2533401,,,,,,
append,1697,2489300,,,,,,
append,1698,2478800,,,,,,
append,1699,2721300,,,,,,
append,1700,2873700,,,,,,
append,1701,2742500,,,,,,
append,1702,2636000,,,,,,
append,1703,2563001,,,,,,
append,1704,2570400,,,,,,
append,1705,2607000,,,,,,
append,1706,2893900,,,,,,
append,1707,2762200,,,,,,
append,1708,2696000,,,,,,
append,1709,2685000,,,,,,
append,1710,2656701,,,,,,
append,1711,3029800,,,,,,
append,1712,2864700,,,,,,
append,1713,2703000,,,,,,
append,1714,2752000,,,,,,
append,1715,2784700,,,,,,
append,1716,2842901,,,,,,
append,1717,3326300,,,,,,
append,1718,3527800,,,,,,
append,1719,2836200,,,,,,
append,1720,2683100,,,,,,
append,1721,2661000,,,,,,
append,1722,2880201,,,,,,
append,1723,3471800,,,,,,
append,1724,3370600,,,,,,
append,1725,3039400,,,,,,
append,1726,3758500,,,,,,
append,1727,3087501,,,,,,
append,1728,3212900,,,,,,
append,1729,3007800,,,,,,
append,1730,3476400,,,,,,
append,1731,3279600,,,,,,
append,1732,3131400,,,,,,
append,1733,3107501,,,,,,
append,1734,2844100,,,,,,
append,1735,2887700,,,,,,
append,1736,2936100,,,,,,
append,1737,3198800,,,,,,
append,1738,3679700,,,,,,
append,1739,3028401,,,,,,
append,1740,2973000,,,,,,
append,1741,2937400,,,,,,
append,1742,2849300,,,,,,
append,1743,2875600,,,,,,
append,1744,3040300,,,,,,
append,1745,2884401,,,,,,
append,1746,2978100,,,,,,
append,1747,2847500,,,,,,
append,1748,3441600,,,,,,
append,1749,3242800,,,,,,
append,1750,3024800,,,,,,
append,1751,3191001,,,,,,
append,1752,3230000,,,,,,
append,1753,3262300,,,,,,
append,1754,3241500,,,,,,
append,1755,3354300,,,,,,
append,1756,3686101,,,,,,
append,1757,3102800,,,,,,
append,1758,3392000,,,,,,
append,1759,3054900,,,,,,
append,1760,3359100,,,,,,
append,1761,3720801,,,,,,
append,1762,3453200,,,,,,
append,1763,3818900,,,,,,
append,1764,3685100,,,,,,
append,1765,3161800,,,,,,
append,1766,3254800,,,,,,
append,1767,3333601,,,,,,
append,1768,3269900,,,,,,
append,1769,3256600,,,,,,
append,1770,2995100,,,,,,
append,1771,3127400,,,,,,
append,1772,6770701,,,,,,
append,1773,3496400,,,,,,
append,1774,3291100,,,,,,
append,1775,3072200,,,,,,
append,1776,3613000,,,,,,
append,1777,3558501,,,,,,
append,1778,3740400,,,,,,
append,1779,3336800,,,,,,
append,1780,3769900,,,,,,
append,1781,3541900,,,,,,
append,1782,3677001,,,,,,
append,1783,3577200,,,,,,
append,1784,3749600,,,,,,
append,1785,3814000,,,,,,
append,1786,3622501,,,,,,
append,1787,3370100,,,,,,
append,1788,3303000,,,,,,
append,1789,3715700,,,,,,
append,1790,4066000,,,,,,
append,1791,3474201,,,,,,
append,1792,3686700,,,,,,
append,1793,3273000,,,,,,
append,1794,3137200,,,,,,
append,1795,3361800,,,,,,
append,1796,3343400,,,,,,
append,1797,4658201,,,,,,
append,1798,4765200,,,,,,
append,1799,4428100,,,,,,
append,1800,3507300,,,,,,
append,1801,3194301,,,,,,
append,1802,3425600,,,,,,
append,1803,4046600,,,,,,
append,1804,8371000,,,,,,
append,1805,3934101,,,,,,
append,1806,5897300,,,,,,
append,1807,4113100,,,,,,
append,1808,4417601,,,,,,
append,1809,4941200,,,,,,
append,1810,3917600,,,,,,
append,1811,4112600,,,,,,
append,1812,4311500,,,,,,
append,1813,4703001,,,,,,
append,1814,5587400,,,,,,
append,1815,5769200,,,,,,
append,1816,4023601,,,,,,
append,1817,3974700,,,,,,
append,1818,4022100,,,,,,
append,1819,5040600,,,,,,
append,1820,4395401,,,,,,
append,1821,4033800,,,,,,
append,1822,3859400,,,,,,
append,1823,3821100,,,,,,
append,1824,4423300,,,,,,
append,1825,3851201,,,,,,
append,1826,3589000,,,,,,
append,1827,3657500,,,,,,
append,1828,3611300,,,,,,
append,1829,3868800,,,,,,
append,1830,3840201,,,,,,
append,1831,3655300,,,,,,
append,1832,3181700,,,,,,
append,1833,3494400,,,,,,
append,1834,3272400,,,,,,
append,1835,3356601,,,,,,
append,1836,3496100,,,,,,
append,1837,3051800,,,,,,
append,1838,3123500,,,,,,
append,1839,3339800,,,,,,
append,1840,3249501,,,,,,
append,1841,3184300,,,,,,
append,1842,3380900,,,,,,
append,1843,3541800,,,,,,
append,1844,3268700,,,,,,
append,1845,3689301,,,,,,
append,1846,3091800,,,,,,
append,1847,3389100,,,,,,
append,1848,3364500,,,,,,
append,1849,3216600,,,,,,
append,1850,3770900,,,,,,
append,1851,3115501,,,,,,
append,1852,3147300,,,,,,
append,1853,2927700,,,,,,
append,1854,3262500,,,,,,
append,1855,3345300,,,,,,
append,1856,3228101,,,,,,
append,1857,3783700,,,,,,
append,1858,4207400,,,,,,
append,1859,3652200,,,,,,
append,1860,3153000,,,,,,
append,1861,3380201,,,,,,
append,1862,3290900,,,,,,
append,1863,4461500,,,,,,
append,1864,3684500,,,,,,
append,1865,3356900,,,,,,
append,1866,2868401,,,,,,
append,1867,3080300,,,,,,
append,1868,3396000,,,,,,
append,1869,3183600,,,,,,
append,1870,3162300,,,,,,
append,1871,3840200,,,,,,
append,1872,3189601,,,,,,
append,1873,3008000,,,,,,
append,1874,2972000,,,,,,
append,1875,2847500,,,,,,
append,1876,2926000,,,,,,
append,1877,2799600,,,,,,
append,1878,2966301,,,,,,
append,1879,2745400,,,,,,
append,1880,2735800,,,,,,
append,1881,2749500,,,,,,
append,1882,3200500,,,,,,
append,1883,2848100,,,,,,
append,1884,2860801,,,,,,
append,1885,2754700,,,,,,
append,1886,2758500,,,,,,
append,1887,2733900,,,,,,
append,1888,3178600,,,,,,
append,1889,3406000,,,,,,
append,1890,3224201,,,,,,
append,1891,3262100,,,,,,
append,1892,3290800,,,,,,
append,1893,2935900,,,,,,
append,1894,3112400,,,,,,
append,1895,2795100,,,,,,
append,1896,2741101,,,,,,
append,1897,2731700,,,,,,
append,1898,2885600,,,,,,
append,1899,3047100,,,,,,
append,1900,3559000,,,,,,
append,1901,3056200,,,,,,
append,1902,2741501,,,,,,
append,1903,3022800,,,,,,
append,1904,3269000,,,,,,
append,1905,2991300,,,,,,
append,1906,3027900,,,,,,
append,1907,2869100,,,,,,
append,1908,2894101,,,,,,
append,1909,2805500,,,,,,
append,1910,3447400,,,,,,
append,1911,3326800,,,,,,
append,1912,3019000,,,,,,
append,1913,3185500,,,,,,
append,1914,3061501,,,,,,
append,1915,3139900,,,,,,
append,1916,3003100,,,,,,
append,1917,2982800,,,,,,
append,1918,2844400,,,,,,
append,1919,2922800,,,,,,
append,1920,3064001,,,,,,
append,1921,3185500,,,,,,
append,1922,2966000,,,,,,
append,1923,3072200,,,,,,
append,1924,2950900,,,,,,
append,1925,2983100,,,,,,
append,1926,2861201,,,,,,
append,1927,2864900,,,,,,
append,1928,3088400,,,,,,
append,1929,3028600,,,,,,
append,1930,2808900,,,,,,
append,1931,2968500,,,,,,
append,1932,3157401,,,,,,
append,1933,2852000,,,,,,
append,1934,7141500,,,,,,
append,1935,14178501,,,,,,
append,1936,13815401,,,,,,
append,1937,2941900,,,,,,
append,1938,2877800,,,,,,
append,1939,2786700,,,,,,
append,1940,2763600,,,,,,
append,1941,2640301,,,,,,
append,1942,2804900,,,,,,
append,1943,2959300,,,,,,
append,1944,3274800,,,,,,
append,1945,2971200,,,,,,
append,1946,2848500,,,,,,
append,1947,2789300,,,,,,
append,1948,3572601,,,,,,
append,1949,3258700,,,,,,
append,1950,2872000,,,,,,
append,1951,2887200,,,,,,
append,1952,3034000,,,,,,
append,1953,3474101,,,,,,
append,1954,3288700,,,,,,
append,1955,3233700,,,,,,
append,1956,3088600,,,,,,
append,1957,3421000,,,,,,
append,1958,4069601,,,,,,
append,1959,3476200,,,,,,
append,1960,3799400,,,,,,
append,1961,3100300,,,,,,
append,1962,3460100,,,,,,
append,1963,3371900,,,,,,
append,1964,3249601,,,,,,
append,1965,3384300,,,,,,
append,1966,3660500,,,,,,
append,1967,3276800,,,,,,
append,1968,3240900,,,,,,
append,1969,3404601,,,,,,
append,1970,3393400,,,,,,
append,1971,3154500,,,,,,
append,1972,3590900,,,,,,
append,1973,3421000,,,,,,
append,1974,3246901,,,,,,
append,1975,3180500,,,,,,
append,1976,3660100,,,,,,
append,1977,3387100,,,,,,
append,1978,3232500,,,,,,
append,1979,2976200,,,,,,
append,1980,2964301,,,,,,
append,1981,3631700,,,,,,
append,1982,3602100,,,,,,
append,1983,3417100,,,,,,
append,1984,3280000,,,,,,
append,1985,3056401,,,,,,
append,1986,4934700,,,,,,
append,1987,3416300,,,,,,
append,1988,2934100,,,,,,
append,1989,3028700,,,,,,
append,1990,3144801,,,,,,
append,1991,3705300,,,,,,
append,1992,3347700,,,,,,
append,1993,3863800,,,,,,
append,1994,3015500,,,,,,
append,1995,2991000,,,,,,
append,1996,3297301,,,,,,
append,1997,2927700,,,,,,
append,1998,2861500,,,,,,
append,1999,2780900,,,,,,
append,2000,2665000,,,,,,
ingest,,5914315681,2000,28,296000,2392,,
