phase,event_index,elapsed_ns,events,full_rejections,file_bytes,peak_rss_kib,alloc_calls,alloc_requested_bytes
append,1,13286900,,,,,,
append,2,4098600,,,,,,
append,3,7944500,,,,,,
append,4,7983501,,,,,,
append,5,3922500,,,,,,
append,6,9969300,,,,,,
append,7,12257900,,,,,,
append,8,9836500,,,,,,
append,9,8005900,,,,,,
append,10,7991501,,,,,,
append,11,6698700,,,,,,
append,12,4466400,,,,,,
append,13,8828000,,,,,,
append,14,12030500,,,,,,
append,15,7973100,,,,,,
append,16,4021900,,,,,,
append,17,4583501,,,,,,
append,18,6003900,,,,,,
append,19,5111300,,,,,,
append,20,8284900,,,,,,
append,21,7461400,,,,,,
append,22,8219000,,,,,,
append,23,8295100,,,,,,
append,24,12016001,,,,,,
append,25,7997000,,,,,,
append,26,8077600,,,,,,
append,27,7355700,,,,,,
append,28,7752000,,,,,,
append,29,8831700,,,,,,
append,30,16412801,,,,,,
append,31,6213400,,,,,,
append,32,9351800,,,,,,
append,33,4002400,,,,,,
append,34,6349400,,,,,,
append,35,15436900,,,,,,
append,36,10215001,,,,,,
append,37,7981500,,,,,,
append,38,8038500,,,,,,
append,39,4632700,,,,,,
append,40,6316500,,,,,,
append,41,7536000,,,,,,
append,42,4522300,,,,,,
append,43,10891801,,,,,,
append,44,12031200,,,,,,
append,45,6021800,,,,,,
append,46,7992900,,,,,,
append,47,7999600,,,,,,
append,48,8000800,,,,,,
append,49,8014901,,,,,,
append,50,8011500,,,,,,
append,51,6782000,,,,,,
append,52,11043100,,,,,,
append,53,6146100,,,,,,
append,54,7992900,,,,,,
append,55,7980801,,,,,,
append,56,13663300,,,,,,
append,57,5341700,,,,,,
append,58,3866400,,,,,,
append,59,3576600,,,,,,
append,60,3459900,,,,,,
append,61,3837900,,,,,,
append,62,4308200,,,,,,
append,63,4302100,,,,,,
append,64,4649800,,,,,,
append,65,4016201,,,,,,
append,66,4043900,,,,,,
append,67,4263900,,,,,,
append,68,6934000,,,,,,
append,69,4287400,,,,,,
append,70,3926700,,,,,,
append,71,4050000,,,,,,
append,72,7988300,,,,,,
append,73,8167100,,,,,,
append,74,5891800,,,,,,
append,75,4572901,,,,,,
append,76,3613200,,,,,,
append,77,3512000,,,,,,
append,78,4035600,,,,,,
append,79,3887900,,,,,,
append,80,9413700,,,,,,
append,81,4058800,,,,,,
append,82,5111700,,,,,,
append,83,4616200,,,,,,
append,84,4176600,,,,,,
append,85,4157900,,,,,,
append,86,4115401,,,,,,
append,87,4772600,,,,,,
append,88,4469600,,,,,,
append,89,8899100,,,,,,
append,90,3961400,,,,,,
append,91,3823500,,,,,,
append,92,4059300,,,,,,
append,93,13861500,,,,,,
append,94,3738100,,,,,,
append,95,11090701,,,,,,
append,96,7237200,,,,,,
append,97,6174100,,,,,,
append,98,8001600,,,,,,
append,99,3980600,,,,,,
append,100,5871100,,,,,,
append,101,6136800,,,,,,
append,102,6982801,,,,,,
append,103,9028300,,,,,,
append,104,3604100,,,,,,
append,105,3698600,,,,,,
append,106,12038500,,,,,,
append,107,8644500,,,,,,
append,108,7991000,,,,,,
append,109,5985501,,,,,,
append,110,14014200,,,,,,
append,111,7998200,,,,,,
append,112,7995100,,,,,,
append,113,13023300,,,,,,
append,114,14983201,,,,,,
append,115,8582100,,,,,,
append,116,6677800,,,,,,
append,117,13495200,,,,,,
append,118,11255600,,,,,,
append,119,6613401,,,,,,
append,120,7032800,,,,,,
append,121,13173600,,,,,,
append,122,9643100,,,,,,
append,123,11529500,,,,,,
append,124,11980301,,,,,,
append,125,7999300,,,,,,
append,126,9511500,,,,,,
append,127,3997300,,,,,,
append,128,3680500,,,,,,
append,129,4922000,,,,,,
append,130,4698000,,,,,,
append,131,4229700,,,,,,
append,132,3942100,,,,,,
append,133,5262801,,,,,,
append,134,7682400,,,,,,
append,135,4605100,,,,,,
append,136,4687400,,,,,,
append,137,11922700,,,,,,
append,138,5959200,,,,,,
append,139,3948100,,,,,,
append,140,3754000,,,,,,
append,141,4142000,,,,,,
append,142,5920201,,,,,,
append,143,7555400,,,,,,
append,144,4836700,,,,,,
append,145,6660900,,,,,,
append,146,11991900,,,,,,
append,147,12027900,,,,,,
append,148,4013700,,,,,,
append,149,3689601,,,,,,
append,150,3840500,,,,,,
append,151,4421900,,,,,,
append,152,4058700,,,,,,
append,153,9017300,,,,,,
append,154,5395900,,,,,,
append,155,4331700,,,,,,
append,156,5836600,,,,,,
append,157,7158300,,,,,,
append,158,4513300,,,,,,
append,159,4666401,,,,,,
append,160,7065500,,,,,,
append,161,4209600,,,,,,
append,162,7065800,,,,,,
append,163,4200200,,,,,,
append,164,6013700,,,,,,
append,165,4786000,,,,,,
append,166,4147800,,,,,,
append,167,4240500,,,,,,
append,168,3921600,,,,,,
append,169,4244901,,,,,,
append,170,4715300,,,,,,
append,171,4395500,,,,,,
append,172,4015300,,,,,,
append,173,4094300,,,,,,
append,174,4997200,,,,,,
append,175,4141100,,,,,,
append,176,4298800,,,,,,
append,177,4537800,,,,,,
append,178,4108600,,,,,,
append,179,5146800,,,,,,
append,180,3918300,,,,,,
append,181,4515201,,,,,,
append,182,3985900,,,,,,
append,183,3923100,,,,,,
append,184,4161300,,,,,,
append,185,7189900,,,,,,
append,186,4755500,,,,,,
append,187,4236500,,,,,,
append,188,3995100,,,,,,
append,189,3807200,,,,,,
append,190,3758300,,,,,,
append,191,3758900,,,,,,
append,192,3942300,,,,,,
append,193,4232601,,,,,,
append,194,4217800,,,,,,
append,195,3864800,,,,,,
append,196,3705100,,,,,,
append,197,3985300,,,,,,
append,198,4036500,,,,,,
append,199,3995500,,,,,,
append,200,3760000,,,,,,
append,201,3498900,,,,,,
append,202,3431100,,,,,,
append,203,4090200,,,,,,
append,204,4128300,,,,,,
append,205,4140300,,,,,,
append,206,4023701,,,,,,
append,207,3841100,,,,,,
append,208,3742400,,,,,,
append,209,3674600,,,,,,
append,210,4093100,,,,,,
append,211,3932000,,,,,,
append,212,4048700,,,,,,
append,213,3878200,,,,,,
append,214,4114800,,,,,,
append,215,3697300,,,,,,
append,216,3634500,,,,,,
append,217,3724400,,,,,,
append,218,3663600,,,,,,
append,219,3674400,,,,,,
append,220,4037701,,,,,,
append,221,3287400,,,,,,
append,222,3733100,,,,,,
append,223,3956600,,,,,,
append,224,3858500,,,,,,
append,225,3959500,,,,,,
append,226,3525300,,,,,,
append,227,3485800,,,,,,
append,228,3989800,,,,,,
append,229,4044100,,,,,,
append,230,3855300,,,,,,
append,231,3668200,,,,,,
append,232,3875500,,,,,,
append,233,4429101,,,,,,
append,234,4120700,,,,,,
append,235,3501700,,,,,,
append,236,3687200,,,,,,
append,237,3697100,,,,,,
append,238,3837300,,,,,,
append,239,4117600,,,,,,
append,240,4228200,,,,,,
append,241,4245800,,,,,,
append,242,3855500,,,,,,
append,243,3592100,,,,,,
append,244,3832400,,,,,,
append,245,3931200,,,,,,
append,246,4088400,,,,,,
append,247,3620601,,,,,,
append,248,3777700,,,,,,
append,249,3933500,,,,,,
append,250,4178900,,,,,,
append,251,3813800,,,,,,
append,252,3870900,,,,,,
append,253,3646600,,,,,,
append,254,3470900,,,,,,
append,255,3508700,,,,,,
append,256,3292500,,,,,,
append,257,3352000,,,,,,
append,258,3629400,,,,,,
append,259,3550300,,,,,,
append,260,3615100,,,,,,
append,261,6894201,,,,,,
append,262,5207900,,,,,,
append,263,4750000,,,,,,
append,264,4003500,,,,,,
append,265,3537500,,,,,,
append,266,3538600,,,,,,
append,267,8630100,,,,,,
append,268,11454500,,,,,,
append,269,8004201,,,,,,
append,270,11999600,,,,,,
append,271,6169900,,,,,,
append,272,11655900,,,,,,
append,273,6168300,,,,,,
append,274,11976300,,,,,,
append,275,8935601,,,,,,
append,276,11091500,,,,,,
append,277,7998600,,,,,,
append,278,6158900,,,,,,
append,279,8844900,,,,,,
append,280,20994201,,,,,,
append,281,7741000,,,,,,
append,282,7839300,,,,,,
append,283,8408800,,,,,,
append,284,7696700,,,,,,
append,285,3757300,,,,,,
append,286,10761501,,,,,,
append,287,5807600,,,,,,
append,288,11973400,,,,,,
append,289,4081900,,,,,,
append,290,11909800,,,,,,
append,291,7997900,,,,,,
append,292,8008201,,,,,,
append,293,7996100,,,,,,
append,294,7997300,,,,,,
append,295,7992500,,,,,,
append,296,15876300,,,,,,
append,297,8100701,,,,,,
append,298,5689100,,,,,,
append,299,5461300,,,,,,
append,300,4145200,,,,,,
append,301,8065700,,,,,,
append,302,12603500,,,,,,
append,303,6180200,,,,,,
append,304,12298401,,,,,,
append,305,4013900,,,,,,
append,306,4147100,,,,,,
append,307,3888500,,,,,,
append,308,4040600,,,,,,
append,309,4289600,,,,,,
append,310,4145900,,,,,,
append,311,4205700,,,,,,
append,312,4781500,,,,,,
append,313,3457300,,,,,,
append,314,3469600,,,,,,
append,315,3554400,,,,,,
append,316,3558400,,,,,,
append,317,4014101,,,,,,
append,318,4056100,,,,,,
append,319,3785100,,,,,,
append,320,3593300,,,,,,
append,321,3979100,,,,,,
append,322,3815900,,,,,,
append,323,4536800,,,,,,
append,324,4007200,,,,,,
append,325,4516500,,,,,,
append,326,3754800,,,,,,
append,327,3782800,,,,,,
append,328,3328900,,,,,,
append,329,4434900,,,,,,
append,330,4430501,,,,,,
append,331,3549200,,,,,,
append,332,3316300,,,,,,
append,333,3900800,,,,,,
append,334,3617700,,,,,,
append,335,3870500,,,,,,
append,336,3542100,,,,,,
append,337,9465300,,,,,,
append,338,3723900,,,,,,
append,339,3448300,,,,,,
append,340,4588700,,,,,,
append,341,3790400,,,,,,
append,342,3251001,,,,,,
append,343,3062100,,,,,,
append,344,3282800,,,,,,
append,345,6984200,,,,,,
append,346,3612300,,,,,,
append,347,3418100,,,,,,
append,348,3556000,,,,,,
append,349,3497100,,,,,,
append,350,3028500,,,,,,
append,351,2954700,,,,,,
append,352,3067700,,,,,,
append,353,3832000,,,,,,
append,354,3432000,,,,,,
append,355,3627000,,,,,,
append,356,3658501,,,,,,
append,357,3772800,,,,,,
append,358,3560600,,,,,,
append,359,3646100,,,,,,
append,360,3898800,,,,,,
append,361,4605600,,,,,,
append,362,4949100,,,,,,
append,363,3902600,,,,,,
append,364,4206200,,,,,,
append,365,7286800,,,,,,
append,366,15734101,,,,,,
append,367,4446000,,,,,,
append,368,9021200,,,,,,
append,369,3841700,,,,,,
append,370,3765900,,,,,,
append,371,3825100,,,,,,
append,372,8377200,,,,,,
append,373,4114700,,,,,,
append,374,3997400,,,,,,
append,375,3734000,,,,,,
append,376,3676701,,,,,,
append,377,3629600,,,,,,
append,378,3820200,,,,,,
append,379,3716300,,,,,,
append,380,4881200,,,,,,
append,381,3637000,,,,,,
append,382,3882600,,,,,,
append,383,4280600,,,,,,
append,384,3824800,,,,,,
append,385,4004200,,,,,,
append,386,4315000,,,,,,
append,387,9757400,,,,,,
append,388,4796701,,,,,,
append,389,10615600,,,,,,
append,390,4323500,,,,,,
append,391,4104400,,,,,,
append,392,3530900,,,,,,
append,393,4162400,,,,,,
append,394,3750700,,,,,,
append,395,3864400,,,,,,
append,396,3956700,,,,,,
append,397,11597501,,,,,,
append,398,4008500,,,,,,
append,399,3736600,,,,,,
append,400,3638500,,,,,,
append,401,3652600,,,,,,
append,402,4117300,,,,,,
append,403,3350700,,,,,,
append,404,3103700,,,,,,
append,405,3489500,,,,,,
append,406,2968400,,,,,,
append,407,3212000,,,,,,
append,408,3191900,,,,,,
append,409,3100800,,,,,,
append,410,3067600,,,,,,
append,411,3029400,,,,,,
append,412,3235901,,,,,,
append,413,3516800,,,,,,
append,414,5596800,,,,,,
append,415,4203700,,,,,,
append,416,4227000,,,,,,
append,417,3642800,,,,,,
append,418,4056200,,,,,,
append,419,3797300,,,,,,
append,420,3639500,,,,,,
append,421,3722600,,,,,,
append,422,4258100,,,,,,
append,423,4323500,,,,,,
append,424,4145600,,,,,,
append,425,5940001,,,,,,
append,426,3457300,,,,,,
append,427,3800800,,,,,,
append,428,4052800,,,,,,
append,429,3819300,,,,,,
append,430,3711700,,,,,,
append,431,3383800,,,,,,
append,432,3647100,,,,,,
append,433,3611800,,,,,,
append,434,3660700,,,,,,
append,435,3435600,,,,,,
append,436,3325700,,,,,,
append,437,3406600,,,,,,
append,438,3748401,,,,,,
append,439,3774000,,,,,,
append,440,3330500,,,,,,
append,441,3172700,,,,,,
append,442,3262500,,,,,,
append,443,4717300,,,,,,
append,444,3808300,,,,,,
append,445,3830900,,,,,,
append,446,3765700,,,,,,
append,447,3920600,,,,,,
append,448,3674400,,,,,,
append,449,3407900,,,,,,
append,450,3452500,,,,,,
append,451,3464300,,,,,,
append,452,3562100,,,,,,
append,453,3209401,,,,,,
append,454,3316300,,,,,,
append,455,3266200,,,,,,
append,456,3306000,,,,,,
append,457,3965000,,,,,,
append,458,3869900,,,,,,
append,459,3819200,,,,,,
append,460,3989200,,,,,,
append,461,4000100,,,,,,
append,462,3752300,,,,,,
append,463,3555100,,,,,,
append,464,3758200,,,,,,
append,465,3581500,,,,,,
append,466,3802700,,,,,,
append,467,3519101,,,,,,
append,468,3389500,,,,,,
append,469,3493400,,,,,,
append,470,3694900,,,,,,
append,471,3367900,,,,,,
append,472,3221700,,,,,,
append,473,3289800,,,,,,
append,474,3684000,,,,,,
append,475,4067500,,,,,,
append,476,3971600,,,,,,
append,477,3237300,,,,,,
append,478,3806400,,,,,,
append,479,4227800,,,,,,
append,480,4000000,,,,,,
append,481,4526501,,,,,,
append,482,4249100,,,,,,
append,483,3815700,,,,,,
append,484,4770000,,,,,,
append,485,3920400,,,,,,
append,486,3889200,,,,,,
append,487,3945000,,,,,,
append,488,3618300,,,,,,
append,489,3609800,,,,,,
append,490,3974200,,,,,,
append,491,4183600,,,,,,
append,492,3716300,,,,,,
append,493,3683700,,,,,,
append,494,4252801,,,,,,
append,495,4113900,,,,,,
append,496,3668100,,,,,,
append,497,3414400,,,,,,
append,498,4085200,,,,,,
append,499,4469900,,,,,,
append,500,4197800,,,,,,
append,501,4014400,,,,,,
append,502,4514800,,,,,,
append,503,3959000,,,,,,
append,504,4029000,,,,,,
append,505,4211200,,,,,,
append,506,3750300,,,,,,
append,507,3640401,,,,,,
append,508,4007000,,,,,,
append,509,4986100,,,,,,
append,510,4472800,,,,,,
append,511,4539800,,,,,,
append,512,4459900,,,,,,
append,513,4404100,,,,,,
append,514,4113300,,,,,,
append,515,3914400,,,,,,
append,516,4293100,,,,,,
append,517,4233800,,,,,,
append,518,3728900,,,,,,
append,519,3801101,,,,,,
append,520,4003100,,,,,,
append,521,3963600,,,,,,
append,522,3789800,,,,,,
append,523,3966000,,,,,,
append,524,4235400,,,,,,
append,525,3676000,,,,,,
append,526,9219500,,,,,,
append,527,4154300,,,,,,
append,528,3439700,,,,,,
append,529,3435200,,,,,,
append,530,3378400,,,,,,
append,531,3406701,,,,,,
append,532,4098700,,,,,,
append,533,3530400,,,,,,
append,534,4087500,,,,,,
append,535,4038200,,,,,,
append,536,4058800,,,,,,
append,537,4318500,,,,,,
append,538,4007000,,,,,,
append,539,4164900,,,,,,
append,540,4256600,,,,,,
append,541,4142200,,,,,,
append,542,3928400,,,,,,
append,543,4167300,,,,,,
append,544,3870301,,,,,,
append,545,3608100,,,,,,
append,546,3393300,,,,,,
append,547,3679100,,,,,,
append,548,4434700,,,,,,
append,549,3445900,,,,,,
append,550,3905600,,,,,,
append,551,4119200,,,,,,
append,552,4288300,,,,,,
append,553,4055100,,,,,,
append,554,3578700,,,,,,
append,555,3359400,,,,,,
append,556,3856900,,,,,,
append,557,4415501,,,,,,
append,558,4324200,,,,,,
append,559,3915200,,,,,,
append,560,4415500,,,,,,
append,561,4047500,,,,,,
append,562,3766900,,,,,,
append,563,3509500,,,,,,
append,564,4222200,,,,,,
append,565,4262600,,,,,,
append,566,4218300,,,,,,
append,567,3826500,,,,,,
append,568,4087000,,,,,,
append,569,3964400,,,,,,
append,570,3490301,,,,,,
append,571,3879500,,,,,,
append,572,4031000,,,,,,
append,573,3639900,,,,,,
append,574,3699500,,,,,,
append,575,3441700,,,,,,
append,576,4154800,,,,,,
append,577,3981100,,,,,,
append,578,3994500,,,,,,
append,579,4057700,,,,,,
append,580,3854100,,,,,,
append,581,3890700,,,,,,
append,582,3903500,,,,,,
append,583,4026100,,,,,,
append,584,4098001,,,,,,
append,585,4042500,,,,,,
append,586,4411800,,,,,,
append,587,4147100,,,,,,
append,588,4756900,,,,,,
append,589,4477100,,,,,,
append,590,3850200,,,,,,
append,591,3788400,,,,,,
append,592,3617000,,,,,,
append,593,3449500,,,,,,
append,594,3782900,,,,,,
append,595,7835001,,,,,,
append,596,3892700,,,,,,
append,597,3570600,,,,,,
append,598,3710600,,,,,,
append,599,4309900,,,,,,
append,600,4669800,,,,,,
append,601,3800100,,,,,,
append,602,11647600,,,,,,
append,603,6122400,,,,,,
append,604,4192300,,,,,,
append,605,3909800,,,,,,
append,606,7897801,,,,,,
append,607,4944500,,,,,,
append,608,11070600,,,,,,
append,609,12084200,,,,,,
append,610,11898700,,,,,,
append,611,12086801,,,,,,
append,612,7631900,,,,,,
append,613,8376200,,,,,,
append,614,7729400,,,,,,
append,615,8101000,,,,,,
append,616,3673200,,,,,,
append,617,7633000,,,,,,
append,618,8723601,,,,,,
append,619,13653700,,,,,,
append,620,23975400,,,,,,
append,621,6357800,,,,,,
append,622,5770201,,,,,,
append,623,6241600,,,,,,
append,624,7976000,,,,,,
append,625,7146600,,,,,,
append,626,11508800,,,,,,
append,627,5399600,,,,,,
append,628,4622400,,,,,,
append,629,4701701,,,,,,
append,630,7409000,,,,,,
append,631,4334000,,,,,,
append,632,10402600,,,,,,
append,633,3966500,,,,,,
append,634,18423800,,,,,,
append,635,6097700,,,,,,
append,636,12003901,,,,,,
append,637,4020200,,,,,,
append,638,7551400,,,,,,
append,639,12378100,,,,,,
append,640,4150300,,,,,,
append,641,9723700,,,,,,
append,642,3932101,,,,,,
append,643,4024300,,,,,,
append,644,7813000,,,,,,
append,645,14319900,,,,,,
append,646,11304800,,,,,,
append,647,13377701,,,,,,
append,648,3614800,,,,,,
append,649,3867200,,,,,,
append,650,6029700,,,,,,
append,651,13816700,,,,,,
append,652,12003000,,,,,,
append,653,12025201,,,,,,
append,654,4747100,,,,,,
append,655,7928400,,,,,,
append,656,4916000,,,,,,
append,657,5801700,,,,,,
append,658,5463600,,,,,,
append,659,9334000,,,,,,
append,660,7804500,,,,,,
append,661,5967301,,,,,,
append,662,5970800,,,,,,
append,663,6027400,,,,,,
append,664,4028500,,,,,,
append,665,14018500,,,,,,
append,666,4014700,,,,,,
append,667,7764300,,,,,,
append,668,3500100,,,,,,
append,669,10649201,,,,,,
append,670,10393900,,,,,,
append,671,7260900,,,,,,
append,672,4228400,,,,,,
append,673,10134500,,,,,,
append,674,12330900,,,,,,
append,675,7513101,,,,,,
append,676,9213100,,,,,,
append,677,3906100,,,,,,
append,678,3911700,,,,,,
append,679,4367700,,,,,,
append,680,3528100,,,,,,
append,681,3454000,,,,,,
append,682,3459500,,,,,,
append,683,4021100,,,,,,
append,684,4060800,,,,,,
append,685,3694800,,,,,,
append,686,3700701,,,,,,
append,687,3905100,,,,,,
append,688,4138100,,,,,,
append,689,3986500,,,,,,
append,690,3526100,,,,,,
append,691,3803900,,,,,,
append,692,4319300,,,,,,
append,693,7354800,,,,,,
append,694,3985700,,,,,,
append,695,3840900,,,,,,
append,696,3952300,,,,,,
append,697,3708100,,,,,,
append,698,3603600,,,,,,
append,699,7419101,,,,,,
append,700,4215500,,,,,,
append,701,4139100,,,,,,
append,702,3685300,,,,,,
append,703,3815600,,,,,,
append,704,3302400,,,,,,
append,705,3313200,,,,,,
append,706,3874600,,,,,,
append,707,3598400,,,,,,
append,708,3552300,,,,,,
append,709,3397700,,,,,,
append,710,3560700,,,,,,
append,711,3702000,,,,,,
append,712,3880201,,,,,,
append,713,3367300,,,,,,
append,714,3666500,,,,,,
append,715,3870000,,,,,,
append,716,3725100,,,,,,
append,717,3964100,,,,,,
append,718,4001000,,,,,,
append,719,3857000,,,,,,
append,720,3683800,,,,,,
append,721,4370300,,,,,,
append,722,3921100,,,,,,
append,723,3926900,,,,,,
append,724,3820400,,,,,,
append,725,3601101,,,,,,
append,726,4361500,,,,,,
append,727,4100600,,,,,,
append,728,3802500,,,,,,
append,729,3550600,,,,,,
append,730,3925800,,,,,,
append,731,3842400,,,,,,
append,732,8261000,,,,,,
append,733,3645100,,,,,,
append,734,9068100,,,,,,
append,735,4475200,,,,,,
append,736,4140801,,,,,,
append,737,3838500,,,,,,
append,738,3622600,,,,,,
append,739,3297400,,,,,,
append,740,4108300,,,,,,
append,741,4170800,,,,,,
append,742,4026300,,,,,,
append,743,4525000,,,,,,
append,744,6665700,,,,,,
append,745,3801300,,,,,,
append,746,3829300,,,,,,
append,747,6312000,,,,,,
append,748,6805101,,,,,,
append,749,3605700,,,,,,
append,750,4171500,,,,,,
append,751,4402400,,,,,,
append,752,4131700,,,,,,
append,753,4044000,,,,,,
append,754,4141300,,,,,,
append,755,3887200,,,,,,
append,756,3449900,,,,,,
append,757,3370300,,,,,,
append,758,3928100,,,,,,
append,759,4047000,,,,,,
append,760,3740701,,,,,,
append,761,3732700,,,,,,
append,762,3604200,,,,,,
append,763,3775200,,,,,,
append,764,3323500,,,,,,
append,765,3528100,,,,,,
append,766,4457000,,,,,,
append,767,4243300,,,,,,
append,768,5919000,,,,,,
append,769,4069200,,,,,,
append,770,3930800,,,,,,
append,771,4027000,,,,,,
append,772,4127600,,,,,,
append,773,3918601,,,,,,
append,774,3646000,,,,,,
append,775,3940400,,,,,,
append,776,3828800,,,,,,
append,777,4325400,,,,,,
append,778,3795700,,,,,,
append,779,3933200,,,,,,
append,780,3918200,,,,,,
append,781,3919600,,,,,,
append,782,4011600,,,,,,
append,783,4068200,,,,,,
append,784,3751200,,,,,,
append,785,4006900,,,,,,
append,786,3272101,,,,,,
append,787,3149100,,,,,,
append,788,3134900,,,,,,
append,789,3420100,,,,,,
append,790,3522300,,,,,,
append,791,3916200,,,,,,
append,792,3468800,,,,,,
append,793,3531900,,,,,,
append,794,3813500,,,,,,
append,795,4183600,,,,,,
append,796,4249000,,,,,,
append,797,4057600,,,,,,
append,798,4016300,,,,,,
append,799,4018800,,,,,,
append,800,3881401,,,,,,
append,801,3866000,,,,,,
append,802,3446900,,,,,,
append,803,3915000,,,,,,
append,804,3734000,,,,,,
append,805,3537400,,,,,,
append,806,3780800,,,,,,
append,807,3802200,,,,,,
append,808,3519400,,,,,,
append,809,6527700,,,,,,
append,810,4077600,,,,,,
append,811,3819600,,,,,,
append,812,3613700,,,,,,
append,813,3915201,,,,,,
append,814,3538800,,,,,,
append,815,3323500,,,,,,
append,816,3765200,,,,,,
append,817,3707800,,,,,,
append,818,3628000,,,,,,
append,819,3851200,,,,,,
append,820,7094300,,,,,,
append,821,3687200,,,,,,
append,822,4010600,,,,,,
append,823,3890800,,,,,,
append,824,3559300,,,,,,
append,825,3630700,,,,,,
append,826,3948801,,,,,,
append,827,3545400,,,,,,
append,828,3579500,,,,,,
append,829,3504900,,,,,,
append,830,3666200,,,,,,
append,831,4560200,,,,,,
append,832,4563900,,,,,,
append,833,4882500,,,,,,
append,834,4706900,,,,,,
append,835,4210400,,,,,,
append,836,3855300,,,,,,
append,837,3736400,,,,,,
append,838,4313200,,,,,,
append,839,4180401,,,,,,
append,840,3927000,,,,,,
append,841,3913200,,,,,,
append,842,3985600,,,,,,
append,843,3967200,,,,,,
append,844,4142400,,,,,,
append,845,4303400,,,,,,
append,846,3948500,,,,,,
append,847,4148800,,,,,,
append,848,4354200,,,,,,
append,849,4359000,,,,,,
append,850,4134000,,,,,,
append,851,4192100,,,,,,
append,852,4738401,,,,,,
append,853,3644700,,,,,,
append,854,3325300,,,,,,
append,855,3389200,,,,,,
append,856,3646000,,,,,,
append,857,3475200,,,,,,
append,858,4524200,,,,,,
append,859,4217200,,,,,,
append,860,4031800,,,,,,
append,861,3673500,,,,,,
append,862,3554100,,,,,,
append,863,3376600,,,,,,
append,864,3440100,,,,,,
append,865,3506601,,,,,,
append,866,3594800,,,,,,
append,867,4040300,,,,,,
append,868,5060500,,,,,,
append,869,4140800,,,,,,
append,870,8466500,,,,,,
append,871,4271000,,,,,,
append,872,3974700,,,,,,
append,873,4002600,,,,,,
append,874,3858500,,,,,,
append,875,3795000,,,,,,
append,876,3929400,,,,,,
append,877,4011601,,,,,,
append,878,4133700,,,,,,
append,879,4222600,,,,,,
append,880,3734400,,,,,,
append,881,3548700,,,,,,
append,882,3313800,,,,,,
append,883,3412400,,,,,,
append,884,3352700,,,,,,
append,885,3827500,,,,,,
append,886,4989400,,,,,,
append,887,4056300,,,,,,
append,888,3602600,,,,,,
append,889,3571500,,,,,,
append,890,3567700,,,,,,
append,891,3302901,,,,,,
append,892,3703300,,,,,,
append,893,4269900,,,,,,
append,894,3825400,,,,,,
append,895,3762500,,,,,,
append,896,4365600,,,,,,
append,897,3976900,,,,,,
append,898,4154200,,,,,,
append,899,3694900,,,,,,
append,900,3316500,,,,,,
append,901,3356100,,,,,,
append,902,3963600,,,,,,
append,903,3974000,,,,,,
append,904,3926901,,,,,,
append,905,3941100,,,,,,
append,906,3686400,,,,,,
append,907,3277700,,,,,,
append,908,3795300,,,,,,
append,909,3773100,,,,,,
append,910,4079700,,,,,,
append,911,4380200,,,,,,
append,912,4152100,,,,,,
append,913,3900400,,,,,,
append,914,4441200,,,,,,
append,915,3564800,,,,,,
append,916,3975700,,,,,,
append,917,3601101,,,,,,
append,918,4120600,,,,,,
append,919,3824000,,,,,,
append,920,3508200,,,,,,
append,921,3445000,,,,,,
append,922,3743700,,,,,,
append,923,9105200,,,,,,
append,924,4068100,,,,,,
append,925,4061600,,,,,,
append,926,3873800,,,,,,
append,927,3936300,,,,,,
append,928,4304300,,,,,,
append,929,6169401,,,,,,
append,930,5139600,,,,,,
append,931,3710500,,,,,,
append,932,4169700,,,,,,
append,933,3968300,,,,,,
append,934,4042500,,,,,,
append,935,3940800,,,,,,
append,936,3985900,,,,,,
append,937,3984600,,,,,,
append,938,3847400,,,,,,
append,939,4178800,,,,,,
append,940,6436800,,,,,,
append,941,4497101,,,,,,
append,942,4671300,,,,,,
append,943,8921500,,,,,,
append,944,3878000,,,,,,
append,945,3745000,,,,,,
append,946,3732000,,,,,,
append,947,3642600,,,,,,
append,948,3621300,,,,,,
append,949,3913300,,,,,,
append,950,3853500,,,,,,
append,951,3469600,,,,,,
append,952,5524500,,,,,,
append,953,6584001,,,,,,
append,954,9688800,,,,,,
append,955,6259700,,,,,,
append,956,3600600,,,,,,
append,957,8323300,,,,,,
append,958,8059300,,,,,,
append,959,11981601,,,,,,
append,960,4462900,,,,,,
append,961,4219100,,,,,,
append,962,4823800,,,,,,
append,963,4469200,,,,,,
append,964,3929800,,,,,,
append,965,4376400,,,,,,
append,966,5783100,,,,,,
append,967,10267900,,,,,,
append,968,5505100,,,,,,
append,969,5164101,,,,,,
append,970,4099100,,,,,,
append,971,8641100,,,,,,
append,972,4103000,,,,,,
append,973,4210100,,,,,,
append,974,4318400,,,,,,
append,975,4609600,,,,,,
append,976,4001800,,,,,,
append,977,4328900,,,,,,
append,978,4263600,,,,,,
append,979,5380000,,,,,,
append,980,4526201,,,,,,
append,981,11332900,,,,,,
append,982,4264300,,,,,,
append,983,4150500,,,,,,
append,984,3625700,,,,,,
append,985,3235100,,,,,,
append,986,3509100,,,,,,
append,987,4336100,,,,,,
append,988,3776300,,,,,,
append,989,4066900,,,,,,
append,990,4042100,,,,,,
append,991,4672200,,,,,,
append,992,3701200,,,,,,
append,993,3673601,,,,,,
append,994,3665200,,,,,,
append,995,3951000,,,,,,
append,996,3616800,,,,,,
append,997,3631500,,,,,,
append,998,3793400,,,,,,
append,999,4022200,,,,,,
append,1000,3959200,,,,,,
append,1001,3570800,,,,,,
append,1002,3812600,,,,,,
append,1003,3589000,,,,,,
append,1004,3830900,,,,,,
append,1005,3776900,,,,,,
append,1006,3746700,,,,,,
append,1007,6448201,,,,,,
append,1008,4038300,,,,,,
append,1009,4046800,,,,,,
append,1010,4167800,,,,,,
append,1011,3980100,,,,,,
append,1012,10015600,,,,,,
append,1013,3868300,,,,,,
append,1014,3982600,,,,,,
append,1015,4240000,,,,,,
append,1016,3401200,,,,,,
append,1017,3937600,,,,,,
append,1018,4038600,,,,,,
append,1019,3868901,,,,,,
append,1020,6493400,,,,,,
append,1021,4192400,,,,,,
append,1022,3555900,,,,,,
append,1023,3455500,,,,,,
append,1024,3249900,,,,,,
append,1025,4427600,,,,,,
append,1026,3798600,,,,,,
append,1027,3479200,,,,,,
append,1028,3172300,,,,,,
append,1029,3471600,,,,,,
append,1030,4022600,,,,,,
append,1031,4133900,,,,,,
append,1032,4248500,,,,,,
append,1033,3601101,,,,,,
append,1034,3811900,,,,,,
append,1035,3620100,,,,,,
append,1036,3275000,,,,,,
append,1037,8432100,,,,,,
append,1038,7235100,,,,,,
append,1039,7330500,,,,,,
append,1040,7149600,,,,,,
append,1041,3171200,,,,,,
append,1042,4872900,,,,,,
append,1043,6262001,,,,,,
append,1044,7997800,,,,,,
append,1045,16141900,,,,,,
append,1046,7571000,,,,,,
append,1047,8287700,,,,,,
append,1048,11591000,,,,,,
append,1049,5283101,,,,,,
append,1050,3857400,,,,,,
append,1051,15235400,,,,,,
append,1052,8029700,,,,,,
append,1053,7997000,,,,,,
append,1054,7996000,,,,,,
append,1055,7996800,,,,,,
append,1056,8006901,,,,,,
append,1057,7994400,,,,,,
append,1058,8011200,,,,,,
append,1059,8016600,,,,,,
append,1060,8020700,,,,,,
append,1061,15958600,,,,,,
append,1062,3833701,,,,,,
append,1063,12158600,,,,,,
append,1064,7994200,,,,,,
append,1065,6824500,,,,,,
append,1066,11351600,,,,,,
append,1067,6052000,,,,,,
append,1068,7764000,,,,,,
append,1069,8025201,,,,,,
append,1070,4020100,,,,,,
append,1071,7960600,,,,,,
append,1072,7997900,,,,,,
append,1073,7982400,,,,,,
append,1074,5471900,,,,,,
append,1075,3914100,,,,,,
append,1076,3837300,,,,,,
append,1077,11450201,,,,,,
append,1078,5215500,,,,,,
append,1079,3702100,,,,,,
append,1080,4015800,,,,,,
append,1081,3827500,,,,,,
append,1082,10532700,,,,,,
append,1083,3705000,,,,,,
append,1084,8360600,,,,,,
append,1085,7955300,,,,,,
append,1086,8037501,,,,,,
append,1087,7974000,,,,,,
append,1088,7979900,,,,,,
append,1089,8154500,,,,,,
append,1090,7843900,,,,,,
append,1091,15983100,,,,,,
append,1092,3569000,,,,,,
append,1093,8426201,,,,,,
append,1094,7993700,,,,,,
append,1095,8001000,,,,,,
append,1096,8003500,,,,,,
append,1097,8019600,,,,,,
append,1098,7969100,,,,,,
append,1099,4091200,,,,,,
append,1100,5318201,,,,,,
append,1101,4221600,,,,,,
append,1102,4086200,,,,,,
append,1103,4194100,,,,,,
append,1104,4625200,,,,,,
append,1105,5490800,,,,,,
append,1106,4609000,,,,,,
append,1107,15349200,,,,,,
append,1108,10699200,,,,,,
append,1109,15740401,,,,,,
append,1110,9613300,,,,,,
append,1111,7990400,,,,,,
append,1112,11934500,,,,,,
append,1113,6379800,,,,,,
append,1114,9664001,,,,,,
append,1115,5517100,,,,,,
append,1116,3839600,,,,,,
append,1117,14729500,,,,,,
append,1118,6343400,,,,,,
append,1119,13560300,,,,,,
append,1120,5991700,,,,,,
append,1121,10301801,,,,,,
append,1122,4539100,,,,,,
append,1123,9464200,,,,,,
append,1124,5903800,,,,,,
append,1125,4673000,,,,,,
append,1126,9924500,,,,,,
append,1127,3914300,,,,,,
append,1128,4421300,,,,,,
append,1129,11109401,,,,,,
append,1130,3730600,,,,,,
append,1131,9970000,,,,,,
append,1132,7913400,,,,,,
append,1133,4077400,,,,,,
append,1134,4218200,,,,,,
append,1135,4168700,,,,,,
append,1136,4677800,,,,,,
append,1137,4477500,,,,,,
append,1138,4121700,,,,,,
append,1139,3900101,,,,,,
append,1140,4109100,,,,,,
append,1141,4319400,,,,,,
append,1142,4019700,,,,,,
append,1143,3873100,,,,,,
append,1144,4276700,,,,,,
append,1145,4346300,,,,,,
append,1146,3437800,,,,,,
append,1147,4299400,,,,,,
append,1148,4187100,,,,,,
append,1149,4030800,,,,,,
append,1150,3881400,,,,,,
append,1151,5723300,,,,,,
append,1152,4541801,,,,,,
append,1153,4066800,,,,,,
append,1154,3515800,,,,,,
append,1155,4098000,,,,,,
append,1156,3890200,,,,,,
append,1157,4557500,,,,,,
append,1158,4478700,,,,,,
append,1159,4679500,,,,,,
append,1160,3996600,,,,,,
append,1161,3503800,,,,,,
append,1162,4493800,,,,,,
append,1163,4431700,,,,,,
append,1164,4003800,,,,,,
append,1165,4208100,,,,,,
append,1166,4205801,,,,,,
append,1167,3785000,,,,,,
append,1168,3608100,,,,,,
append,1169,3515900,,,,,,
append,1170,3477400,,,,,,
append,1171,4418500,,,,,,
append,1172,3887200,,,,,,
append,1173,3583400,,,,,,
append,1174,3715400,,,,,,
append,1175,4148100,,,,,,
append,1176,3697500,,,,,,
append,1177,4058200,,,,,,
append,1178,7214800,,,,,,
append,1179,3981601,,,,,,
append,1180,3745600,,,,,,
append,1181,4255400,,,,,,
append,1182,4129000,,,,,,
append,1183,6211900,,,,,,
append,1184,3828900,,,,,,
append,1185,3544200,,,,,,
append,1186,4182100,,,,,,
append,1187,5593700,,,,,,
append,1188,4118300,,,,,,
append,1189,3985500,,,,,,
append,1190,4369400,,,,,,
append,1191,4446100,,,,,,
append,1192,3840101,,,,,,
append,1193,7826000,,,,,,
append,1194,6018000,,,,,,
append,1195,4170600,,,,,,
append,1196,4478100,,,,,,
append,1197,3918100,,,,,,
append,1198,3834000,,,,,,
append,1199,3503400,,,,,,
append,1200,3618900,,,,,,
append,1201,3849600,,,,,,
append,1202,5671300,,,,,,
append,1203,4694100,,,,,,
append,1204,4047701,,,,,,
append,1205,4673200,,,,,,
append,1206,6341300,,,,,,
append,1207,8147400,,,,,,
append,1208,7062400,,,,,,
append,1209,10745800,,,,,,
append,1210,11200800,,,,,,
append,1211,4349400,,,,,,
append,1212,3731001,,,,,,
append,1213,4226400,,,,,,
append,1214,4451400,,,,,,
append,1215,4065800,,,,,,
append,1216,15165300,,,,,,
append,1217,11130600,,,,,,
append,1218,4127900,,,,,,
append,1219,3703900,,,,,,
append,1220,3464000,,,,,,
append,1221,3384701,,,,,,
append,1222,3538700,,,,,,
append,1223,3943500,,,,,,
append,1224,3841900,,,,,,
append,1225,3653700,,,,,,
append,1226,3438100,,,,,,
append,1227,3176800,,,,,,
append,1228,3277200,,,,,,
append,1229,3434000,,,,,,
append,1230,3782800,,,,,,
append,1231,3633500,,,,,,
append,1232,3241100,,,,,,
append,1233,3750400,,,,,,
append,1234,3267400,,,,,,
append,1235,3053000,,,,,,
append,1236,3274300,,,,,,
append,1237,3680701,,,,,,
append,1238,3700600,,,,,,
append,1239,3361300,,,,,,
append,1240,3212600,,,,,,
append,1241,2993100,,,,,,
append,1242,3359200,,,,,,
append,1243,3300500,,,,,,
append,1244,3746200,,,,,,
append,1245,3659200,,,,,,
append,1246,3301600,,,,,,
append,1247,3341500,,,,,,
append,1248,3136800,,,,,,
append,1249,3037800,,,,,,
append,1250,3423600,,,,,,
append,1251,3292300,,,,,,
append,1252,3136700,,,,,,
append,1253,3130700,,,,,,
append,1254,3131201,,,,,,
append,1255,3144800,,,,,,
append,1256,3371800,,,,,,
append,1257,3519800,,,,,,
append,1258,3341800,,,,,,
append,1259,3034300,,,,,,
append,1260,3176300,,,,,,
append,1261,3443400,,,,,,
append,1262,3115700,,,,,,
append,1263,3031100,,,,,,
append,1264,2916300,,,,,,
append,1265,2921000,,,,,,
append,1266,3105700,,,,,,
append,1267,2952300,,,,,,
append,1268,2951400,,,,,,
append,1269,2955400,,,,,,
append,1270,2884100,,,,,,
append,1271,3031800,,,,,,
append,1272,3370801,,,,,,
append,1273,3336800,,,,,,
append,1274,3093900,,,,,,
append,1275,2960700,,,,,,
append,1276,2974600,,,,,,
append,1277,3201600,,,,,,
append,1278,3006800,,,,,,
append,1279,2916600,,,,,,
append,1280,2924800,,,,,,
append,1281,2911600,,,,,,
append,1282,3505400,,,,,,
append,1283,3245200,,,,,,
append,1284,3015500,,,,,,
append,1285,2919800,,,,,,
append,1286,2847900,,,,,,
append,1287,3113600,,,,,,
append,1288,3144100,,,,,,
append,1289,2854000,,,,,,
append,1290,2798801,,,,,,
append,1291,2791500,,,,,,
append,1292,3115300,,,,,,
append,1293,3250100,,,,,,
append,1294,2833700,,,,,,
append,1295,2742300,,,,,,
append,1296,2765400,,,,,,
append,1297,2860600,,,,,,
append,1298,2996500,,,,,,
append,1299,2812500,,,,,,
append,1300,2782600,,,,,,
append,1301,2858000,,,,,,
append,1302,2751300,,,,,,
append,1303,3077300,,,,,,
append,1304,3237000,,,,,,
append,1305,3196400,,,,,,
append,1306,2899800,,,,,,
append,1307,2884600,,,,,,
append,1308,3031300,,,,,,
append,1309,3043601,,,,,,
append,1310,2931300,,,,,,
append,1311,2908500,,,,,,
append,1312,2906500,,,,,,
append,1313,2859000,,,,,,
append,1314,3099400,,,,,,
append,1315,2955700,,,,,,
append,1316,3150900,,,,,,
append,1317,2881300,,,,,,
append,1318,2809800,,,,,,
append,1319,2891600,,,,,,
append,1320,3044200,,,,,,
append,1321,3244500,,,,,,
append,1322,3164200,,,,,,
append,1323,2895100,,,,,,
append,1324,2991500,,,,,,
append,1325,3395600,,,,,,
append,1326,3435700,,,,,,
append,1327,3256001,,,,,,
append,1328,3372400,,,,,,
append,1329,4012000,,,,,,
append,1330,3227700,,,,,,
append,1331,2976800,,,,,,
append,1332,3211400,,,,,,
append,1333,2953400,,,,,,
append,1334,3321500,,,,,,
append,1335,3417700,,,,,,
append,1336,3243700,,,,,,
append,1337,3100400,,,,,,
append,1338,2870400,,,,,,
append,1339,3251200,,,,,,
append,1340,3425000,,,,,,
append,1341,3367400,,,,,,
append,1342,3801500,,,,,,
append,1343,3585200,,,,,,
append,1344,3403701,,,,,,
append,1345,3065000,,,,,,
append,1346,2951700,,,,,,
append,1347,2970100,,,,,,
append,1348,3044200,,,,,,
append,1349,2950100,,,,,,
append,1350,2917300,,,,,,
append,1351,2910100,,,,,,
append,1352,3039400,,,,,,
append,1353,2998900,,,,,,
append,1354,3227800,,,,,,
append,1355,2847200,,,,,,
append,1356,2986800,,,,,,
append,1357,3029300,,,,,,
append,1358,3072000,,,,,,
append,1359,3119200,,,,,,
append,1360,3066900,,,,,,
append,1361,2825900,,,,,,
append,1362,2802700,,,,,,
append,1363,2750801,,,,,,
append,1364,2934000,,,,,,
append,1365,3234100,,,,,,
append,1366,3098900,,,,,,
append,1367,2865500,,,,,,
append,1368,2832600,,,,,,
append,1369,2882800,,,,,,
append,1370,3382800,,,,,,
append,1371,3227000,,,,,,
append,1372,3250700,,,,,,
append,1373,3975000,,,,,,
append,1374,4030100,,,,,,
append,1375,3272200,,,,,,
append,1376,3969800,,,,,,
append,1377,3160500,,,,,,
append,1378,3234900,,,,,,
append,1379,3591300,,,,,,
append,1380,3577401,,,,,,
append,1381,3357000,,,,,,
append,1382,3216200,,,,,,
append,1383,3411400,,,,,,
append,1384,3292600,,,,,,
append,1385,3120300,,,,,,
append,1386,3250100,,,,,,
append,1387,3236100,,,,,,
append,1388,3287900,,,,,,
append,1389,3452600,,,,,,
append,1390,3185300,,,,,,
append,1391,3221800,,,,,,
append,1392,3338500,,,,,,
append,1393,4468100,,,,,,
append,1394,3374400,,,,,,
append,1395,4019100,,,,,,
append,1396,4597301,,,,,,
append,1397,3689600,,,,,,
append,1398,3211400,,,,,,
append,1399,3069200,,,,,,
append,1400,3035000,,,,,,
append,1401,3047800,,,,,,
append,1402,3024500,,,,,,
append,1403,3066200,,,,,,
append,1404,3067000,,,,,,
append,1405,2940300,,,,,,
append,1406,3390300,,,,,,
append,1407,3580400,,,,,,
append,1408,3250600,,,,,,
append,1409,3727300,,,,,,
append,1410,3309500,,,,,,
append,1411,3494100,,,,,,
append,1412,3299500,,,,,,
append,1413,3284801,,,,,,
append,1414,3478300,,,,,,
append,1415,3195700,,,,,,
append,1416,3018700,,,,,,
append,1417,2808100,,,,,,
append,1418,2850100,,,,,,
append,1419,2958200,,,,,,
append,1420,2825600,,,,,,
append,1421,3755300,,,,,,
append,1422,3086500,,,,,,
append,1423,2760400,,,,,,
append,1424,2771300,,,,,,
append,1425,2775200,,,,,,
append,1426,2897300,,,,,,
append,1427,2733500,,,,,,
append,1428,2767500,,,,,,
append,1429,2821300,,,,,,
append,1430,2750200,,,,,,
append,1431,2789101,,,,,,
append,1432,7917300,,,,,,
append,1433,2860600,,,,,,
append,1434,3033100,,,,,,
append,1435,3202100,,,,,,
append,1436,3214700,,,,,,
append,1437,3100000,,,,,,
append,1438,2970900,,,,,,
append,1439,2809700,,,,,,
append,1440,3123500,,,,,,
append,1441,3437900,,,,,,
append,1442,2883800,,,,,,
append,1443,2851400,,,,,,
append,1444,2983500,,,,,,
append,1445,3009000,,,,,,
append,1446,3067400,,,,,,
append,1447,2865600,,,,,,
append,1448,2858201,,,,,,
append,1449,2866300,,,,,,
append,1450,2823100,,,,,,
append,1451,2988500,,,,,,
append,1452,2948300,,,,,,
append,1453,2904000,,,,,,
append,1454,2941500,,,,,,
append,1455,2834700,,,,,,
append,1456,2995700,,,,,,
append,1457,3167400,,,,,,
append,1458,2851300,,,,,,
append,1459,2744600,,,,,,
append,1460,2708400,,,,,,
append,1461,2687000,,,,,,
append,1462,3201500,,,,,,
append,1463,3294100,,,,,,
append,1464,3413500,,,,,,
append,1465,3234000,,,,,,
append,1466,3189800,,,,,,
append,1467,3297401,,,,,,
append,1468,3119500,,,,,,
append,1469,2919200,,,,,,
append,1470,2762000,,,,,,
append,1471,2776100,,,,,,
append,1472,2896900,,,,,,
append,1473,2992300,,,,,,
append,1474,2827100,,,,,,
append,1475,3095500,,,,,,
append,1476,3370000,,,,,,
append,1477,3699200,,,,,,
append,1478,3762700,,,,,,
append,1479,3123500,,,,,,
append,1480,3219900,,,,,,
append,1481,3216800,,,,,,
append,1482,3801700,,,,,,
append,1483,3782700,,,,,,
append,1484,3388001,,,,,,
append,1485,3251800,,,,,,
append,1486,3452400,,,,,,
append,1487,3551100,,,,,,
append,1488,3542500,,,,,,
append,1489,3449500,,,,,,
append,1490,3528400,,,,,,
append,1491,3769600,,,,,,
append,1492,3719100,,,,,,
append,1493,3524600,,,,,,
append,1494,3382600,,,,,,
append,1495,3925500,,,,,,
append,1496,3269700,,,,,,
append,1497,3253400,,,,,,
append,1498,3124200,,,,,,
append,1499,3634300,,,,,,
append,1500,3245101,,,,,,
append,1501,3233300,,,,,,
append,1502,3044900,,,,,,
append,1503,3204100,,,,,,
append,1504,3206200,,,,,,
append,1505,3254600,,,,,,
append,1506,3166900,,,,,,
append,1507,3274300,,,,,,
append,1508,3143100,,,,,,
append,1509,3380400,,,,,,
append,1510,3090900,,,,,,
append,1511,3380400,,,,,,
append,1512,3017800,,,,,,
append,1513,3226000,,,,,,
append,1514,3351900,,,,,,
append,1515,3039000,,,,,,
append,1516,3122600,,,,,,
append,1517,3156701,,,,,,
append,1518,3179800,,,,,,
append,1519,3964100,,,,,,
append,1520,4516300,,,,,,
append,1521,3378400,,,,,,
append,1522,3147000,,,,,,
append,1523,3674700,,,,,,
append,1524,3381100,,,,,,
append,1525,3055400,,,,,,
append,1526,3005400,,,,,,
append,1527,3000100,,,,,,
append,1528,3339700,,,,,,
append,1529,3408800,,,,,,
append,1530,4216300,,,,,,
append,1531,3370300,,,,,,
append,1532,3453700,,,,,,
append,1533,9798601,,,,,,
append,1534,3439400,,,,,,
append,1535,3170800,,,,,,
append,1536,3113600,,,,,,
append,1537,2825100,,,,,,
append,1538,2893900,,,,,,
append,1539,2801200,,,,,,
append,1540,2845400,,,,,,
append,1541,2862100,,,,,,
append,1542,2803600,,,,,,
append,1543,2917100,,,,,,
append,1544,2885200,,,,,,
append,1545,2879600,,,,,,
append,1546,2993000,,,,,,
append,1547,2861500,,,,,,
append,1548,2910400,,,,,,
append,1549,3105500,,,,,,
append,1550,3609301,,,,,,
append,1551,3275100,,,,,,
append,1552,3113700,,,,,,
append,1553,3141700,,,,,,
append,1554,2920700,,,,,,
append,1555,2884100,,,,,,
append,1556,2941100,,,,,,
append,1557,2927300,,,,,,
append,1558,2847300,,,,,,
append,1559,2760000,,,,,,
append,1560,2769500,,,,,,
append,1561,2816200,,,,,,
append,1562,3151500,,,,,,
append,1563,2870600,,,,,,
append,1564,2879700,,,,,,
append,1565,3085600,,,,,,
append,1566,3075700,,,,,,
append,1567,3132300,,,,,,
append,1568,3216400,,,,,,
append,1569,3189701,,,,,,
append,1570,2955300,,,,,,
append,1571,3096500,,,,,,
append,1572,3055400,,,,,,
append,1573,2944600,,,,,,
append,1574,2932600,,,,,,
append,1575,3104400,,,,,,
append,1576,3232800,,,,,,
append,1577,3525000,,,,,,
append,1578,3658900,,,,,,
append,1579,3204000,,,,,,
append,1580,3313500,,,,,,
append,1581,2970400,,,,,,
append,1582,3432300,,,,,,
append,1583,3230200,,,,,,
append,1584,3293400,,,,,,
append,1585,3255900,,,,,,
append,1586,3176301,,,,,,
append,1587,3529200,,,,,,
append,1588,3367500,,,,,,
append,1589,3143100,,,,,,
append,1590,3275900,,,,,,
append,1591,3266500,,,,,,
append,1592,3009600,,,,,,
append,1593,2948300,,,,,,
append,1594,2999000,,,,,,
append,1595,2820000,,,,,,
append,1596,2977000,,,,,,
append,1597,3691200,,,,,,
append,1598,3513600,,,,,,
append,1599,3045500,,,,,,
append,1600,3026600,,,,,,
append,1601,3032700,,,,,,
append,1602,3026500,,,,,,
append,1603,2980500,,,,,,
append,1604,2892801,,,,,,
append,1605,2886300,,,,,,
append,1606,4866100,,,,,,
append,1607,3323400,,,,,,
append,1608,2791800,,,,,,
append,1609,2748200,,,,,,
append,1610,2735200,,,,,,
append,1611,2838200,,,,,,
append,1612,2925600,,,,,,
append,1613,2944500,,,,,,
append,1614,2853600,,,,,,
append,1615,2887200,,,,,,
append,1616,2870800,,,,,,
append,1617,3098700,,,,,,
append,1618,3236100,,,,,,
append,1619,3129100,,,,,,
append,1620,2935300,,,,,,
append,1621,2760800,,,,,,
append,1622,3109101,,,,,,
append,1623,2759200,,,,,,
append,1624,2700700,,,,,,
append,1625,2788200,,,,,,
append,1626,2762800,,,,,,
append,1627,2916200,,,,,,
append,1628,2811300,,,,,,
append,1629,3367200,,,,,,
append,1630,3306100,,,,,,
append,1631,2834800,,,,,,
append,1632,2803000,,,,,,
append,1633,2878000,,,,,,
append,1634,3038500,,,,,,
append,1635,2995800,,,,,,
append,1636,2769200,,,,,,
append,1637,2741200,,,,,,
append,1638,2742800,,,,,,
append,1639,2943200,,,,,,
append,1640,3337600,,,,,,
append,1641,3173101,,,,,,
append,1642,3005400,,,,,,
append,1643,2852500,,,,,,
append,1644,2885200,,,,,,
append,1645,3460300,,,,,,
append,1646,2848900,,,,,,
append,1647,2812600,,,,,,
append,1648,2746500,,,,,,
append,1649,2789400,,,,,,
append,1650,2886500,,,,,,
append,1651,2908000,,,,,,
append,1652,2766000,,,,,,
append,1653,2808900,,,,,,
append,1654,2754700,,,,,,
append,1655,2968500,,,,,,
append,1656,2998800,,,,,,
append,1657,3015000,,,,,,
append,1658,2983700,,,,,,
append,1659,3016900,,,,,,
append,1660,3209701,,,,,,
append,1661,3693500,,,,,,
append,1662,3520500,,,,,,
append,1663,2868600,,,,,,
append,1664,2817400,,,,,,
append,1665,2824900,,,,,,
append,1666,3239800,,,,,,
append,1667,3539500,,,,,,
append,1668,3612400,,,,,,
append,1669,3879900,,,,,,
append,1670,3726000,,,,,,
append,1671,3354300,,,,,,
append,1672,3099900,,,,,,
append,1673,3057600,,,,,,
append,1674,2858400,,,,,,
append,1675,3022500,,,,,,
append,1676,2915100,,,,,,
append,1677,2922001,,,,,,
append,1678,2853600,,,,,,
append,1679,2912100,,,,,,
append,1680,3250000,,,,,,
append,1681,3427300,,,,,,
append,1682,3077600,,,,,,
append,1683,2937100,,,,,,
append,1684,2782900,,,,,,
append,1685,3166800,,,,,,
append,1686,3883000,,,,,,
append,1687,3046400,,,,,,
append,1688,3209900,,,,,,
append,1689,3115000,,,,,,
append,1690,3538100,,,,,,
append,1691,3421700,,,,,,
append,1692,3150300,,,,,,
append,1693,3320800,,,,,,
append,1694,3294500,,,,,,
append,1695,3011901,,,,,,
append,1696,2948400,,,,,,
append,1697,3001700,,,,,,
append,1698,2979600,,,,,,
append,1699,3065600,,,,,,
append,1700,4824800,,,,,,
append,1701,3538700,,,,,,
append,1702,3042900,,,,,,
append,1703,3098900,,,,,,
append,1704,3268400,,,,,,
append,1705,3242500,,,,,,
append,1706,3290700,,,,,,
append,1707,3446200,,,,,,
append,1708,3465300,,,,,,
append,1709,3604600,,,,,,
append,1710,3906200,,,,,,
append,1711,3665401,,,,,,
append,1712,3633800,,,,,,
append,1713,3670800,,,,,,
append,1714,3613800,,,,,,
append,1715,3438500,,,,,,
append,1716,3601000,,,,,,
append,1717,3881700,,,,,,
append,1718,3530200,,,,,,
append,1719,3565200,,,,,,
append,1720,3351700,,,,,,
append,1721,3398800,,,,,,
append,1722,3708600,,,,,,
append,1723,3461500,,,,,,
append,1724,3344100,,,,,,
append,1725,3334400,,,,,,
append,1726,3513500,,,,,,
append,1727,3479401,,,,,,
append,1728,3303100,,,,,,
append,1729,4460300,,,,,,
append,1730,3217900,,,,,,
append,1731,3506500,,,,,,
append,1732,3726500,,,,,,
append,1733,3409600,,,,,,
append,1734,3373100,,,,,,
append,1735,3645600,,,,,,
append,1736,3718500,,,,,,
append,1737,3347900,,,,,,
append,1738,3203400,,,,,,
append,1739,3097400,,,,,,
append,1740,3546200,,,,,,
append,1741,3714200,,,,,,
append,1742,3545800,,,,,,
append,1743,3273901,,,,,,
append,1744,3372100,,,,,,
append,1745,3414300,,,,,,
append,1746,3609900,,,,,,
append,1747,3350000,,,,,,
append,1748,3263800,,,,,,
append,1749,3107100,,,,,,
append,1750,3053100,,,,,,
append,1751,3105900,,,,,,
append,1752,3070500,,,,,,
append,1753,3012800,,,,,,
append,1754,3026800,,,,,,
append,1755,2913600,,,,,,
append,1756,2969400,,,,,,
append,1757,2988900,,,,,,
append,1758,2893500,,,,,,
append,1759,3262300,,,,,,
append,1760,3090101,,,,,,
append,1761,3109100,,,,,,
append,1762,3250700,,,,,,
append,1763,3010600,,,,,,
append,1764,3049000,,,,,,
append,1765,3054300,,,,,,
append,1766,2969300,,,,,,
append,1767,3017200,,,,,,
append,1768,3029700,,,,,,
append,1769,2954700,,,,,,
append,1770,3153300,,,,,,
append,1771,3261900,,,,,,
append,1772,3736300,,,,,,
append,1773,3242300,,,,,,
append,1774,3490200,,,,,,
append,1775,3319300,,,,,,
append,1776,3034400,,,,,,
append,1777,2979900,,,,,,
append,1778,3087101,,,,,,
append,1779,3144400,,,,,,
append,1780,3278600,,,,,,
append,1781,2954200,,,,,,
append,1782,3099500,,,,,,
append,1783,2964600,,,,,,
append,1784,2982100,,,,,,
append,1785,2986500,,,,,,
append,1786,2957900,,,,,,
append,1787,2943000,,,,,,
append,1788,2882300,,,,,,
append,1789,2983800,,,,,,
append,1790,3036700,,,,,,
append,1791,3126600,,,,,,
append,1792,3420300,,,,,,
append,1793,2947800,,,,,,
append,1794,3319500,,,,,,
append,1795,3257600,,,,,,
append,1796,3122801,,,,,,
append,1797,3130700,,,,,,
append,1798,3185100,,,,,,
append,1799,3389800,,,,,,
append,1800,3533000,,,,,,
append,1801,4038800,,,,,,
append,1802,3860400,,,,,,
append,1803,4027200,,,,,,
append,1804,3471200,,,,,,
append,1805,3379700,,,,,,
append,1806,3026000,,,,,,
append,1807,3479500,,,,,,
append,1808,3053100,,,,,,
append,1809,3076600,,,,,,
append,1810,2996600,,,,,,
append,1811,3140200,,,,,,
append,1812,3121900,,,,,,
append,1813,2785301,,,,,,
append,1814,3009700,,,,,,
append,1815,3122400,,,,,,
append,1816,2842000,,,,,,
append,1817,2839700,,,,,,
append,1818,2848000,,,,,,
append,1819,2919900,,,,,,
append,1820,3701100,,,,,,
append,1821,3392900,,,,,,
append,1822,3231000,,,,,,
append,1823,2963000,,,,,,
append,1824,2921600,,,,,,
append,1825,3168900,,,,,,
append,1826,3014300,,,,,,
append,1827,2993000,,,,,,
append,1828,2776300,,,,,,
append,1829,2829200,,,,,,
append,1830,3139200,,,,,,
append,1831,3452401,,,,,,
append,1832,2790500,,,,,,
append,1833,3086100,,,,,,
append,1834,3419200,,,,,,
append,1835,3763800,,,,,,
append,1836,3330300,,,,,,
append,1837,2988800,,,,,,
append,1838,3107700,,,,,,
append,1839,3064500,,,,,,
append,1840,3502200,,,,,,
append,1841,3630800,,,,,,
append,1842,2803100,,,,,,
append,1843,2980400,,,,,,
append,1844,3040100,,,,,,
append,1845,3912500,,,,,,
append,1846,3636200,,,,,,
append,1847,3744000,,,,,,
append,1848,3427901,,,,,,
append,1849,3496000,,,,,,
append,1850,3535000,,,,,,
append,1851,3452100,,,,,,
append,1852,3255300,,,,,,
append,1853,3206700,,,,,,
append,1854,3786500,,,,,,
append,1855,3357900,,,,,,
append,1856,3412900,,,,,,
append,1857,3340500,,,,,,
append,1858,3747700,,,,,,
append,1859,3584700,,,,,,
append,1860,3705100,,,,,,
append,1861,3711700,,,,,,
append,1862,3642600,,,,,,
append,1863,4301301,,,,,,
append,1864,3914800,,,,,,
append,1865,3498900,,,,,,
append,1866,3915600,,,,,,
append,1867,3585500,,,,,,
append,1868,3234300,,,,,,
append,1869,3179000,,,,,,
append,1870,3446400,,,,,,
append,1871,3699500,,,,,,
append,1872,3502800,,,,,,
append,1873,3110300,,,,,,
append,1874,3120400,,,,,,
append,1875,3353800,,,,,,
append,1876,3232200,,,,,,
append,1877,3287400,,,,,,
append,1878,3285600,,,,,,
append,1879,3080100,,,,,,
append,1880,3141301,,,,,,
append,1881,2941300,,,,,,
append,1882,3124500,,,,,,
append,1883,2969800,,,,,,
append,1884,2771100,,,,,,
append,1885,2849900,,,,,,
append,1886,2781700,,,,,,
append,1887,2727200,,,,,,
append,1888,2717200,,,,,,
append,1889,2730600,,,,,,
append,1890,2720600,,,,,,
append,1891,2978300,,,,,,
append,1892,3091500,,,,,,
append,1893,2967600,,,,,,
append,1894,2973700,,,,,,
append,1895,2841000,,,,,,
append,1896,3137100,,,,,,
append,1897,3316600,,,,,,
append,1898,3191900,,,,,,
append,1899,2895601,,,,,,
append,1900,2850300,,,,,,
append,1901,3074500,,,,,,
append,1902,3456200,,,,,,
append,1903,3112100,,,,,,
append,1904,3097000,,,,,,
append,1905,3124900,,,,,,
append,1906,3195200,,,,,,
append,1907,3577100,,,,,,
append,1908,3486300,,,,,,
append,1909,3272900,,,,,,
append,1910,3387400,,,,,,
append,1911,3245700,,,,,,
append,1912,3398700,,,,,,
append,1913,3066000,,,,,,
append,1914,2984400,,,,,,
append,1915,3244900,,,,,,
append,1916,3318801,,,,,,
append,1917,3202500,,,,,,
append,1918,3176100,,,,,,
append,1919,3194700,,,,,,
append,1920,3165100,,,,,,
append,1921,3313400,,,,,,
append,1922,3029900,,,,,,
append,1923,3185600,,,,,,
append,1924,3026900,,,,,,
append,1925,2940600,,,,,,
append,1926,2824600,,,,,,
append,1927,2776600,,,,,,
append,1928,3060100,,,,,,
append,1929,3017700,,,,,,
append,1930,2978200,,,,,,
append,1931,3005100,,,,,,
append,1932,2931300,,,,,,
append,1933,2799500,,,,,,
append,1934,3004101,,,,,,
append,1935,3021100,,,,,,
append,1936,4721000,,,,,,
append,1937,3237100,,,,,,
append,1938,3045400,,,,,,
append,1939,3129300,,,,,,
append,1940,3010400,,,,,,
append,1941,2980300,,,,,,
append,1942,2889000,,,,,,
append,1943,2854200,,,,,,
append,1944,2857700,,,,,,
append,1945,2815900,,,,,,
append,1946,3082600,,,,,,
append,1947,3091300,,,,,,
append,1948,3099400,,,,,,
append,1949,3049900,,,,,,
append,1950,3156700,,,,,,
append,1951,3218200,,,,,,
append,1952,3549501,,,,,,
append,1953,3166800,,,,,,
append,1954,3086800,,,,,,
append,1955,3263700,,,,,,
append,1956,3070800,,,,,,
append,1957,2838100,,,,,,
append,1958,2736900,,,,,,
append,1959,3025200,,,,,,
append,1960,2921300,,,,,,
append,1961,3034600,,,,,,
append,1962,2998900,,,,,,
append,1963,2871400,,,,,,
append,1964,2850100,,,,,,
append,1965,2898100,,,,,,
append,1966,2846900,,,,,,
append,1967,3063300,,,,,,
append,1968,2920600,,,,,,
append,1969,2861700,,,,,,
append,1970,2819100,,,,,,
append,1971,2834201,,,,,,
append,1972,3150000,,,,,,
append,1973,3216300,,,,,,
append,1974,2914900,,,,,,
append,1975,2939200,,,,,,
append,1976,2892500,,,,,,
append,1977,2971100,,,,,,
append,1978,3507200,,,,,,
append,1979,3386800,,,,,,
append,1980,3153400,,,,,,
append,1981,3030600,,,,,,
append,1982,3099000,,,,,,
append,1983,3268600,,,,,,
append,1984,3062400,,,,,,
append,1985,2958200,,,,,,
append,1986,3108000,,,,,,
append,1987,3090000,,,,,,
append,1988,3384800,,,,,,
append,1989,3027801,,,,,,
append,1990,3126100,,,,,,
append,1991,3049500,,,,,,
append,1992,2970400,,,,,,
append,1993,3257100,,,,,,
append,1994,3260300,,,,,,
append,1995,3065800,,,,,,
append,1996,3031400,,,,,,
append,1997,3459000,,,,,,
append,1998,3212100,,,,,,
append,1999,3009000,,,,,,
append,2000,2941900,,,,,,
ingest,,8882089166,2000,28,296000,2356,,
