phase,event_index,elapsed_ns,events,full_rejections,file_bytes,peak_rss_kib,alloc_calls,alloc_requested_bytes
append,1,3150600,,,,,,
append,2,2903400,,,,,,
append,3,2821100,,,,,,
append,4,2897400,,,,,,
append,5,2844500,,,,,,
append,6,2984500,,,,,,
append,7,2963100,,,,,,
append,8,2876600,,,,,,
append,9,2986800,,,,,,
append,10,3181400,,,,,,
append,11,2882500,,,,,,
append,12,3209700,,,,,,
append,13,3119400,,,,,,
append,14,3141900,,,,,,
append,15,3381100,,,,,,
append,16,3150301,,,,,,
append,17,3064300,,,,,,
append,18,2873700,,,,,,
append,19,2851500,,,,,,
append,20,2893600,,,,,,
append,21,2785700,,,,,,
append,22,2779100,,,,,,
append,23,3344500,,,,,,
append,24,3132500,,,,,,
append,25,3055100,,,,,,
append,26,2842900,,,,,,
append,27,2777900,,,,,,
append,28,2870600,,,,,,
append,29,2869600,,,,,,
append,30,3046200,,,,,,
append,31,2858500,,,,,,
append,32,2824300,,,,,,
append,33,3081500,,,,,,
append,34,2999300,,,,,,
append,35,2892101,,,,,,
append,36,3545500,,,,,,
append,37,3156800,,,,,,
append,38,2947700,,,,,,
append,39,2900300,,,,,,
append,40,3062600,,,,,,
append,41,3199900,,,,,,
append,42,3056300,,,,,,
append,43,3054400,,,,,,
append,44,2940200,,,,,,
append,45,3059800,,,,,,
append,46,3426800,,,,,,
append,47,3204100,,,,,,
append,48,2845600,,,,,,
append,49,2880000,,,,,,
append,50,2799100,,,,,,
append,51,3127800,,,,,,
append,52,3078700,,,,,,
append,53,2834101,,,,,,
append,54,3014800,,,,,,
append,55,2870900,,,,,,
append,56,3143500,,,,,,
append,57,2955800,,,,,,
append,58,2863500,,,,,,
append,59,2884000,,,,,,
append,60,2924800,,,,,,
append,61,2899400,,,,,,
append,62,3635300,,,,,,
append,63,3741000,,,,,,
append,64,2966000,,,,,,
append,65,2836600,,,,,,
append,66,2741000,,,,,,
append,67,3274400,,,,,,
append,68,3357600,,,,,,
append,69,3245100,,,,,,
append,70,3049900,,,,,,
append,71,2892401,,,,,,
append,72,3402600,,,,,,
append,73,3138000,,,,,,
append,74,2969500,,,,,,
append,75,2876700,,,,,,
append,76,2962000,,,,,,
append,77,3389800,,,,,,
append,78,3279500,,,,,,
append,79,2993500,,,,,,
append,80,3078300,,,,,,
append,81,2991000,,,,,,
append,82,3259000,,,,,,
append,83,3257600,,,,,,
append,84,3166300,,,,,,
append,85,3272900,,,,,,
append,86,3401000,,,,,,
append,87,3435200,,,,,,
append,88,3639101,,,,,,
append,89,3349200,,,,,,
append,90,3312900,,,,,,
append,91,3732800,,,,,,
append,92,3826000,,,,,,
append,93,3746500,,,,,,
append,94,3390700,,,,,,
append,95,3168100,,,,,,
append,96,3233300,,,,,,
append,97,3264700,,,,,,
append,98,3159500,,,,,,
append,99,3092600,,,,,,
append,100,2952800,,,,,,
append,101,3019900,,,,,,
append,102,2961400,,,,,,
append,103,3209100,,,,,,
append,104,3166400,,,,,,
append,105,3385301,,,,,,
append,106,3435400,,,,,,
append,107,3459900,,,,,,
append,108,3146900,,,,,,
append,109,3074800,,,,,,
append,110,3249100,,,,,,
append,111,3627700,,,,,,
append,112,3310500,,,,,,
append,113,3412400,,,,,,
append,114,3477600,,,,,,
append,115,3742500,,,,,,
append,116,3430600,,,,,,
append,117,3280600,,,,,,
append,118,3186000,,,,,,
append,119,3333300,,,,,,
append,120,3497800,,,,,,
append,121,3196500,,,,,,
append,122,3131701,,,,,,
append,123,3279800,,,,,,
append,124,3255500,,,,,,
append,125,3342900,,,,,,
append,126,3163400,,,,,,
append,127,3661700,,,,,,
append,128,4033600,,,,,,
append,129,3277600,,,,,,
append,130,3091300,,,,,,
append,131,3913600,,,,,,
append,132,3459000,,,,,,
append,133,3962500,,,,,,
append,134,3808100,,,,,,
append,135,3567000,,,,,,
append,136,3136900,,,,,,
append,137,3096000,,,,,,
append,138,3320801,,,,,,
append,139,3422700,,,,,,
append,140,3041800,,,,,,
append,141,2862100,,,,,,
append,142,2806800,,,,,,
append,143,3596000,,,,,,
append,144,3050600,,,,,,
append,145,2727900,,,,,,
append,146,2739500,,,,,,
append,147,2741800,,,,,,
append,148,2850500,,,,,,
append,149,4517200,,,,,,
append,150,4522800,,,,,,
append,151,3334400,,,,,,
append,152,3187600,,,,,,
append,153,3556300,,,,,,
append,154,3188800,,,,,,
append,155,3057901,,,,,,
append,156,3064200,,,,,,
append,157,3012200,,,,,,
append,158,3724600,,,,,,
append,159,3229100,,,,,,
append,160,3172000,,,,,,
append,161,3094000,,,,,,
append,162,3185400,,,,,,
append,163,3225500,,,,,,
append,164,3159800,,,,,,
append,165,3235300,,,,,,
append,166,3163000,,,,,,
append,167,3687300,,,,,,
append,168,3320700,,,,,,
append,169,3234000,,,,,,
append,170,3292900,,,,,,
append,171,3871300,,,,,,
append,172,3639101,,,,,,
append,173,3234200,,,,,,
append,174,3002100,,,,,,
append,175,2961300,,,,,,
append,176,2966500,,,,,,
append,177,3155600,,,,,,
append,178,2994500,,,,,,
append,179,2814700,,,,,,
append,180,2865800,,,,,,
append,181,2816900,,,,,,
append,182,2926700,,,,,,
append,183,2862700,,,,,,
append,184,2903400,,,,,,
append,185,2858500,,,,,,
append,186,2874800,,,,,,
append,187,2968700,,,,,,
append,188,3181300,,,,,,
append,189,3019000,,,,,,
append,190,3056100,,,,,,
append,191,3364501,,,,,,
append,192,3200300,,,,,,
append,193,2961100,,,,,,
append,194,3568200,,,,,,
append,195,3262000,,,,,,
append,196,2916300,,,,,,
append,197,2793400,,,,,,
append,198,3177400,,,,,,
append,199,2895200,,,,,,
append,200,2969200,,,,,,
append,201,3290800,,,,,,
append,202,3528800,,,,,,
append,203,3685800,,,,,,
append,204,3142400,,,,,,
append,205,3149800,,,,,,
append,206,3303300,,,,,,
append,207,2822600,,,,,,
append,208,2867001,,,,,,
append,209,2931400,,,,,,
append,210,2721800,,,,,,
append,211,2971600,,,,,,
append,212,2868700,,,,,,
append,213,2771700,,,,,,
append,214,2749100,,,,,,
append,215,2699200,,,,,,
append,216,2614900,,,,,,
append,217,2813600,,,,,,
append,218,2725400,,,,,,
append,219,2707100,,,,,,
append,220,3195100,,,,,,
append,221,3560800,,,,,,
append,222,3493800,,,,,,
append,223,3036400,,,,,,
append,224,2982800,,,,,,
append,225,3590200,,,,,,
append,226,3314000,,,,,,
append,227,3530601,,,,,,
append,228,3333100,,,,,,
append,229,3234900,,,,,,
append,230,3397400,,,,,,
append,231,3049000,,,,,,
append,232,3055200,,,,,,
append,233,3087700,,,,,,
append,234,3338200,,,,,,
append,235,3129800,,,,,,
append,236,3109500,,,,,,
append,237,3082200,,,,,,
append,238,3140900,,,,,,
append,239,3221600,,,,,,
append,240,3155600,,,,,,
append,241,3026800,,,,,,
append,242,3263800,,,,,,
append,243,3163200,,,,,,
append,244,3143301,,,,,,
append,245,3084700,,,,,,
append,246,3079600,,,,,,
append,247,2965300,,,,,,
append,248,3036800,,,,,,
append,249,3179600,,,,,,
append,250,3532800,,,,,,
append,251,3264100,,,,,,
append,252,3204700,,,,,,
append,253,3190200,,,,,,
append,254,3370700,,,,,,
append,255,3535500,,,,,,
append,256,3326800,,,,,,
append,257,3249200,,,,,,
append,258,2978900,,,,,,
append,259,3469600,,,,,,
append,260,3394500,,,,,,
append,261,2950501,,,,,,
append,262,3026200,,,,,,
append,263,2896800,,,,,,
append,264,4013700,,,,,,
append,265,3304000,,,,,,
append,266,3271500,,,,,,
append,267,3200400,,,,,,
append,268,3276700,,,,,,
append,269,3691800,,,,,,
append,270,3774600,,,,,,
append,271,3993800,,,,,,
append,272,3872100,,,,,,
append,273,3987200,,,,,,
append,274,3347400,,,,,,
append,275,3159200,,,,,,
append,276,3191400,,,,,,
append,277,3231300,,,,,,
append,278,3468201,,,,,,
append,279,3047200,,,,,,
append,280,3337000,,,,,,
append,281,3077500,,,,,,
append,282,3195800,,,,,,
append,283,3902000,,,,,,
append,284,3270500,,,,,,
append,285,3104300,,,,,,
append,286,3061600,,,,,,
append,287,3234900,,,,,,
append,288,3358900,,,,,,
append,289,3150300,,,,,,
append,290,2958000,,,,,,
append,291,3023200,,,,,,
append,292,3120600,,,,,,
append,293,3288000,,,,,,
append,294,3313000,,,,,,
append,295,3105601,,,,,,
append,296,3076000,,,,,,
append,297,3152600,,,,,,
append,298,2999800,,,,,,
append,299,3040800,,,,,,
append,300,3082800,,,,,,
append,301,3314500,,,,,,
append,302,3523100,,,,,,
append,303,3842600,,,,,,
append,304,3553500,,,,,,
append,305,3478700,,,,,,
append,306,3274900,,,,,,
append,307,3486100,,,,,,
append,308,3131500,,,,,,
append,309,3216400,,,,,,
append,310,3522300,,,,,,
append,311,3481200,,,,,,
append,312,3563201,,,,,,
append,313,3174300,,,,,,
append,314,3189800,,,,,,
append,315,3101800,,,,,,
append,316,3373600,,,,,,
append,317,3385200,,,,,,
append,318,3117600,,,,,,
append,319,3111200,,,,,,
append,320,2978700,,,,,,
append,321,3209900,,,,,,
append,322,3085000,,,,,,
append,323,2945300,,,,,,
append,324,2982100,,,,,,
append,325,3200600,,,,,,
append,326,3066600,,,,,,
append,327,3242700,,,,,,
append,328,3945300,,,,,,
append,329,3955901,,,,,,
append,330,3337800,,,,,,
append,331,3575000,,,,,,
append,332,3499900,,,,,,
append,333,3423300,,,,,,
append,334,3634100,,,,,,
append,335,3568300,,,,,,
append,336,4131600,,,,,,
append,337,4019600,,,,,,
append,338,3828900,,,,,,
append,339,4009600,,,,,,
append,340,3393300,,,,,,
append,341,3246900,,,,,,
append,342,3036500,,,,,,
append,343,3205100,,,,,,
append,344,3048700,,,,,,
append,345,2981901,,,,,,
append,346,2964500,,,,,,
append,347,2968100,,,,,,
append,348,2976300,,,,,,
append,349,3786600,,,,,,
append,350,3586700,,,,,,
append,351,3139800,,,,,,
append,352,3090200,,,,,,
append,353,3562000,,,,,,
append,354,3907200,,,,,,
append,355,3735300,,,,,,
append,356,3584000,,,,,,
append,357,3680800,,,,,,
append,358,3935300,,,,,,
append,359,3755800,,,,,,
append,360,3719000,,,,,,
append,361,3699101,,,,,,
append,362,3742500,,,,,,
append,363,3766500,,,,,,
append,364,3526000,,,,,,
append,365,3440200,,,,,,
append,366,3576800,,,,,,
append,367,3414900,,,,,,
append,368,3658400,,,,,,
append,369,3549000,,,,,,
append,370,3517400,,,,,,
append,371,3665100,,,,,,
append,372,3625100,,,,,,
append,373,3457100,,,,,,
append,374,3564700,,,,,,
append,375,4053900,,,,,,
append,376,3792301,,,,,,
append,377,3531300,,,,,,
append,378,3398000,,,,,,
append,379,3350500,,,,,,
append,380,3299000,,,,,,
append,381,3435000,,,,,,
append,382,3630800,,,,,,
append,383,3150200,,,,,,
append,384,3201000,,,,,,
append,385,3162800,,,,,,
append,386,3173600,,,,,,
append,387,3093600,,,,,,
append,388,3449900,,,,,,
append,389,3462200,,,,,,
append,390,3319300,,,,,,
append,391,3107200,,,,,,
append,392,3486400,,,,,,
append,393,3582601,,,,,,
append,394,3736600,,,,,,
append,395,3080700,,,,,,
append,396,3413600,,,,,,
append,397,3291100,,,,,,
append,398,3531000,,,,,,
append,399,3347200,,,,,,
append,400,3017300,,,,,,
append,401,3011700,,,,,,
append,402,3273700,,,,,,
append,403,3237900,,,,,,
append,404,3087000,,,,,,
append,405,2943400,,,,,,
append,406,2956600,,,,,,
append,407,2995700,,,,,,
append,408,3293000,,,,,,
append,409,3420000,,,,,,
append,410,3570701,,,,,,
append,411,3200800,,,,,,
append,412,3280900,,,,,,
append,413,3172800,,,,,,
append,414,3038100,,,,,,
append,415,2959700,,,,,,
append,416,3123800,,,,,,
append,417,3033600,,,,,,
append,418,3757600,,,,,,
append,419,3759400,,,,,,
append,420,3467300,,,,,,
append,421,3256500,,,,,,
append,422,3425800,,,,,,
append,423,3400500,,,,,,
append,424,3060200,,,,,,
append,425,3068600,,,,,,
append,426,3026600,,,,,,
append,427,3268401,,,,,,
append,428,3425700,,,,,,
append,429,3197800,,,,,,
append,430,3176700,,,,,,
append,431,3183200,,,,,,
append,432,3076200,,,,,,
append,433,3065300,,,,,,
append,434,2805200,,,,,,
append,435,2774700,,,,,,
append,436,2732500,,,,,,
append,437,2736500,,,,,,
append,438,2886700,,,,,,
append,439,2792600,,,,,,
append,440,2746900,,,,,,
append,441,2760600,,,,,,
append,442,2756500,,,,,,
append,443,3352600,,,,,,
append,444,3049500,,,,,,
append,445,2841500,,,,,,
append,446,2802701,,,,,,
append,447,2952500,,,,,,
append,448,2787600,,,,,,
append,449,3170500,,,,,,
append,450,3564400,,,,,,
append,451,3444500,,,,,,
append,452,3277600,,,,,,
append,453,3221600,,,,,,
append,454,3522300,,,,,,
append,455,6732800,,,,,,
append,456,2911400,,,,,,
append,457,3047600,,,,,,
append,458,4074100,,,,,,
append,459,4027700,,,,,,
append,460,2947800,,,,,,
append,461,2760200,,,,,,
append,462,3371401,,,,,,
append,463,3360500,,,,,,
append,464,3093300,,,,,,
append,465,3113900,,,,,,
append,466,3061900,,,,,,
append,467,3180000,,,,,,
append,468,2758100,,,,,,
append,469,3084200,,,,,,
append,470,3137300,,,,,,
append,471,3167300,,,,,,
append,472,3518600,,,,,,
append,473,2836900,,,,,,
append,474,2802600,,,,,,
append,475,2911600,,,,,,
append,476,2760900,,,,,,
append,477,2922800,,,,,,
append,478,3294800,,,,,,
append,479,3254400,,,,,,
append,480,3078201,,,,,,
append,481,3164100,,,,,,
append,482,3349800,,,,,,
append,483,3176800,,,,,,
append,484,3067900,,,,,,
append,485,3100600,,,,,,
append,486,3140100,,,,,,
append,487,3146700,,,,,,
append,488,3113400,,,,,,
append,489,3018600,,,,,,
append,490,2871000,,,,,,
append,491,2911900,,,,,,
append,492,2977300,,,,,,
append,493,2908800,,,,,,
append,494,2842800,,,,,,
append,495,2964100,,,,,,
append,496,2885100,,,,,,
append,497,2907500,,,,,,
append,498,3252801,,,,,,
append,499,2862400,,,,,,
append,500,2766600,,,,,,
append,501,2859800,,,,,,
append,502,3138300,,,,,,
append,503,3263600,,,,,,
append,504,3041600,,,,,,
append,505,2946300,,,,,,
append,506,2963400,,,,,,
append,507,3014200,,,,,,
append,508,3084100,,,,,,
append,509,2873400,,,,,,
append,510,2753400,,,,,,
append,511,2827800,,,,,,
append,512,2875600,,,,,,
append,513,3144900,,,,,,
append,514,3117800,,,,,,
append,515,2959600,,,,,,
append,516,3049200,,,,,,
append,517,2921101,,,,,,
append,518,3199600,,,,,,
append,519,3476200,,,,,,
append,520,3211100,,,,,,
append,521,3156400,,,,,,
append,522,3105400,,,,,,
append,523,3308200,,,,,,
append,524,3568200,,,,,,
append,525,3310000,,,,,,
append,526,3308300,,,,,,
append,527,3102600,,,,,,
append,528,3243100,,,,,,
append,529,3321300,,,,,,
append,530,3072900,,,,,,
append,531,3038600,,,,,,
append,532,3107500,,,,,,
append,533,3324700,,,,,,
append,534,3288201,,,,,,
append,535,3387100,,,,,,
append,536,4081500,,,,,,
append,537,3417900,,,,,,
append,538,3390000,,,,,,
append,539,3137700,,,,,,
append,540,3128700,,,,,,
append,541,3318400,,,,,,
append,542,3123400,,,,,,
append,543,2981800,,,,,,
append,544,2933000,,,,,,
append,545,2863900,,,,,,
append,546,3312400,,,,,,
append,547,3740900,,,,,,
append,548,8467700,,,,,,
append,549,3219401,,,,,,
append,550,3027400,,,,,,
append,551,3194200,,,,,,
append,552,3307100,,,,,,
append,553,3095900,,,,,,
append,554,3059900,,,,,,
append,555,3022000,,,,,,
append,556,3200800,,,,,,
append,557,3310900,,,,,,
append,558,3599000,,,,,,
append,559,3204100,,,,,,
append,560,3147800,,,,,,
append,561,3151800,,,,,,
append,562,3082200,,,,,,
append,563,3214100,,,,,,
append,564,3057300,,,,,,
append,565,3363000,,,,,,
append,566,3525500,,,,,,
append,567,3134301,,,,,,
append,568,3020000,,,,,,
append,569,3536100,,,,,,
append,570,3574700,,,,,,
append,571,3185100,,,,,,
append,572,3350300,,,,,,
append,573,3268700,,,,,,
append,574,3352600,,,,,,
append,575,3591400,,,,,,
append,576,3193700,,,,,,
append,577,3055300,,,,,,
append,578,3219400,,,,,,
append,579,3332000,,,,,,
append,580,3443800,,,,,,
append,581,3174800,,,,,,
append,582,3251300,,,,,,
append,583,2983600,,,,,,
append,584,3254701,,,,,,
append,585,3022700,,,,,,
append,586,2925700,,,,,,
append,587,3114700,,,,,,
append,588,2983800,,,,,,
append,589,3333300,,,,,,
append,590,3120500,,,,,,
append,591,3098400,,,,,,
append,592,3192300,,,,,,
append,593,3011700,,,,,,
append,594,3592700,,,,,,
append,595,3518400,,,,,,
append,596,3135300,,,,,,
append,597,3030500,,,,,,
append,598,3202200,,,,,,
append,599,3416900,,,,,,
append,600,3551000,,,,,,
append,601,3391801,,,,,,
append,602,3356600,,,,,,
append,603,2924500,,,,,,
append,604,3365700,,,,,,
append,605,3390000,,,,,,
append,606,3182400,,,,,,
append,607,3234600,,,,,,
append,608,3380000,,,,,,
append,609,3602600,,,,,,
append,610,3027600,,,,,,
append,611,2849900,,,,,,
append,612,2822200,,,,,,
append,613,2788700,,,,,,
append,614,2862900,,,,,,
append,615,3104100,,,,,,
append,616,2981100,,,,,,
append,617,2884400,,,,,,
append,618,2807300,,,,,,
append,619,3076201,,,,,,
append,620,3275200,,,,,,
append,621,3210700,,,,,,
append,622,3089900,,,,,,
append,623,3122500,,,,,,
append,624,3471600,,,,,,
append,625,3132200,,,,,,
append,626,3020800,,,,,,
append,627,2904100,,,,,,
append,628,2815500,,,,,,
append,629,2914000,,,,,,
append,630,2869900,,,,,,
append,631,2846300,,,,,,
append,632,2955400,,,,,,
append,633,2847200,,,,,,
append,634,2983600,,,,,,
append,635,3353000,,,,,,
append,636,3695900,,,,,,
append,637,3322501,,,,,,
append,638,2940000,,,,,,
append,639,3073800,,,,,,
append,640,3654900,,,,,,
append,641,3370700,,,,,,
append,642,3141600,,,,,,
append,643,3144100,,,,,,
append,644,3122900,,,,,,
append,645,2967600,,,,,,
append,646,2825400,,,,,,
append,647,2817700,,,,,,
append,648,2875600,,,,,,
append,649,2856800,,,,,,
append,650,2959500,,,,,,
append,651,2773700,,,,,,
append,652,2845600,,,,,,
append,653,2876300,,,,,,
append,654,2954200,,,,,,
append,655,3474901,,,,,,
append,656,3069400,,,,,,
append,657,2807900,,,,,,
append,658,2675600,,,,,,
append,659,2699100,,,,,,
append,660,2728600,,,,,,
append,661,3423200,,,,,,
append,662,3028900,,,,,,
append,663,2934600,,,,,,
append,664,3235800,,,,,,
append,665,3389300,,,,,,
append,666,3599500,,,,,,
append,667,3546900,,,,,,
append,668,3102200,,,,,,
append,669,2859200,,,,,,
append,670,2954900,,,,,,
append,671,3958400,,,,,,
append,672,3544000,,,,,,
append,673,3059101,,,,,,
append,674,2835700,,,,,,
append,675,3347500,,,,,,
append,676,3253500,,,,,,
append,677,2970900,,,,,,
append,678,2891100,,,,,,
append,679,2934200,,,,,,
append,680,2985700,,,,,,
append,681,3617800,,,,,,
append,682,3249500,,,,,,
append,683,3114400,,,,,,
append,684,3180700,,,,,,
append,685,3292700,,,,,,
append,686,3528700,,,,,,
append,687,3252900,,,,,,
append,688,3037800,,,,,,
append,689,2974800,,,,,,
append,690,3276801,,,,,,
append,691,3399900,,,,,,
append,692,3156500,,,,,,
append,693,2986300,,,,,,
append,694,2982200,,,,,,
append,695,3109300,,,,,,
append,696,3392700,,,,,,
append,697,3227900,,,,,,
append,698,3008900,,,,,,
append,699,3136300,,,,,,
append,700,3335000,,,,,,
append,701,3115800,,,,,,
append,702,3199100,,,,,,
append,703,3080900,,,,,,
append,704,3009100,,,,,,
append,705,3181900,,,,,,
append,706,3324900,,,,,,
append,707,3266500,,,,,,
append,708,3069201,,,,,,
append,709,3154700,,,,,,
append,710,2859300,,,,,,
append,711,2734200,,,,,,
append,712,2796600,,,,,,
append,713,2798800,,,,,,
append,714,2794600,,,,,,
append,715,2768200,,,,,,
append,716,2769600,,,,,,
append,717,2813800,,,,,,
append,718,3090700,,,,,,
append,719,3069600,,,,,,
append,720,3474700,,,,,,
append,721,3536200,,,,,,
append,722,3142200,,,,,,
append,723,3474600,,,,,,
append,724,3170700,,,,,,
append,725,3233000,,,,,,
append,726,3303101,,,,,,
append,727,3211000,,,,,,
append,728,3364000,,,,,,
append,729,3061600,,,,,,
append,730,2754100,,,,,,
append,731,2998200,,,,,,
append,732,3079900,,,,,,
append,733,3106200,,,,,,
append,734,3074100,,,,,,
append,735,3222200,,,,,,
append,736,3154100,,,,,,
append,737,3108800,,,,,,
append,738,3104500,,,,,,
append,739,3356700,,,,,,
append,740,3914100,,,,,,
append,741,3867900,,,,,,
append,742,3340800,,,,,,
append,743,3011600,,,,,,
append,744,3938301,,,,,,
append,745,3353700,,,,,,
append,746,3185400,,,,,,
append,747,3139100,,,,,,
append,748,3381100,,,,,,
append,749,3310900,,,,,,
append,750,4455600,,,,,,
append,751,3331000,,,,,,
append,752,3206200,,,,,,
append,753,3527000,,,,,,
append,754,3396000,,,,,,
append,755,3644200,,,,,,
append,756,3209800,,,,,,
append,757,3163000,,,,,,
append,758,3263000,,,,,,
append,759,3197000,,,,,,
append,760,3099101,,,,,,
append,761,2938300,,,,,,
append,762,2920900,,,,,,
append,763,2962300,,,,,,
append,764,3056900,,,,,,
append,765,3674400,,,,,,
append,766,3213200,,,,,,
append,767,3000100,,,,,,
append,768,2976100,,,,,,
append,769,3199400,,,,,,
append,770,3682600,,,,,,
append,771,3299300,,,,,,
append,772,3146000,,,,,,
append,773,3068600,,,,,,
append,774,3389700,,,,,,
append,775,3587400,,,,,,
append,776,3441600,,,,,,
append,777,3070901,,,,,,
append,778,2959400,,,,,,
append,779,3392000,,,,,,
append,780,3967600,,,,,,
append,781,3607400,,,,,,
append,782,3481800,,,,,,
append,783,3653800,,,,,,
append,784,3862200,,,,,,
append,785,3150800,,,,,,
append,786,3070700,,,,,,
append,787,2935000,,,,,,
append,788,3128200,,,,,,
append,789,3198400,,,,,,
append,790,3208500,,,,,,
append,791,3218000,,,,,,
append,792,3788000,,,,,,
append,793,3669400,,,,,,
append,794,3538801,,,,,,
append,795,3104600,,,,,,
append,796,3178600,,,,,,
append,797,2928900,,,,,,
append,798,3744900,,,,,,
append,799,3486400,,,,,,
append,800,3012700,,,,,,
append,801,2961700,,,,,,
append,802,2938000,,,,,,
append,803,3338300,,,,,,
append,804,3306200,,,,,,
append,805,3897200,,,,,,
append,806,3623500,,,,,,
append,807,3786200,,,,,,
append,808,3558000,,,,,,
append,809,3487500,,,,,,
append,810,3453701,,,,,,
append,811,3222100,,,,,,
append,812,3291200,,,,,,
append,813,3171900,,,,,,
append,814,3276200,,,,,,
append,815,3113900,,,,,,
append,816,3125700,,,,,,
append,817,4024000,,,,,,
append,818,3411100,,,,,,
append,819,3400700,,,,,,
append,820,2887900,,,,,,
append,821,3114200,,,,,,
append,822,3211400,,,,,,
append,823,2995700,,,,,,
append,824,2900100,,,,,,
append,825,2916500,,,,,,
append,826,2977600,,,,,,
append,827,3432701,,,,,,
append,828,3226200,,,,,,
append,829,2868300,,,,,,
append,830,2889100,,,,,,
append,831,2822100,,,,,,
append,832,2878900,,,,,,
append,833,2663500,,,,,,
append,834,2650100,,,,,,
append,835,2925200,,,,,,
append,836,2928400,,,,,,
append,837,2781000,,,,,,
append,838,2773700,,,,,,
append,839,2794000,,,,,,
append,840,2822600,,,,,,
append,841,2810300,,,,,,
append,842,2705600,,,,,,
append,843,2953900,,,,,,
append,844,3313900,,,,,,
append,845,3138800,,,,,,
append,846,3257200,,,,,,
append,847,3054901,,,,,,
append,848,3635100,,,,,,
append,849,3264100,,,,,,
append,850,2953900,,,,,,
append,851,3263700,,,,,,
append,852,3153400,,,,,,
append,853,3315000,,,,,,
append,854,3215300,,,,,,
append,855,3056500,,,,,,
append,856,3031900,,,,,,
append,857,3102900,,,,,,
append,858,3220900,,,,,,
append,859,3186800,,,,,,
append,860,3071700,,,,,,
append,861,3098900,,,,,,
append,862,3148800,,,,,,
append,863,3186300,,,,,,
append,864,3109701,,,,,,
append,865,3076300,,,,,,
append,866,3056900,,,,,,
append,867,3862100,,,,,,
append,868,3342000,,,,,,
append,869,2912900,,,,,,
append,870,2910900,,,,,,
append,871,2939300,,,,,,
append,872,2912000,,,,,,
append,873,3127100,,,,,,
append,874,3349200,,,,,,
append,875,3207800,,,,,,
append,876,3025300,,,,,,
append,877,2753700,,,,,,
append,878,3174500,,,,,,
append,879,3097600,,,,,,
append,880,2834500,,,,,,
append,881,2844500,,,,,,
append,882,2801401,,,,,,
append,883,2963800,,,,,,
append,884,3094900,,,,,,
append,885,2864700,,,,,,
append,886,2912700,,,,,,
append,887,2965700,,,,,,
append,888,3097100,,,,,,
append,889,3563400,,,,,,
append,890,3367700,,,,,,
append,891,3054600,,,,,,
append,892,2967300,,,,,,
append,893,3022100,,,,,,
append,894,3238200,,,,,,
append,895,3324700,,,,,,
append,896,2946500,,,,,,
append,897,2923800,,,,,,
append,898,3065200,,,,,,
append,899,3164900,,,,,,
append,900,3122201,,,,,,
append,901,3141300,,,,,,
append,902,3163200,,,,,,
append,903,2981300,,,,,,
append,904,3166200,,,,,,
append,905,3234500,,,,,,
append,906,3486900,,,,,,
append,907,3327800,,,,,,
append,908,3325500,,,,,,
append,909,3763600,,,,,,
append,910,3478900,,,,,,
append,911,3363900,,,,,,
append,912,3754300,,,,,,
append,913,3697600,,,,,,
append,914,3230000,,,,,,
append,915,3529400,,,,,,
append,916,3347800,,,,,,
append,917,3388201,,,,,,
append,918,3021500,,,,,,
append,919,3090500,,,,,,
append,920,3019500,,,,,,
append,921,2802500,,,,,,
append,922,2787900,,,,,,
append,923,3222300,,,,,,
append,924,3036500,,,,,,
append,925,3049200,,,,,,
append,926,3084800,,,,,,
append,927,2905500,,,,,,
append,928,2912000,,,,,,
append,929,3051900,,,,,,
append,930,2873900,,,,,,
append,931,2980100,,,,,,
append,932,3294500,,,,,,
append,933,3360500,,,,,,
append,934,3249900,,,,,,
append,935,3138901,,,,,,
append,936,3962000,,,,,,
append,937,3386200,,,,,,
append,938,3263000,,,,,,
append,939,3192800,,,,,,
append,940,3190600,,,,,,
append,941,3229700,,,,,,
append,942,3912600,,,,,,
append,943,3968700,,,,,,
append,944,3603700,,,,,,
append,945,3113700,,,,,,
append,946,3330400,,,,,,
append,947,3417900,,,,,,
append,948,3440400,,,,,,
append,949,3608600,,,,,,
append,950,3602900,,,,,,
append,951,3608701,,,,,,
append,952,3272600,,,,,,
append,953,3056400,,,,,,
append,954,2883400,,,,,,
append,955,2842000,,,,,,
append,956,2974100,,,,,,
append,957,2951000,,,,,,
append,958,2848800,,,,,,
append,959,2908200,,,,,,
append,960,3118900,,,,,,
append,961,3212400,,,,,,
append,962,3214100,,,,,,
append,963,3232900,,,,,,
append,964,3016200,,,,,,
append,965,2927300,,,,,,
append,966,2919500,,,,,,
append,967,3220100,,,,,,
append,968,2994600,,,,,,
append,969,2999001,,,,,,
append,970,3037100,,,,,,
append,971,3016400,,,,,,
append,972,3061200,,,,,,
append,973,2913200,,,,,,
append,974,2852800,,,,,,
append,975,2799700,,,,,,
append,976,2863200,,,,,,
append,977,2877100,,,,,,
append,978,2866400,,,,,,
append,979,2828700,,,,,,
append,980,2831800,,,,,,
append,981,2820000,,,,,,
append,982,2910900,,,,,,
append,983,2949800,,,,,,
append,984,2902900,,,,,,
append,985,2828600,,,,,,
append,986,2802500,,,,,,
append,987,2913100,,,,,,
append,988,3495401,,,,,,
append,989,3621800,,,,,,
append,990,2898500,,,,,,
append,991,2801500,,,,,,
append,992,2789000,,,,,,
append,993,3127800,,,,,,
append,994,3077900,,,,,,
append,995,3074200,,,,,,
append,996,3096500,,,,,,
append,997,3062200,,,,,,
append,998,3633300,,,,,,
append,999,3179600,,,,,,
append,1000,2944700,,,,,,
append,1001,2866500,,,,,,
append,1002,2820300,,,,,,
append,1003,2919100,,,,,,
append,1004,2796500,,,,,,
append,1005,2877000,,,,,,
append,1006,3180400,,,,,,
append,1007,3053101,,,,,,
append,1008,2984700,,,,,,
append,1009,3156100,,,,,,
append,1010,2836000,,,,,,
append,1011,2843800,,,,,,
append,1012,3030400,,,,,,
append,1013,3285000,,,,,,
append,1014,3303800,,,,,,
append,1015,2884800,,,,,,
append,1016,3053100,,,,,,
append,1017,3558300,,,,,,
append,1018,3010700,,,,,,
append,1019,3037800,,,,,,
append,1020,3197800,,,,,,
append,1021,3251700,,,,,,
append,1022,3159300,,,,,,
append,1023,3188500,,,,,,
append,1024,3505201,,,,,,
append,1025,3272900,,,,,,
append,1026,3490100,,,,,,
append,1027,3316400,,,,,,
append,1028,3274700,,,,,,
append,1029,3388700,,,,,,
append,1030,3145400,,,,,,
append,1031,3084300,,,,,,
append,1032,3345100,,,,,,
append,1033,3487700,,,,,,
append,1034,3356800,,,,,,
append,1035,3244100,,,,,,
append,1036,3213600,,,,,,
append,1037,3188300,,,,,,
append,1038,3399300,,,,,,
append,1039,3294200,,,,,,
append,1040,3179300,,,,,,
append,1041,3073901,,,,,,
append,1042,3156400,,,,,,
append,1043,3382100,,,,,,
append,1044,2995400,,,,,,
append,1045,3070700,,,,,,
append,1046,3013300,,,,,,
append,1047,2894900,,,,,,
append,1048,3679100,,,,,,
append,1049,3151400,,,,,,
append,1050,2932700,,,,,,
append,1051,2894100,,,,,,
append,1052,3010700,,,,,,
append,1053,3096500,,,,,,
append,1054,2919800,,,,,,
append,1055,2981100,,,,,,
append,1056,3107700,,,,,,
append,1057,2894100,,,,,,
append,1058,2782600,,,,,,
append,1059,2859900,,,,,,
append,1060,2884701,,,,,,
append,1061,2966000,,,,,,
append,1062,2903000,,,,,,
append,1063,2931400,,,,,,
append,1064,3408200,,,,,,
append,1065,2860900,,,,,,
append,1066,2710900,,,,,,
append,1067,2805500,,,,,,
append,1068,2775400,,,,,,
append,1069,2835300,,,,,,
append,1070,3141800,,,,,,
append,1071,3046100,,,,,,
append,1072,2779600,,,,,,
append,1073,2799000,,,,,,
append,1074,2980500,,,,,,
append,1075,3046600,,,,,,
append,1076,3105600,,,,,,
append,1077,2885500,,,,,,
append,1078,2814600,,,,,,
append,1079,2865601,,,,,,
append,1080,2957700,,,,,,
append,1081,2958000,,,,,,
append,1082,3190300,,,,,,
append,1083,3351100,,,,,,
append,1084,3274900,,,,,,
append,1085,2890600,,,,,,
append,1086,2946400,,,,,,
append,1087,3004100,,,,,,
append,1088,2886400,,,,,,
append,1089,2873700,,,,,,
append,1090,2985300,,,,,,
append,1091,2898700,,,,,,
append,1092,2748600,,,,,,
append,1093,2729000,,,,,,
append,1094,2875900,,,,,,
append,1095,2843800,,,,,,
append,1096,2985100,,,,,,
append,1097,3005101,,,,,,
append,1098,3120600,,,,,,
append,1099,2868600,,,,,,
append,1100,2871200,,,,,,
append,1101,2853800,,,,,,
append,1102,3773600,,,,,,
append,1103,2878300,,,,,,
append,1104,3029000,,,,,,
append,1105,2835700,,,,,,
append,1106,3076600,,,,,,
append,1107,3416800,,,,,,
append,1108,3224900,,,,,,
append,1109,2999000,,,,,,
append,1110,2731800,,,,,,
append,1111,2735100,,,,,,
append,1112,3294700,,,,,,
append,1113,3687200,,,,,,
append,1114,3671000,,,,,,
append,1115,3205901,,,,,,
append,1116,3371000,,,,,,
append,1117,3406300,,,,,,
append,1118,3084000,,,,,,
append,1119,3030700,,,,,,
append,1120,2986900,,,,,,
append,1121,2869200,,,,,,
append,1122,2943700,,,,,,
append,1123,2995900,,,,,,
append,1124,2894400,,,,,,
append,1125,2917300,,,,,,
append,1126,2848800,,,,,,
append,1127,2870800,,,,,,
append,1128,3066800,,,,,,
append,1129,2862400,,,,,,
append,1130,2846400,,,,,,
append,1131,2880900,,,,,,
append,1132,2816800,,,,,,
append,1133,3178900,,,,,,
append,1134,2805401,,,,,,
append,1135,2850000,,,,,,
append,1136,2857500,,,,,,
append,1137,2840300,,,,,,
append,1138,3245400,,,,,,
append,1139,3228100,,,,,,
append,1140,3010200,,,,,,
append,1141,2841800,,,,,,
append,1142,2999700,,,,,,
append,1143,2954100,,,,,,
append,1144,2946200,,,,,,
append,1145,2935900,,,,,,
append,1146,2859800,,,,,,
append,1147,3316100,,,,,,
append,1148,3604200,,,,,,
append,1149,3242100,,,,,,
append,1150,2961400,,,,,,
append,1151,2875900,,,,,,
append,1152,2893901,,,,,,
append,1153,3185600,,,,,,
append,1154,3706200,,,,,,
append,1155,3560400,,,,,,
append,1156,3001400,,,,,,
append,1157,2860100,,,,,,
append,1158,3125000,,,,,,
append,1159,3186600,,,,,,
append,1160,2980900,,,,,,
append,1161,2797500,,,,,,
append,1162,2995600,,,,,,
append,1163,3002100,,,,,,
append,1164,3735700,,,,,,
append,1165,3080700,,,,,,
append,1166,2897200,,,,,,
append,1167,3006200,,,,,,
append,1168,2938100,,,,,,
append,1169,3459400,,,,,,
append,1170,2936901,,,,,,
append,1171,2899000,,,,,,
append,1172,2961900,,,,,,
append,1173,2823900,,,,,,
append,1174,2898400,,,,,,
append,1175,2889900,,,,,,
append,1176,3045800,,,,,,
append,1177,2850400,,,,,,
append,1178,2824300,,,,,,
append,1179,2904000,,,,,,
append,1180,2945200,,,,,,
append,1181,2989000,,,,,,
append,1182,2854200,,,,,,
append,1183,2787100,,,,,,
append,1184,2978000,,,,,,
append,1185,3315300,,,,,,
append,1186,3318000,,,,,,
append,1187,3169000,,,,,,
append,1188,2890100,,,,,,
append,1189,2873401,,,,,,
append,1190,3189200,,,,,,
append,1191,3241800,,,,,,
append,1192,2919800,,,,,,
append,1193,2903200,,,,,,
append,1194,2897000,,,,,,
append,1195,3325000,,,,,,
append,1196,3112500,,,,,,
append,1197,3057500,,,,,,
append,1198,2843500,,,,,,
append,1199,2767000,,,,,,
append,1200,3188700,,,,,,
append,1201,3149700,,,,,,
append,1202,3534100,,,,,,
append,1203,3485500,,,,,,
append,1204,3288200,,,,,,
append,1205,3264900,,,,,,
append,1206,3050300,,,,,,
append,1207,3102501,,,,,,
append,1208,3025400,,,,,,
append,1209,2864800,,,,,,
append,1210,3125500,,,,,,
append,1211,2874300,,,,,,
append,1212,2902800,,,,,,
append,1213,2921200,,,,,,
append,1214,3198300,,,,,,
append,1215,3710600,,,,,,
append,1216,4016400,,,,,,
append,1217,3659100,,,,,,
append,1218,3535600,,,,,,
append,1219,3293100,,,,,,
append,1220,3432200,,,,,,
append,1221,3362600,,,,,,
append,1222,2924700,,,,,,
append,1223,3392000,,,,,,
append,1224,3523901,,,,,,
append,1225,3466100,,,,,,
append,1226,3248700,,,,,,
append,1227,3191600,,,,,,
append,1228,3250300,,,,,,
append,1229,3278600,,,,,,
append,1230,3191600,,,,,,
append,1231,3137800,,,,,,
append,1232,3423200,,,,,,
append,1233,3592700,,,,,,
append,1234,3295100,,,,,,
append,1235,3084800,,,,,,
append,1236,3051500,,,,,,
append,1237,3052000,,,,,,
append,1238,3093900,,,,,,
append,1239,3544400,,,,,,
append,1240,3352500,,,,,,
append,1241,3152101,,,,,,
append,1242,3186300,,,,,,
append,1243,3140900,,,,,,
append,1244,3335300,,,,,,
append,1245,3464300,,,,,,
append,1246,3654100,,,,,,
append,1247,3154700,,,,,,
append,1248,3416800,,,,,,
append,1249,3644800,,,,,,
append,1250,3314600,,,,,,
append,1251,3035800,,,,,,
append,1252,2893600,,,,,,
append,1253,2955100,,,,,,
append,1254,2893000,,,,,,
append,1255,2762100,,,,,,
append,1256,2967300,,,,,,
append,1257,2769200,,,,,,
append,1258,2574701,,,,,,
append,1259,2698200,,,,,,
append,1260,3261400,,,,,,
append,1261,2916600,,,,,,
append,1262,2857700,,,,,,
append,1263,2786600,,,,,,
append,1264,2783600,,,,,,
append,1265,3306100,,,,,,
append,1266,2982200,,,,,,
append,1267,3126300,,,,,,
append,1268,2978900,,,,,,
append,1269,2933700,,,,,,
append,1270,3354700,,,,,,
append,1271,3045500,,,,,,
append,1272,2840200,,,,,,
append,1273,3057100,,,,,,
append,1274,3357000,,,,,,
append,1275,3748499,,,,,,
append,1276,3190999,,,,,,
append,1277,3115799,,,,,,
append,1278,2834599,,,,,,
append,1279,2825299,,,,,,
append,1280,2882499,,,,,,
append,1281,2984200,,,,,,
append,1282,2800299,,,,,,
append,1283,2745799,,,,,,
append,1284,2888299,,,,,,
append,1285,2824299,,,,,,
append,1286,3230300,,,,,,
append,1287,3060699,,,,,,
append,1288,2963699,,,,,,
append,1289,2924799,,,,,,
append,1290,2863199,,,,,,
append,1291,3046499,,,,,,
append,1292,3025900,,,,,,
append,1293,3210799,,,,,,
append,1294,3468199,,,,,,
append,1295,2902899,,,,,,
append,1296,2799999,,,,,,
append,1297,2604299,,,,,,
append,1298,2693200,,,,,,
append,1299,2775199,,,,,,
append,1300,2627199,,,,,,
append,1301,2693399,,,,,,
append,1302,3134599,,,,,,
append,1303,2876500,,,,,,
append,1304,2810399,,,,,,
append,1305,2750899,,,,,,
append,1306,2799299,,,,,,
append,1307,2704500,,,,,,
append,1308,2667599,,,,,,
append,1309,2773999,,,,,,
append,1310,2819199,,,,,,
append,1311,2674500,,,,,,
append,1312,2644899,,,,,,
append,1313,2868899,,,,,,
append,1314,2833699,,,,,,
append,1315,3270299,,,,,,
append,1316,3039699,,,,,,
append,1317,3150400,,,,,,
append,1318,3216599,,,,,,
append,1319,4192699,,,,,,
append,1320,3289899,,,,,,
append,1321,2895499,,,,,,
append,1322,2940599,,,,,,
append,1323,2877199,,,,,,
append,1324,2780699,,,,,,
append,1325,2880000,,,,,,
append,1326,2887899,,,,,,
append,1327,3028099,,,,,,
append,1328,2779699,,,,,,
append,1329,3346899,,,,,,
append,1330,2965499,,,,,,
append,1331,3006200,,,,,,
append,1332,3052099,,,,,,
append,1333,2920499,,,,,,
append,1334,3138299,,,,,,
append,1335,2951899,,,,,,
append,1336,2801299,,,,,,
append,1337,2768100,,,,,,
append,1338,3062599,,,,,,
append,1339,2913799,,,,,,
append,1340,3292999,,,,,,
append,1341,3036199,,,,,,
append,1342,2891399,,,,,,
append,1343,2922300,,,,,,
append,1344,2916899,,,,,,
append,1345,3102299,,,,,,
append,1346,3099699,,,,,,
append,1347,2998099,,,,,,
append,1348,2907999,,,,,,
append,1349,2937900,,,,,,
append,1350,3231799,,,,,,
append,1351,3198899,,,,,,
append,1352,2959599,,,,,,
append,1353,2952699,,,,,,
append,1354,3043299,,,,,,
append,1355,3225899,,,,,,
append,1356,3486700,,,,,,
append,1357,2942299,,,,,,
append,1358,2801999,,,,,,
append,1359,3086099,,,,,,
append,1360,3055999,,,,,,
append,1361,3000099,,,,,,
append,1362,2707400,,,,,,
append,1363,2667099,,,,,,
append,1364,2653799,,,,,,
append,1365,2766699,,,,,,
append,1366,3114800,,,,,,
append,1367,3633098,,,,,,
append,1368,3420100,,,,,,
append,1369,2636399,,,,,,
append,1370,2605899,,,,,,
append,1371,2967999,,,,,,
append,1372,2965299,,,,,,
append,1373,2730100,,,,,,
append,1374,2796799,,,,,,
append,1375,2674099,,,,,,
append,1376,2667099,,,,,,
append,1377,3035600,,,,,,
append,1378,2828499,,,,,,
append,1379,2834299,,,,,,
append,1380,2730199,,,,,,
append,1381,2712499,,,,,,
append,1382,2927300,,,,,,
append,1383,3376999,,,,,,
append,1384,2866199,,,,,,
append,1385,2784999,,,,,,
append,1386,2858699,,,,,,
append,1387,2872400,,,,,,
append,1388,3127299,,,,,,
append,1389,2871099,,,,,,
append,1390,2978699,,,,,,
append,1391,2960899,,,,,,
append,1392,2950999,,,,,,
append,1393,2965300,,,,,,
append,1394,3068599,,,,,,
append,1395,3246899,,,,,,
append,1396,3099899,,,,,,
append,1397,3005299,,,,,,
append,1398,3235099,,,,,,
append,1399,3230099,,,,,,
append,1400,3011499,,,,,,
append,1401,2769700,,,,,,
append,1402,2929099,,,,,,
append,1403,2991099,,,,,,
append,1404,2983699,,,,,,
append,1405,2954199,,,,,,
append,1406,2883500,,,,,,
append,1407,2792699,,,,,,
append,1408,2897399,,,,,,
append,1409,2995699,,,,,,
append,1410,2942899,,,,,,
append,1411,2930800,,,,,,
append,1412,2889599,,,,,,
append,1413,2802699,,,,,,
append,1414,2885199,,,,,,
append,1415,2831899,,,,,,
append,1416,2953800,,,,,,
append,1417,2900399,,,,,,
append,1418,2704199,,,,,,
append,1419,2848199,,,,,,
append,1420,3190299,,,,,,
append,1421,2927600,,,,,,
append,1422,2700999,,,,,,
append,1423,2554099,,,,,,
append,1424,2625799,,,,,,
append,1425,3069499,,,,,,
append,1426,2989200,,,,,,
append,1427,2885199,,,,,,
append,1428,3067799,,,,,,
append,1429,2736499,,,,,,
append,1430,2668699,,,,,,
append,1431,2624800,,,,,,
append,1432,2679399,,,,,,
append,1433,2877499,,,,,,
append,1434,3176999,,,,,,
append,1435,2675800,,,,,,
append,1436,2929499,,,,,,
append,1437,3606499,,,,,,
append,1438,2754299,,,,,,
append,1439,3051799,,,,,,
append,1440,3115199,,,,,,
append,1441,3468299,,,,,,
append,1442,3741099,,,,,,
append,1443,2823199,,,,,,
append,1444,3592699,,,,,,
append,1445,3541799,,,,,,
append,1446,3212400,,,,,,
append,1447,2855899,,,,,,
append,1448,2768099,,,,,,
append,1449,2755699,,,,,,
append,1450,2860499,,,,,,
append,1451,3043000,,,,,,
append,1452,3692499,,,,,,
append,1453,3143499,,,,,,
append,1454,2992799,,,,,,
append,1455,3086099,,,,,,
append,1456,3175699,,,,,,
append,1457,3445399,,,,,,
append,1458,3046799,,,,,,
append,1459,3089499,,,,,,
append,1460,2895300,,,,,,
append,1461,3259999,,,,,,
append,1462,3019799,,,,,,
append,1463,2843299,,,,,,
append,1464,2757699,,,,,,
append,1465,2739400,,,,,,
append,1466,2885699,,,,,,
append,1467,3024799,,,,,,
append,1468,2943199,,,,,,
append,1469,2816399,,,,,,
append,1470,2890300,,,,,,
append,1471,2885599,,,,,,
append,1472,3102799,,,,,,
append,1473,3083499,,,,,,
append,1474,2971299,,,,,,
append,1475,3074099,,,,,,
append,1476,2890300,,,,,,
append,1477,3103599,,,,,,
append,1478,2946899,,,,,,
append,1479,2891899,,,,,,
append,1480,2879399,,,,,,
append,1481,2827899,,,,,,
append,1482,2892900,,,,,,
append,1483,3294699,,,,,,
append,1484,3184699,,,,,,
append,1485,2878199,,,,,,
append,1486,2928099,,,,,,
append,1487,2901999,,,,,,
append,1488,3442299,,,,,,
append,1489,3197900,,,,,,
append,1490,2925799,,,,,,
append,1491,2797799,,,,,,
append,1492,2819299,,,,,,
append,1493,2957199,,,,,,
append,1494,3038100,,,,,,
append,1495,2994699,,,,,,
append,1496,2824999,,,,,,
append,1497,2731399,,,,,,
append,1498,2804599,,,,,,
append,1499,3147699,,,,,,
append,1500,3107800,,,,,,
append,1501,2930199,,,,,,
append,1502,3007299,,,,,,
append,1503,2902899,,,,,,
append,1504,3267199,,,,,,
append,1505,3059699,,,,,,
append,1506,2838800,,,,,,
append,1507,2767499,,,,,,
append,1508,2792499,,,,,,
append,1509,3167399,,,,,,
append,1510,3364799,,,,,,
append,1511,3112899,,,,,,
append,1512,3313499,,,,,,
append,1513,3351400,,,,,,
append,1514,3058399,,,,,,
append,1515,2937599,,,,,,
append,1516,3189199,,,,,,
append,1517,3183199,,,,,,
append,1518,2954699,,,,,,
append,1519,3175899,,,,,,
append,1520,2964900,,,,,,
append,1521,2762499,,,,,,
append,1522,2837699,,,,,,
append,1523,2916799,,,,,,
append,1524,2849099,,,,,,
append,1525,2864400,,,,,,
append,1526,2891899,,,,,,
append,1527,3131399,,,,,,
append,1528,2942899,,,,,,
append,1529,2923399,,,,,,
append,1530,2968899,,,,,,
append,1531,2861500,,,,,,
append,1532,2908099,,,,,,
append,1533,3173899,,,,,,
append,1534,2947099,,,,,,
append,1535,2968399,,,,,,
append,1536,2707700,,,,,,
append,1537,2705599,,,,,,
append,1538,2662299,,,,,,
append,1539,2715699,,,,,,
append,1540,2676000,,,,,,
append,1541,3003199,,,,,,
append,1542,2871799,,,,,,
append,1543,2877799,,,,,,
append,1544,2921999,,,,,,
append,1545,2895300,,,,,,
append,1546,2886099,,,,,,
append,1547,3274199,,,,,,
append,1548,3066399,,,,,,
append,1549,2976899,,,,,,
append,1550,3040499,,,,,,
append,1551,3281799,,,,,,
append,1552,3816399,,,,,,
append,1553,3619199,,,,,,
append,1554,3113299,,,,,,
append,1555,3038000,,,,,,
append,1556,2947899,,,,,,
append,1557,3031899,,,,,,
append,1558,4002499,,,,,,
append,1559,2918599,,,,,,
append,1560,2909999,,,,,,
append,1561,2931999,,,,,,
append,1562,3387099,,,,,,
append,1563,2828500,,,,,,
append,1564,2902699,,,,,,
append,1565,2793699,,,,,,
append,1566,2963299,,,,,,
append,1567,2992699,,,,,,
append,1568,3028400,,,,,,
append,1569,2735299,,,,,,
append,1570,2744599,,,,,,
append,1571,2904299,,,,,,
append,1572,3244899,,,,,,
append,1573,3048699,,,,,,
append,1574,2745900,,,,,,
append,1575,2737299,,,,,,
append,1576,2800199,,,,,,
append,1577,3312899,,,,,,
append,1578,2954199,,,,,,
append,1579,2812700,,,,,,
append,1580,2766399,,,,,,
append,1581,3017699,,,,,,
append,1582,3045799,,,,,,
append,1583,3169299,,,,,,
append,1584,3246499,,,,,,
append,1585,3248899,,,,,,
append,1586,3495500,,,,,,
append,1587,2693999,,,,,,
append,1588,2609199,,,,,,
append,1589,2687299,,,,,,
append,1590,2729900,,,,,,
append,1591,2543999,,,,,,
append,1592,2630099,,,,,,
append,1593,2596499,,,,,,
append,1594,2707400,,,,,,
append,1595,2952799,,,,,,
append,1596,2760699,,,,,,
append,1597,2652099,,,,,,
append,1598,2541000,,,,,,
append,1599,2625899,,,,,,
append,1600,2968999,,,,,,
append,1601,3050699,,,,,,
append,1602,2809999,,,,,,
append,1603,2600500,,,,,,
append,1604,2538899,,,,,,
append,1605,2537399,,,,,,
append,1606,2729699,,,,,,
append,1607,2629900,,,,,,
append,1608,2539599,,,,,,
append,1609,2693199,,,,,,
append,1610,2523100,,,,,,
append,1611,2564499,,,,,,
append,1612,2847999,,,,,,
append,1613,3123399,,,,,,
append,1614,2918499,,,,,,
append,1615,2744100,,,,,,
append,1616,2853199,,,,,,
append,1617,2746799,,,,,,
append,1618,2620199,,,,,,
append,1619,2619200,,,,,,
append,1620,2640599,,,,,,
append,1621,2654799,,,,,,
append,1622,2587099,,,,,,
append,1623,2752100,,,,,,
append,1624,2769099,,,,,,
append,1625,3045799,,,,,,
append,1626,2625499,,,,,,
append,1627,2590500,,,,,,
append,1628,2646599,,,,,,
append,1629,3043299,,,,,,
append,1630,2743499,,,,,,
append,1631,2904199,,,,,,
append,1632,2870700,,,,,,
append,1633,2890099,,,,,,
append,1634,2771299,,,,,,
append,1635,2834299,,,,,,
append,1636,2636500,,,,,,
append,1637,2657999,,,,,,
append,1638,2818499,,,,,,
append,1639,2777399,,,,,,
append,1640,2997099,,,,,,
append,1641,2820200,,,,,,
append,1642,2840899,,,,,,
append,1643,2876699,,,,,,
append,1644,2735099,,,,,,
append,1645,2692100,,,,,,
append,1646,2890499,,,,,,
append,1647,2672599,,,,,,
append,1648,2828499,,,,,,
append,1649,2743399,,,,,,
append,1650,2876100,,,,,,
append,1651,2900299,,,,,,
append,1652,2769299,,,,,,
append,1653,8427698,,,,,,
append,1654,3069199,,,,,,
append,1655,2995299,,,,,,
append,1656,2805599,,,,,,
append,1657,2775399,,,,,,
append,1658,2909600,,,,,,
append,1659,3120099,,,,,,
append,1660,4290799,,,,,,
append,1661,4400498,,,,,,
append,1662,3610199,,,,,,
append,1663,3119000,,,,,,
append,1664,3126999,,,,,,
append,1665,2815799,,,,,,
append,1666,2552799,,,,,,
append,1667,2545399,,,,,,
append,1668,2581300,,,,,,
append,1669,2661699,,,,,,
append,1670,3015799,,,,,,
append,1671,2810999,,,,,,
append,1672,2798100,,,,,,
append,1673,2669599,,,,,,
append,1674,2635099,,,,,,
append,1675,2796399,,,,,,
append,1676,2933600,,,,,,
append,1677,2703499,,,,,,
append,1678,2637999,,,,,,
append,1679,2747299,,,,,,
append,1680,2720099,,,,,,
append,1681,2850100,,,,,,
append,1682,2956299,,,,,,
append,1683,2650899,,,,,,
append,1684,2580499,,,,,,
append,1685,2606200,,,,,,
append,1686,2625399,,,,,,
append,1687,2965799,,,,,,
append,1688,3142699,,,,,,
append,1689,2784499,,,,,,
append,1690,2597900,,,,,,
append,1691,2589099,,,,,,
append,1692,2571099,,,,,,
append,1693,3034999,,,,,,
append,1694,2872300,,,,,,
append,1695,3059399,,,,,,
append,1696,2821599,,,,,,
append,1697,2649899,,,,,,
append,1698,2715700,,,,,,
append,1699,2905999,,,,,,
append,1700,2912099,,,,,,
append,1701,2914299,,,,,,
append,1702,2849199,,,,,,
append,1703,3271999,,,,,,
append,1704,3019800,,,,,,
append,1705,2988399,,,,,,
append,1706,2821699,,,,,,
append,1707,2860999,,,,,,
append,1708,2834199,,,,,,
append,1709,3049400,,,,,,
append,1710,3242999,,,,,,
append,1711,3102599,,,,,,
append,1712,2981699,,,,,,
append,1713,2755699,,,,,,
append,1714,2847899,,,,,,
append,1715,2763400,,,,,,
append,1716,2886899,,,,,,
append,1717,2997599,,,,,,
append,1718,2936999,,,,,,
append,1719,2918099,,,,,,
append,1720,3087599,,,,,,
append,1721,2834800,,,,,,
append,1722,3033499,,,,,,
append,1723,2808999,,,,,,
append,1724,2734899,,,,,,
append,1725,2885900,,,,,,
append,1726,2800199,,,,,,
append,1727,2948099,,,,,,
append,1728,2880599,,,,,,
append,1729,2830699,,,,,,
append,1730,3308699,,,,,,
append,1731,2924900,,,,,,
append,1732,2997199,,,,,,
append,1733,3105199,,,,,,
append,1734,3990999,,,,,,
append,1735,3628999,,,,,,
append,1736,3546599,,,,,,
append,1737,3246099,,,,,,
append,1738,3519599,,,,,,
append,1739,3191399,,,,,,
append,1740,3347899,,,,,,
append,1741,3368899,,,,,,
append,1742,3121999,,,,,,
append,1743,3065399,,,,,,
append,1744,3123300,,,,,,
append,1745,3201899,,,,,,
append,1746,3294599,,,,,,
append,1747,3384699,,,,,,
append,1748,3235799,,,,,,
append,1749,3326599,,,,,,
append,1750,3485299,,,,,,
append,1751,3321399,,,,,,
append,1752,3208699,,,,,,
append,1753,3278499,,,,,,
append,1754,2967799,,,,,,
append,1755,3021300,,,,,,
append,1756,2999899,,,,,,
append,1757,3231199,,,,,,
append,1758,3028799,,,,,,
append,1759,2801099,,,,,,
append,1760,2915199,,,,,,
append,1761,3010400,,,,,,
append,1762,3008099,,,,,,
append,1763,3054999,,,,,,
append,1764,2948799,,,,,,
append,1765,3113799,,,,,,
append,1766,3344999,,,,,,
append,1767,3049699,,,,,,
append,1768,2829900,,,,,,
append,1769,2958999,,,,,,
append,1770,2949699,,,,,,
append,1771,2869799,,,,,,
append,1772,2800099,,,,,,
append,1773,2646900,,,,,,
append,1774,2630899,,,,,,
append,1775,2670699,,,,,,
append,1776,2967099,,,,,,
append,1777,3206600,,,,,,
append,1778,2656899,,,,,,
append,1779,2654699,,,,,,
append,1780,2738799,,,,,,
append,1781,2916799,,,,,,
append,1782,3898699,,,,,,
append,1783,4164499,,,,,,
append,1784,3115299,,,,,,
append,1785,2870400,,,,,,
append,1786,2920899,,,,,,
append,1787,2954999,,,,,,
append,1788,2960399,,,,,,
append,1789,2812499,,,,,,
append,1790,2745100,,,,,,
append,1791,2739199,,,,,,
append,1792,3033499,,,,,,
append,1793,2765899,,,,,,
append,1794,2669299,,,,,,
append,1795,2658600,,,,,,
append,1796,2680199,,,,,,
append,1797,3198899,,,,,,
append,1798,3375099,,,,,,
append,1799,3079099,,,,,,
append,1800,2858699,,,,,,
append,1801,3235700,,,,,,
append,1802,2991799,,,,,,
append,1803,3041899,,,,,,
append,1804,3595799,,,,,,
append,1805,3836099,,,,,,
append,1806,3382699,,,,,,
append,1807,3307899,,,,,,
append,1808,3062699,,,,,,
append,1809,2861099,,,,,,
append,1810,2734300,,,,,,
append,1811,2708199,,,,,,
append,1812,2759899,,,,,,
append,1813,2934099,,,,,,
append,1814,2917799,,,,,,
append,1815,2722400,,,,,,
append,1816,2684899,,,,,,
append,1817,2684999,,,,,,
append,1818,3020399,,,,,,
append,1819,2861299,,,,,,
append,1820,2664800,,,,,,
append,1821,2677199,,,,,,
append,1822,2568599,,,,,,
append,1823,2578200,,,,,,
append,1824,2965899,,,,,,
append,1825,3162799,,,,,,
append,1826,2879899,,,,,,
append,1827,2767099,,,,,,
append,1828,2556600,,,,,,
append,1829,2585899,,,,,,
append,1830,3161999,,,,,,
append,1831,2722299,,,,,,
append,1832,2760999,,,,,,
append,1833,2581800,,,,,,
append,1834,2747599,,,,,,
append,1835,2836099,,,,,,
append,1836,3111699,,,,,,
append,1837,2845500,,,,,,
append,1838,2775799,,,,,,
append,1839,2697599,,,,,,
append,1840,2596499,,,,,,
append,1841,3013599,,,,,,
append,1842,2717800,,,,,,
append,1843,2792799,,,,,,
append,1844,2826499,,,,,,
append,1845,2796599,,,,,,
append,1846,2716900,,,,,,
append,1847,2855999,,,,,,
append,1848,2858899,,,,,,
append,1849,2768299,,,,,,
append,1850,2882399,,,,,,
append,1851,2689000,,,,,,
append,1852,2767799,,,,,,
append,1853,2684999,,,,,,
append,1854,2803699,,,,,,
append,1855,2933100,,,,,,
append,1856,2863499,,,,,,
append,1857,2719799,,,,,,
append,1858,3084099,,,,,,
append,1859,2966099,,,,,,
append,1860,2904200,,,,,,
append,1861,2740199,,,,,,
append,1862,2892699,,,,,,
append,1863,3066899,,,,,,
append,1864,3150399,,,,,,
append,1865,2806899,,,,,,
append,1866,2639600,,,,,,
append,1867,2662499,,,,,,
append,1868,2738499,,,,,,
append,1869,2745699,,,,,,
append,1870,2595700,,,,,,
append,1871,2662099,,,,,,
append,1872,2609899,,,,,,
append,1873,2912799,,,,,,
append,1874,2839700,,,,,,
append,1875,2721199,,,,,,
append,1876,2622699,,,,,,
append,1877,2524999,,,,,,
append,1878,2513400,,,,,,
append,1879,2596599,,,,,,
append,1880,2737699,,,,,,
append,1881,3284899,,,,,,
append,1882,3690599,,,,,,
append,1883,3352599,,,,,,
append,1884,2747200,,,,,,
append,1885,2673199,,,,,,
append,1886,3129799,,,,,,
append,1887,3053499,,,,,,
append,1888,3146999,,,,,,
append,1889,2717700,,,,,,
append,1890,2680099,,,,,,
append,1891,2933699,,,,,,
append,1892,2881999,,,,,,
append,1893,2584599,,,,,,
append,1894,2660400,,,,,,
append,1895,2595799,,,,,,
append,1896,2619599,,,,,,
append,1897,3264999,,,,,,
append,1898,2772400,,,,,,
append,1899,2566899,,,,,,
append,1900,2544899,,,,,,
append,1901,2643199,,,,,,
append,1902,2682800,,,,,,
append,1903,2928899,,,,,,
append,1904,2983399,,,,,,
append,1905,2981299,,,,,,
append,1906,2789499,,,,,,
append,1907,2838600,,,,,,
append,1908,3089099,,,,,,
append,1909,3388599,,,,,,
append,1910,2693499,,,,,,
append,1911,2743699,,,,,,
append,1912,2594500,,,,,,
append,1913,2537899,,,,,,
append,1914,3195099,,,,,,
append,1915,3004799,,,,,,
append,1916,2617399,,,,,,
append,1917,2833900,,,,,,
append,1918,2602099,,,,,,
append,1919,2655499,,,,,,
append,1920,3040799,,,,,,
append,1921,2819700,,,,,,
append,1922,2784999,,,,,,
append,1923,2789599,,,,,,
append,1924,3087799,,,,,,
append,1925,3049299,,,,,,
append,1926,3018599,,,,,,
append,1927,2787300,,,,,,
append,1928,2627299,,,,,,
append,1929,2681999,,,,,,
append,1930,2753199,,,,,,
append,1931,3061600,,,,,,
append,1932,3170499,,,,,,
append,1933,2778899,,,,,,
append,1934,2717899,,,,,,
append,1935,2709199,,,,,,
append,1936,2892700,,,,,,
append,1937,2895399,,,,,,
append,1938,2903999,,,,,,
append,1939,3085399,,,,,,
append,1940,3056299,,,,,,
append,1941,3063899,,,,,,
append,1942,3220400,,,,,,
append,1943,2853399,,,,,,
append,1944,3038199,,,,,,
append,1945,2884999,,,,,,
append,1946,3534199,,,,,,
append,1947,2865799,,,,,,
append,1948,2994899,,,,,,
append,1949,3300600,,,,,,
append,1950,2813899,,,,,,
append,1951,2883599,,,,,,
append,1952,3341199,,,,,,
append,1953,3198099,,,,,,
append,1954,3663899,,,,,,
append,1955,3495099,,,,,,
append,1956,3666499,,,,,,
append,1957,3931099,,,,,,
append,1958,2784099,,,,,,
append,1959,2995799,,,,,,
append,1960,3164000,,,,,,
append,1961,3478999,,,,,,
append,1962,3013999,,,,,,
append,1963,2863099,,,,,,
append,1964,2809399,,,,,,
append,1965,2941799,,,,,,
append,1966,2713100,,,,,,
append,1967,2802299,,,,,,
append,1968,2696499,,,,,,
append,1969,2661399,,,,,,
append,1970,2762100,,,,,,
append,1971,2716499,,,,,,
append,1972,2856499,,,,,,
append,1973,3249899,,,,,,
append,1974,2866699,,,,,,
append,1975,2772700,,,,,,
append,1976,3332299,,,,,,
append,1977,3095399,,,,,,
append,1978,3326299,,,,,,
append,1979,2834699,,,,,,
append,1980,2848099,,,,,,
append,1981,2812399,,,,,,
append,1982,2886300,,,,,,
append,1983,3479499,,,,,,
append,1984,3097699,,,,,,
append,1985,3087199,,,,,,
append,1986,2974799,,,,,,
append,1987,2948199,,,,,,
append,1988,3165099,,,,,,
append,1989,3000700,,,,,,
append,1990,2867599,,,,,,
append,1991,2821399,,,,,,
append,1992,2823499,,,,,,
append,1993,3172099,,,,,,
append,1994,3382599,,,,,,
append,1995,3415099,,,,,,
append,1996,3125400,,,,,,
append,1997,2955999,,,,,,
append,1998,3047599,,,,,,
append,1999,2984299,,,,,,
append,2000,3103899,,,,,,
ingest,,6191419875,2000,28,296000,2404,,
