phase,event_index,elapsed_ns,events,full_rejections,file_bytes,peak_rss_kib,alloc_calls,alloc_requested_bytes
append,1,3553600,,,,,,
append,2,3264500,,,,,,
append,3,3377800,,,,,,
append,4,3519300,,,,,,
append,5,3525100,,,,,,
append,6,3271700,,,,,,
append,7,3644500,,,,,,
append,8,3338800,,,,,,
append,9,3470200,,,,,,
append,10,3714500,,,,,,
append,11,3950300,,,,,,
append,12,3706700,,,,,,
append,13,3363700,,,,,,
append,14,3605800,,,,,,
append,15,3567600,,,,,,
append,16,3275400,,,,,,
append,17,3558600,,,,,,
append,18,3458700,,,,,,
append,19,3389700,,,,,,
append,20,3505900,,,,,,
append,21,3607400,,,,,,
append,22,3664900,,,,,,
append,23,3901500,,,,,,
append,24,4245200,,,,,,
append,25,3881600,,,,,,
append,26,3927100,,,,,,
append,27,3666700,,,,,,
append,28,3659200,,,,,,
append,29,3342200,,,,,,
append,30,3521100,,,,,,
append,31,3597600,,,,,,
append,32,3294400,,,,,,
append,33,3414100,,,,,,
append,34,3369700,,,,,,
append,35,3659200,,,,,,
append,36,3365200,,,,,,
append,37,3437500,,,,,,
append,38,3529300,,,,,,
append,39,3148600,,,,,,
append,40,3289100,,,,,,
append,41,3289400,,,,,,
append,42,3481400,,,,,,
append,43,3321000,,,,,,
append,44,3225100,,,,,,
append,45,3078800,,,,,,
append,46,3058000,,,,,,
append,47,2984400,,,,,,
append,48,2913500,,,,,,
append,49,2932000,,,,,,
append,50,2983100,,,,,,
append,51,3225600,,,,,,
append,52,3006800,,,,,,
append,53,3004100,,,,,,
append,54,3276700,,,,,,
append,55,3467900,,,,,,
append,56,3611600,,,,,,
append,57,2943800,,,,,,
append,58,2883500,,,,,,
append,59,2818600,,,,,,
append,60,2808200,,,,,,
append,61,3393700,,,,,,
append,62,3189800,,,,,,
append,63,3110400,,,,,,
append,64,3041100,,,,,,
append,65,2976000,,,,,,
append,66,3298600,,,,,,
append,67,3163800,,,,,,
append,68,3002800,,,,,,
append,69,3088200,,,,,,
append,70,2987600,,,,,,
append,71,3188200,,,,,,
append,72,3310500,,,,,,
append,73,3296800,,,,,,
append,74,3154700,,,,,,
append,75,2980400,,,,,,
append,76,3328600,,,,,,
append,77,3365600,,,,,,
append,78,2915200,,,,,,
append,79,2943900,,,,,,
append,80,3015800,,,,,,
append,81,3017900,,,,,,
append,82,3210500,,,,,,
append,83,2857400,,,,,,
append,84,2955800,,,,,,
append,85,2925200,,,,,,
append,86,2990400,,,,,,
append,87,2872000,,,,,,
append,88,2920200,,,,,,
append,89,2990500,,,,,,
append,90,2908700,,,,,,
append,91,2962800,,,,,,
append,92,3148000,,,,,,
append,93,2980700,,,,,,
append,94,3196400,,,,,,
append,95,3051800,,,,,,
append,96,3145700,,,,,,
append,97,3091400,,,,,,
append,98,3058600,,,,,,
append,99,3115300,,,,,,
append,100,3030400,,,,,,
append,101,3182400,,,,,,
append,102,3353800,,,,,,
append,103,3281300,,,,,,
append,104,3158200,,,,,,
append,105,3113700,,,,,,
append,106,3114200,,,,,,
append,107,3067800,,,,,,
append,108,3026900,,,,,,
append,109,3020200,,,,,,
append,110,3090700,,,,,,
append,111,3427900,,,,,,
append,112,3725400,,,,,,
append,113,3274200,,,,,,
append,114,3056900,,,,,,
append,115,2828200,,,,,,
append,116,3130500,,,,,,
append,117,2950500,,,,,,
append,118,2819900,,,,,,
append,119,2756400,,,,,,
append,120,2761300,,,,,,
append,121,2931200,,,,,,
append,122,3755400,,,,,,
append,123,2813100,,,,,,
append,124,2811000,,,,,,
append,125,2782100,,,,,,
append,126,2939600,,,,,,
append,127,5858200,,,,,,
append,128,3691800,,,,,,
append,129,2832800,,,,,,
append,130,2973000,,,,,,
append,131,3353500,,,,,,
append,132,3055900,,,,,,
append,133,2752000,,,,,,
append,134,2690700,,,,,,
append,135,2660700,,,,,,
append,136,2971100,,,,,,
append,137,2998900,,,,,,
append,138,2925200,,,,,,
append,139,3208500,,,,,,
append,140,2969100,,,,,,
append,141,3065000,,,,,,
append,142,3359700,,,,,,
append,143,3109600,,,,,,
append,144,3027800,,,,,,
append,145,2932300,,,,,,
append,146,3097500,,,,,,
append,147,3259500,,,,,,
append,148,3404000,,,,,,
append,149,2867200,,,,,,
append,150,2897600,,,,,,
append,151,3092500,,,,,,
append,152,3426200,,,,,,
append,153,3162800,,,,,,
append,154,3092900,,,,,,
append,155,2923300,,,,,,
append,156,3238400,,,,,,
append,157,3743500,,,,,,
append,158,3178900,,,,,,
append,159,3070800,,,,,,
append,160,3062600,,,,,,
append,161,3066500,,,,,,
append,162,3065700,,,,,,
append,163,3088900,,,,,,
append,164,2795000,,,,,,
append,165,2785500,,,,,,
append,166,2922500,,,,,,
append,167,3344500,,,,,,
append,168,3063800,,,,,,
append,169,3027500,,,,,,
append,170,3111500,,,,,,
append,171,3059600,,,,,,
append,172,3377100,,,,,,
append,173,3766900,,,,,,
append,174,3297600,,,,,,
append,175,3171100,,,,,,
append,176,3263200,,,,,,
append,177,3233900,,,,,,
append,178,3006400,,,,,,
append,179,2982500,,,,,,
append,180,3079700,,,,,,
append,181,3556900,,,,,,
append,182,3594300,,,,,,
append,183,3045100,,,,,,
append,184,3070000,,,,,,
append,185,2944700,,,,,,
append,186,2901500,,,,,,
append,187,2814300,,,,,,
append,188,2763700,,,,,,
append,189,2740200,,,,,,
append,190,2793600,,,,,,
append,191,2737000,,,,,,
append,192,2814900,,,,,,
append,193,2672100,,,,,,
append,194,3140000,,,,,,
append,195,2913900,,,,,,
append,196,2834600,,,,,,
append,197,3045100,,,,,,
append,198,2829700,,,,,,
append,199,2706100,,,,,,
append,200,2961500,,,,,,
append,201,2689900,,,,,,
append,202,2905700,,,,,,
append,203,2855700,,,,,,
append,204,2716000,,,,,,
append,205,2747200,,,,,,
append,206,2687300,,,,,,
append,207,2744700,,,,,,
append,208,3141600,,,,,,
append,209,3308300,,,,,,
append,210,2857300,,,,,,
append,211,2836200,,,,,,
append,212,2796400,,,,,,
append,213,3259300,,,,,,
append,214,3247900,,,,,,
append,215,3046400,,,,,,
append,216,3017200,,,,,,
append,217,3499300,,,,,,
append,218,3345800,,,,,,
append,219,3179500,,,,,,
append,220,2913300,,,,,,
append,221,3054000,,,,,,
append,222,2999800,,,,,,
append,223,2826300,,,,,,
append,224,3328700,,,,,,
append,225,2984400,,,,,,
append,226,2945600,,,,,,
append,227,2832300,,,,,,
append,228,2864100,,,,,,
append,229,3070700,,,,,,
append,230,3139200,,,,,,
append,231,3009000,,,,,,
append,232,3001000,,,,,,
append,233,2954100,,,,,,
append,234,3119200,,,,,,
append,235,3547200,,,,,,
append,236,2916900,,,,,,
append,237,2903100,,,,,,
append,238,2922700,,,,,,
append,239,3142800,,,,,,
append,240,3106800,,,,,,
append,241,3074500,,,,,,
append,242,2908500,,,,,,
append,243,2800700,,,,,,
append,244,2916900,,,,,,
append,245,3620600,,,,,,
append,246,3104000,,,,,,
append,247,3014800,,,,,,
append,248,3083300,,,,,,
append,249,2813300,,,,,,
append,250,3261300,,,,,,
append,251,3202800,,,,,,
append,252,3225700,,,,,,
append,253,3661400,,,,,,
append,254,3417100,,,,,,
append,255,3053200,,,,,,
append,256,2846400,,,,,,
append,257,2922900,,,,,,
append,258,2916700,,,,,,
append,259,2791600,,,,,,
append,260,3254900,,,,,,
append,261,3130200,,,,,,
append,262,3000800,,,,,,
append,263,3172700,,,,,,
append,264,2990800,,,,,,
append,265,2984200,,,,,,
append,266,3023700,,,,,,
append,267,3110700,,,,,,
append,268,2983900,,,,,,
append,269,2858800,,,,,,
append,270,3005200,,,,,,
append,271,2870500,,,,,,
append,272,2738600,,,,,,
append,273,2959800,,,,,,
append,274,2871200,,,,,,
append,275,2814400,,,,,,
append,276,3518300,,,,,,
append,277,3005900,,,,,,
append,278,2804300,,,,,,
append,279,2987600,,,,,,
append,280,2773200,,,,,,
append,281,2874900,,,,,,
append,282,2923900,,,,,,
append,283,2776700,,,,,,
append,284,2850000,,,,,,
append,285,2874100,,,,,,
append,286,3101700,,,,,,
append,287,2913000,,,,,,
append,288,2896300,,,,,,
append,289,2896700,,,,,,
append,290,3043800,,,,,,
append,291,2879400,,,,,,
append,292,3116500,,,,,,
append,293,3005400,,,,,,
append,294,2880500,,,,,,
append,295,2852300,,,,,,
append,296,2825100,,,,,,
append,297,3160200,,,,,,
append,298,3255200,,,,,,
append,299,2988200,,,,,,
append,300,2917000,,,,,,
append,301,2874200,,,,,,
append,302,3629900,,,,,,
append,303,3359300,,,,,,
append,304,3034800,,,,,,
append,305,2891700,,,,,,
append,306,2755400,,,,,,
append,307,2852100,,,,,,
append,308,2752500,,,,,,
append,309,2733900,,,,,,
append,310,2666100,,,,,,
append,311,2789300,,,,,,
append,312,2705600,,,,,,
append,313,3015900,,,,,,
append,314,2732600,,,,,,
append,315,2704100,,,,,,
append,316,2711200,,,,,,
append,317,2866800,,,,,,
append,318,3634400,,,,,,
append,319,3318500,,,,,,
append,320,3087000,,,,,,
append,321,3069600,,,,,,
append,322,3020400,,,,,,
append,323,3220400,,,,,,
append,324,3672900,,,,,,
append,325,4092500,,,,,,
append,326,3809600,,,,,,
append,327,3277900,,,,,,
append,328,3726400,,,,,,
append,329,3069500,,,,,,
append,330,2943400,,,,,,
append,331,2868400,,,,,,
append,332,2833800,,,,,,
append,333,3148600,,,,,,
append,334,3096500,,,,,,
append,335,2999800,,,,,,
append,336,3036600,,,,,,
append,337,2953000,,,,,,
append,338,3347800,,,,,,
append,339,3405500,,,,,,
append,340,2953200,,,,,,
append,341,2984500,,,,,,
append,342,2934300,,,,,,
append,343,2976900,,,,,,
append,344,2927100,,,,,,
append,345,2991300,,,,,,
append,346,2892200,,,,,,
append,347,2982300,,,,,,
append,348,3069300,,,,,,
append,349,2991500,,,,,,
append,350,2896400,,,,,,
append,351,2915100,,,,,,
append,352,2993500,,,,,,
append,353,2795900,,,,,,
append,354,2872700,,,,,,
append,355,2932700,,,,,,
append,356,2877800,,,,,,
append,357,2771900,,,,,,
append,358,2952000,,,,,,
append,359,3156000,,,,,,
append,360,3138000,,,,,,
append,361,2934800,,,,,,
append,362,2851700,,,,,,
append,363,2854800,,,,,,
append,364,3038300,,,,,,
append,365,3286400,,,,,,
append,366,3190300,,,,,,
append,367,3329400,,,,,,
append,368,3004800,,,,,,
append,369,3011000,,,,,,
append,370,2952200,,,,,,
append,371,2888900,,,,,,
append,372,2795700,,,,,,
append,373,2855400,,,,,,
append,374,3017100,,,,,,
append,375,3092000,,,,,,
append,376,2868700,,,,,,
append,377,2797900,,,,,,
append,378,3009300,,,,,,
append,379,2776300,,,,,,
append,380,2852300,,,,,,
append,381,2829000,,,,,,
append,382,3020100,,,,,,
append,383,3236700,,,,,,
append,384,3072900,,,,,,
append,385,2876700,,,,,,
append,386,2746800,,,,,,
append,387,2699800,,,,,,
append,388,2801800,,,,,,
append,389,3436500,,,,,,
append,390,3065100,,,,,,
append,391,2940100,,,,,,
append,392,3045800,,,,,,
append,393,2888600,,,,,,
append,394,3017900,,,,,,
append,395,3079100,,,,,,
append,396,3244700,,,,,,
append,397,3855100,,,,,,
append,398,3393200,,,,,,
append,399,3131100,,,,,,
append,400,2978500,,,,,,
append,401,3239000,,,,,,
append,402,2893500,,,,,,
append,403,3193100,,,,,,
append,404,2875500,,,,,,
append,405,2846900,,,,,,
append,406,3231700,,,,,,
append,407,2989200,,,,,,
append,408,2982500,,,,,,
append,409,2848700,,,,,,
append,410,2899100,,,,,,
append,411,2976000,,,,,,
append,412,2923000,,,,,,
append,413,3137100,,,,,,
append,414,2914600,,,,,,
append,415,2874500,,,,,,
append,416,2972200,,,,,,
append,417,3099800,,,,,,
append,418,2975700,,,,,,
append,419,2983500,,,,,,
append,420,2892400,,,,,,
append,421,2813500,,,,,,
append,422,3261700,,,,,,
append,423,2980300,,,,,,
append,424,2842900,,,,,,
append,425,2964700,,,,,,
append,426,2959600,,,,,,
append,427,3345900,,,,,,
append,428,3206200,,,,,,
append,429,2867800,,,,,,
append,430,2794600,,,,,,
append,431,2791600,,,,,,
append,432,2936000,,,,,,
append,433,2937400,,,,,,
append,434,2894400,,,,,,
append,435,2876600,,,,,,
append,436,2819400,,,,,,
append,437,2808300,,,,,,
append,438,2916200,,,,,,
append,439,2886900,,,,,,
append,440,2959400,,,,,,
append,441,2855000,,,,,,
append,442,3025900,,,,,,
append,443,3378300,,,,,,
append,444,3272800,,,,,,
append,445,3139100,,,,,,
append,446,2867300,,,,,,
append,447,2945600,,,,,,
append,448,2906100,,,,,,
append,449,3197000,,,,,,
append,450,2902500,,,,,,
append,451,2804200,,,,,,
append,452,2834400,,,,,,
append,453,2774100,,,,,,
append,454,3754900,,,,,,
append,455,2995300,,,,,,
append,456,2957000,,,,,,
append,457,2783500,,,,,,
append,458,2800100,,,,,,
append,459,3013900,,,,,,
append,460,2985200,,,,,,
append,461,3124700,,,,,,
append,462,3191300,,,,,,
append,463,2908500,,,,,,
append,464,4098200,,,,,,
append,465,3436200,,,,,,
append,466,3035900,,,,,,
append,467,4380700,,,,,,
append,468,3496800,,,,,,
append,469,3746800,,,,,,
append,470,3733600,,,,,,
append,471,3421800,,,,,,
append,472,2926700,,,,,,
append,473,3285600,,,,,,
append,474,3166000,,,,,,
append,475,3125800,,,,,,
append,476,3044500,,,,,,
append,477,2977900,,,,,,
append,478,3143200,,,,,,
append,479,3245900,,,,,,
append,480,2959300,,,,,,
append,481,2790400,,,,,,
append,482,2946400,,,,,,
append,483,3139400,,,,,,
append,484,3519400,,,,,,
append,485,3509900,,,,,,
append,486,3354600,,,,,,
append,487,3125700,,,,,,
append,488,3351300,,,,,,
append,489,3253800,,,,,,
append,490,3258600,,,,,,
append,491,3326400,,,,,,
append,492,3277600,,,,,,
append,493,3654900,,,,,,
append,494,3440400,,,,,,
append,495,2909300,,,,,,
append,496,2899400,,,,,,
append,497,2904000,,,,,,
append,498,3172800,,,,,,
append,499,3073700,,,,,,
append,500,3161900,,,,,,
append,501,3030700,,,,,,
append,502,2943900,,,,,,
append,503,2895500,,,,,,
append,504,3084700,,,,,,
append,505,3006000,,,,,,
append,506,2904200,,,,,,
append,507,2912000,,,,,,
append,508,3152700,,,,,,
append,509,3136000,,,,,,
append,510,2868500,,,,,,
append,511,2786900,,,,,,
append,512,2919000,,,,,,
append,513,2935800,,,,,,
append,514,3178500,,,,,,
append,515,2870600,,,,,,
append,516,3156800,,,,,,
append,517,2864800,,,,,,
append,518,2860800,,,,,,
append,519,2848100,,,,,,
append,520,2822500,,,,,,
append,521,2814600,,,,,,
append,522,2795300,,,,,,
append,523,2746000,,,,,,
append,524,2787200,,,,,,
append,525,3042200,,,,,,
append,526,2910700,,,,,,
append,527,2792000,,,,,,
append,528,2771700,,,,,,
append,529,2697300,,,,,,
append,530,3089200,,,,,,
append,531,3002900,,,,,,
append,532,2796000,,,,,,
append,533,2685600,,,,,,
append,534,2725000,,,,,,
append,535,2746100,,,,,,
append,536,2854900,,,,,,
append,537,2769600,,,,,,
append,538,2935000,,,,,,
append,539,3248900,,,,,,
append,540,2867500,,,,,,
append,541,2939000,,,,,,
append,542,2861800,,,,,,
append,543,3012400,,,,,,
append,544,2786100,,,,,,
append,545,2691500,,,,,,
append,546,2871200,,,,,,
append,547,4075100,,,,,,
append,548,3498400,,,,,,
append,549,4029200,,,,,,
append,550,3313100,,,,,,
append,551,3517100,,,,,,
append,552,3372400,,,,,,
append,553,3660800,,,,,,
append,554,3408600,,,,,,
append,555,3445000,,,,,,
append,556,3107700,,,,,,
append,557,3264500,,,,,,
append,558,3275200,,,,,,
append,559,3171200,,,,,,
append,560,3444500,,,,,,
append,561,3468100,,,,,,
append,562,2991000,,,,,,
append,563,3113500,,,,,,
append,564,2904200,,,,,,
append,565,3034800,,,,,,
append,566,3117600,,,,,,
append,567,3262700,,,,,,
append,568,3198500,,,,,,
append,569,2916600,,,,,,
append,570,2936500,,,,,,
append,571,3058000,,,,,,
append,572,3141100,,,,,,
append,573,2885300,,,,,,
append,574,2921600,,,,,,
append,575,2995600,,,,,,
append,576,3339000,,,,,,
append,577,3266900,,,,,,
append,578,3219400,,,,,,
append,579,3099100,,,,,,
append,580,2857500,,,,,,
append,581,3344000,,,,,,
append,582,3347200,,,,,,
append,583,2815000,,,,,,
append,584,2899200,,,,,,
append,585,2984100,,,,,,
append,586,3098000,,,,,,
append,587,3015500,,,,,,
append,588,3006700,,,,,,
append,589,3115500,,,,,,
append,590,2973400,,,,,,
append,591,2695700,,,,,,
append,592,2757900,,,,,,
append,593,2678200,,,,,,
append,594,2635000,,,,,,
append,595,2647900,,,,,,
append,596,2737100,,,,,,
append,597,3024700,,,,,,
append,598,3178000,,,,,,
append,599,2922600,,,,,,
append,600,2814000,,,,,,
append,601,3342400,,,,,,
append,602,2865300,,,,,,
append,603,3098800,,,,,,
append,604,2757100,,,,,,
append,605,2587800,,,,,,
append,606,2591400,,,,,,
append,607,2680000,,,,,,
append,608,2763200,,,,,,
append,609,3206700,,,,,,
append,610,3236000,,,,,,
append,611,2783700,,,,,,
append,612,2663000,,,,,,
append,613,2673800,,,,,,
append,614,3042100,,,,,,
append,615,3022500,,,,,,
append,616,3029900,,,,,,
append,617,2853100,,,,,,
append,618,2785300,,,,,,
append,619,2727500,,,,,,
append,620,2888500,,,,,,
append,621,2672900,,,,,,
append,622,2660800,,,,,,
append,623,2847900,,,,,,
append,624,2609600,,,,,,
append,625,2704300,,,,,,
append,626,2573300,,,,,,
append,627,2584000,,,,,,
append,628,2543500,,,,,,
append,629,2580800,,,,,,
append,630,2852300,,,,,,
append,631,2939500,,,,,,
append,632,3089200,,,,,,
append,633,2745000,,,,,,
append,634,2676000,,,,,,
append,635,2568000,,,,,,
append,636,2594800,,,,,,
append,637,2848200,,,,,,
append,638,2655700,,,,,,
append,639,2686500,,,,,,
append,640,2647500,,,,,,
append,641,2635800,,,,,,
append,642,2808600,,,,,,
append,643,2699700,,,,,,
append,644,2688000,,,,,,
append,645,2601400,,,,,,
append,646,2579100,,,,,,
append,647,2569900,,,,,,
append,648,2845700,,,,,,
append,649,3011100,,,,,,
append,650,2889100,,,,,,
append,651,2890000,,,,,,
append,652,2887800,,,,,,
append,653,2854300,,,,,,
append,654,3235700,,,,,,
append,655,3295500,,,,,,
append,656,2907200,,,,,,
append,657,2836700,,,,,,
append,658,2915300,,,,,,
append,659,3004600,,,,,,
append,660,2895000,,,,,,
append,661,2829500,,,,,,
append,662,2958100,,,,,,
append,663,2947400,,,,,,
append,664,2933900,,,,,,
append,665,3270600,,,,,,
append,666,3008700,,,,,,
append,667,2928600,,,,,,
append,668,2976400,,,,,,
append,669,2714100,,,,,,
append,670,2778000,,,,,,
append,671,2675900,,,,,,
append,672,2699500,,,,,,
append,673,2646300,,,,,,
append,674,2720800,,,,,,
append,675,2761800,,,,,,
append,676,3338200,,,,,,
append,677,3363100,,,,,,
append,678,3202200,,,,,,
append,679,3024400,,,,,,
append,680,2663700,,,,,,
append,681,2669900,,,,,,
append,682,2595100,,,,,,
append,683,2633800,,,,,,
append,684,2821600,,,,,,
append,685,3098000,,,,,,
append,686,3409700,,,,,,
append,687,2971300,,,,,,
append,688,2769400,,,,,,
append,689,2959400,,,,,,
append,690,3060700,,,,,,
append,691,2935900,,,,,,
append,692,3083200,,,,,,
append,693,2806600,,,,,,
append,694,2776600,,,,,,
append,695,2707900,,,,,,
append,696,2678100,,,,,,
append,697,2897700,,,,,,
append,698,3210600,,,,,,
append,699,2962000,,,,,,
append,700,2720300,,,,,,
append,701,2789500,,,,,,
append,702,2742100,,,,,,
append,703,2999600,,,,,,
append,704,3012200,,,,,,
append,705,3095700,,,,,,
append,706,3069800,,,,,,
append,707,3557400,,,,,,
append,708,3439600,,,,,,
append,709,2874500,,,,,,
append,710,2912000,,,,,,
append,711,3221700,,,,,,
append,712,3557200,,,,,,
append,713,3186600,,,,,,
append,714,3140800,,,,,,
append,715,3102600,,,,,,
append,716,3781500,,,,,,
append,717,3526200,,,,,,
append,718,3866200,,,,,,
append,719,3271500,,,,,,
append,720,3486700,,,,,,
append,721,3253500,,,,,,
append,722,3392500,,,,,,
append,723,3226100,,,,,,
append,724,3404900,,,,,,
append,725,3219800,,,,,,
append,726,3200400,,,,,,
append,727,3262900,,,,,,
append,728,3254200,,,,,,
append,729,3110800,,,,,,
append,730,3020200,,,,,,
append,731,3121900,,,,,,
append,732,3408100,,,,,,
append,733,3378700,,,,,,
append,734,3484500,,,,,,
append,735,2994100,,,,,,
append,736,3414900,,,,,,
append,737,3809600,,,,,,
append,738,3179800,,,,,,
append,739,3357600,,,,,,
append,740,3064000,,,,,,
append,741,3669200,,,,,,
append,742,3421300,,,,,,
append,743,3423100,,,,,,
append,744,4134700,,,,,,
append,745,3909500,,,,,,
append,746,4324800,,,,,,
append,747,3906200,,,,,,
append,748,4161200,,,,,,
append,749,3643900,,,,,,
append,750,3721400,,,,,,
append,751,3906600,,,,,,
append,752,3949600,,,,,,
append,753,4852700,,,,,,
append,754,4147800,,,,,,
append,755,3598400,,,,,,
append,756,3802800,,,,,,
append,757,3767500,,,,,,
append,758,3482200,,,,,,
append,759,4052000,,,,,,
append,760,4315400,,,,,,
append,761,3840800,,,,,,
append,762,3916200,,,,,,
append,763,3777200,,,,,,
append,764,3628700,,,,,,
append,765,3831300,,,,,,
append,766,3965500,,,,,,
append,767,3869500,,,,,,
append,768,3609400,,,,,,
append,769,3881200,,,,,,
append,770,3983200,,,,,,
append,771,3439400,,,,,,
append,772,3574600,,,,,,
append,773,3413000,,,,,,
append,774,3803400,,,,,,
append,775,3693400,,,,,,
append,776,3472500,,,,,,
append,777,3721500,,,,,,
append,778,4070200,,,,,,
append,779,3520800,,,,,,
append,780,3698400,,,,,,
append,781,3757200,,,,,,
append,782,3969100,,,,,,
append,783,3923100,,,,,,
append,784,3692200,,,,,,
append,785,4068100,,,,,,
append,786,3973200,,,,,,
append,787,4449400,,,,,,
append,788,3926200,,,,,,
append,789,4068700,,,,,,
append,790,5142000,,,,,,
append,791,4047500,,,,,,
append,792,3683800,,,,,,
append,793,3292100,,,,,,
append,794,3953400,,,,,,
append,795,4223500,,,,,,
append,796,4147200,,,,,,
append,797,4023300,,,,,,
append,798,5401500,,,,,,
append,799,3778100,,,,,,
append,800,3333600,,,,,,
append,801,4403700,,,,,,
append,802,3783300,,,,,,
append,803,4444100,,,,,,
append,804,4436700,,,,,,
append,805,4219900,,,,,,
append,806,4098500,,,,,,
append,807,4131200,,,,,,
append,808,4737400,,,,,,
append,809,3927000,,,,,,
append,810,3381800,,,,,,
append,811,3191300,,,,,,
append,812,3563100,,,,,,
append,813,3646400,,,,,,
append,814,3497800,,,,,,
append,815,3158500,,,,,,
append,816,3215900,,,,,,
append,817,3248600,,,,,,
append,818,3291800,,,,,,
append,819,3390300,,,,,,
append,820,3103400,,,,,,
append,821,3229200,,,,,,
append,822,3630400,,,,,,
append,823,3868600,,,,,,
append,824,3772300,,,,,,
append,825,3227000,,,,,,
append,826,3084900,,,,,,
append,827,3158100,,,,,,
append,828,3521500,,,,,,
append,829,3420800,,,,,,
append,830,3396900,,,,,,
append,831,3479500,,,,,,
append,832,3634100,,,,,,
append,833,4018000,,,,,,
append,834,3972900,,,,,,
append,835,3668900,,,,,,
append,836,3664800,,,,,,
append,837,3757500,,,,,,
append,838,4166700,,,,,,
append,839,4272900,,,,,,
append,840,3831900,,,,,,
append,841,3987100,,,,,,
append,842,3952100,,,,,,
append,843,3935700,,,,,,
append,844,4133700,,,,,,
append,845,4120400,,,,,,
append,846,4035700,,,,,,
append,847,3928700,,,,,,
append,848,3786400,,,,,,
append,849,4168000,,,,,,
append,850,4203600,,,,,,
append,851,3983100,,,,,,
append,852,3652700,,,,,,
append,853,3987800,,,,,,
append,854,4035100,,,,,,
append,855,3796300,,,,,,
append,856,3643300,,,,,,
append,857,3764700,,,,,,
append,858,3782500,,,,,,
append,859,3413200,,,,,,
append,860,3484600,,,,,,
append,861,3314700,,,,,,
append,862,6729800,,,,,,
append,863,2999800,,,,,,
append,864,3270300,,,,,,
append,865,3810600,,,,,,
append,866,3517700,,,,,,
append,867,3150900,,,,,,
append,868,3324200,,,,,,
append,869,3157900,,,,,,
append,870,3344700,,,,,,
append,871,11135900,,,,,,
append,872,3401600,,,,,,
append,873,3329800,,,,,,
append,874,10984300,,,,,,
append,875,6311200,,,,,,
append,876,8012500,,,,,,
append,877,11995200,,,,,,
append,878,8464100,,,,,,
append,879,11538100,,,,,,
append,880,9681800,,,,,,
append,881,5701100,,,,,,
append,882,12582600,,,,,,
append,883,3828300,,,,,,
append,884,12213100,,,,,,
append,885,12008100,,,,,,
append,886,4206000,,,,,,
append,887,11921200,,,,,,
append,888,9405200,,,,,,
append,889,6460200,,,,,,
append,890,7966600,,,,,,
append,891,10991300,,,,,,
append,892,10733100,,,,,,
append,893,8013100,,,,,,
append,894,6266500,,,,,,
append,895,8000100,,,,,,
append,896,11991600,,,,,,
append,897,7974700,,,,,,
append,898,11976100,,,,,,
append,899,8014500,,,,,,
append,900,8009500,,,,,,
append,901,6484000,,,,,,
append,902,5114800,,,,,,
append,903,5221000,,,,,,
append,904,4287000,,,,,,
append,905,4094800,,,,,,
append,906,3949600,,,,,,
append,907,4300300,,,,,,
append,908,4056700,,,,,,
append,909,3936700,,,,,,
append,910,3937700,,,,,,
append,911,4004300,,,,,,
append,912,4196300,,,,,,
append,913,4074300,,,,,,
append,914,5695300,,,,,,
append,915,3977800,,,,,,
append,916,3710700,,,,,,
append,917,3176900,,,,,,
append,918,3485500,,,,,,
append,919,3947800,,,,,,
append,920,4208600,,,,,,
append,921,4070900,,,,,,
append,922,4088700,,,,,,
append,923,4246900,,,,,,
append,924,4025400,,,,,,
append,925,3849700,,,,,,
append,926,3965000,,,,,,
append,927,4190300,,,,,,
append,928,4310400,,,,,,
append,929,4195100,,,,,,
append,930,4193800,,,,,,
append,931,4156400,,,,,,
append,932,4070000,,,,,,
append,933,4588800,,,,,,
append,934,4157800,,,,,,
append,935,3820500,,,,,,
append,936,3456900,,,,,,
append,937,2977400,,,,,,
append,938,2947100,,,,,,
append,939,3408100,,,,,,
append,940,3505200,,,,,,
append,941,3392200,,,,,,
append,942,3184100,,,,,,
append,943,3016500,,,,,,
append,944,3322500,,,,,,
append,945,3229900,,,,,,
append,946,3547900,,,,,,
append,947,3248200,,,,,,
append,948,3192300,,,,,,
append,949,3336100,,,,,,
append,950,3658200,,,,,,
append,951,3862400,,,,,,
append,952,3224000,,,,,,
append,953,4572900,,,,,,
append,954,3201000,,,,,,
append,955,3553200,,,,,,
append,956,3232000,,,,,,
append,957,3246300,,,,,,
append,958,3367500,,,,,,
append,959,3508500,,,,,,
append,960,3124800,,,,,,
append,961,3051300,,,,,,
append,962,3371700,,,,,,
append,963,3375400,,,,,,
append,964,3154500,,,,,,
append,965,3298900,,,,,,
append,966,3187000,,,,,,
append,967,3194000,,,,,,
append,968,2996800,,,,,,
append,969,2999400,,,,,,
append,970,3070400,,,,,,
append,971,2967200,,,,,,
append,972,3248600,,,,,,
append,973,3004100,,,,,,
append,974,3000400,,,,,,
append,975,2965500,,,,,,
append,976,3125000,,,,,,
append,977,3102700,,,,,,
append,978,3260100,,,,,,
append,979,3013100,,,,,,
append,980,2947000,,,,,,
append,981,3105300,,,,,,
append,982,3031000,,,,,,
append,983,2914600,,,,,,
append,984,2878400,,,,,,
append,985,3016600,,,,,,
append,986,2931900,,,,,,
append,987,2895600,,,,,,
append,988,3190900,,,,,,
append,989,3113900,,,,,,
append,990,3118000,,,,,,
append,991,3105300,,,,,,
append,992,3253900,,,,,,
append,993,3054500,,,,,,
append,994,2815100,,,,,,
append,995,2743600,,,,,,
append,996,2790400,,,,,,
append,997,3710000,,,,,,
append,998,3097000,,,,,,
append,999,3340100,,,,,,
append,1000,3258200,,,,,,
append,1001,2922300,,,,,,
append,1002,2884800,,,,,,
append,1003,3262400,,,,,,
append,1004,3105200,,,,,,
append,1005,3009100,,,,,,
append,1006,2890900,,,,,,
append,1007,2703900,,,,,,
append,1008,2846700,,,,,,
append,1009,2887200,,,,,,
append,1010,2751400,,,,,,
append,1011,2649000,,,,,,
append,1012,2656100,,,,,,
append,1013,2643700,,,,,,
append,1014,2972700,,,,,,
append,1015,3518100,,,,,,
append,1016,2723300,,,,,,
append,1017,2721100,,,,,,
append,1018,2600300,,,,,,
append,1019,2763000,,,,,,
append,1020,3266500,,,,,,
append,1021,2957900,,,,,,
append,1022,2763700,,,,,,
append,1023,3031400,,,,,,
append,1024,2965900,,,,,,
append,1025,3249900,,,,,,
append,1026,3036400,,,,,,
append,1027,2924300,,,,,,
append,1028,2848000,,,,,,
append,1029,2802800,,,,,,
append,1030,6513600,,,,,,
append,1031,3252300,,,,,,
append,1032,3312900,,,,,,
append,1033,3094200,,,,,,
append,1034,3227700,,,,,,
append,1035,3152300,,,,,,
append,1036,3146400,,,,,,
append,1037,2928700,,,,,,
append,1038,2971800,,,,,,
append,1039,3688700,,,,,,
append,1040,3425000,,,,,,
append,1041,3242100,,,,,,
append,1042,3068900,,,,,,
append,1043,2904000,,,,,,
append,1044,3365000,,,,,,
append,1045,3077200,,,,,,
append,1046,3183100,,,,,,
append,1047,3127700,,,,,,
append,1048,3117500,,,,,,
append,1049,3127000,,,,,,
append,1050,2982200,,,,,,
append,1051,2893300,,,,,,
append,1052,2990100,,,,,,
append,1053,2795800,,,,,,
append,1054,3029900,,,,,,
append,1055,3287400,,,,,,
append,1056,3194100,,,,,,
append,1057,3157400,,,,,,
append,1058,2969600,,,,,,
append,1059,3110300,,,,,,
append,1060,3246100,,,,,,
append,1061,2966600,,,,,,
append,1062,2970200,,,,,,
append,1063,3042700,,,,,,
append,1064,3140400,,,,,,
append,1065,3203600,,,,,,
append,1066,3223900,,,,,,
append,1067,3122500,,,,,,
append,1068,3157400,,,,,,
append,1069,3958200,,,,,,
append,1070,3702100,,,,,,
append,1071,3640300,,,,,,
append,1072,3497300,,,,,,
append,1073,2975400,,,,,,
append,1074,2928600,,,,,,
append,1075,2943400,,,,,,
append,1076,3035200,,,,,,
append,1077,3234200,,,,,,
append,1078,2989100,,,,,,
append,1079,2989100,,,,,,
append,1080,3243900,,,,,,
append,1081,2874400,,,,,,
append,1082,3020700,,,,,,
append,1083,3022600,,,,,,
append,1084,2992900,,,,,,
append,1085,2878600,,,,,,
append,1086,2830000,,,,,,
append,1087,2720600,,,,,,
append,1088,2774600,,,,,,
append,1089,2935800,,,,,,
append,1090,2789800,,,,,,
append,1091,2710000,,,,,,
append,1092,2808200,,,,,,
append,1093,2821200,,,,,,
append,1094,2720900,,,,,,
append,1095,2791000,,,,,,
append,1096,2938800,,,,,,
append,1097,2995900,,,,,,
append,1098,2865100,,,,,,
append,1099,2985900,,,,,,
append,1100,3552100,,,,,,
append,1101,3968300,,,,,,
append,1102,3394500,,,,,,
append,1103,3266400,,,,,,
append,1104,3055900,,,,,,
append,1105,3120200,,,,,,
append,1106,3199000,,,,,,
append,1107,2919700,,,,,,
append,1108,2846200,,,,,,
append,1109,2749500,,,,,,
append,1110,2765800,,,,,,
append,1111,3305200,,,,,,
append,1112,3044600,,,,,,
append,1113,2733400,,,,,,
append,1114,2746800,,,,,,
append,1115,2654500,,,,,,
append,1116,2579000,,,,,,
append,1117,3324200,,,,,,
append,1118,2923700,,,,,,
append,1119,2678000,,,,,,
append,1120,2587100,,,,,,
append,1121,2548200,,,,,,
append,1122,2875100,,,,,,
append,1123,3128600,,,,,,
append,1124,2951000,,,,,,
append,1125,2950300,,,,,,
append,1126,2830600,,,,,,
append,1127,2778300,,,,,,
append,1128,2860000,,,,,,
append,1129,2864800,,,,,,
append,1130,2690400,,,,,,
append,1131,2596700,,,,,,
append,1132,2624800,,,,,,
append,1133,2688700,,,,,,
append,1134,2987600,,,,,,
append,1135,2969000,,,,,,
append,1136,2766500,,,,,,
append,1137,2723400,,,,,,
append,1138,3035700,,,,,,
append,1139,2896200,,,,,,
append,1140,2926800,,,,,,
append,1141,2855400,,,,,,
append,1142,3199800,,,,,,
append,1143,3054300,,,,,,
append,1144,2993900,,,,,,
append,1145,2752700,,,,,,
append,1146,2828600,,,,,,
append,1147,2863800,,,,,,
append,1148,2714100,,,,,,
append,1149,2656800,,,,,,
append,1150,2849800,,,,,,
append,1151,2578400,,,,,,
append,1152,2732100,,,,,,
append,1153,2638500,,,,,,
append,1154,2617400,,,,,,
append,1155,2802100,,,,,,
append,1156,2895800,,,,,,
append,1157,2840000,,,,,,
append,1158,2644100,,,,,,
append,1159,2675200,,,,,,
append,1160,2779700,,,,,,
append,1161,3057100,,,,,,
append,1162,3149500,,,,,,
append,1163,2853000,,,,,,
append,1164,2746200,,,,,,
append,1165,2647100,,,,,,
append,1166,2615200,,,,,,
append,1167,2764600,,,,,,
append,1168,2661200,,,,,,
append,1169,2739100,,,,,,
append,1170,2762400,,,,,,
append,1171,2717100,,,,,,
append,1172,2728700,,,,,,
append,1173,2688900,,,,,,
append,1174,2619300,,,,,,
append,1175,2684500,,,,,,
append,1176,2641900,,,,,,
append,1177,2723100,,,,,,
append,1178,3045200,,,,,,
append,1179,3009500,,,,,,
append,1180,2665900,,,,,,
append,1181,2633400,,,,,,
append,1182,2682700,,,,,,
append,1183,2722000,,,,,,
append,1184,3082700,,,,,,
append,1185,2957600,,,,,,
append,1186,2669200,,,,,,
append,1187,2688400,,,,,,
append,1188,2645300,,,,,,
append,1189,2647000,,,,,,
append,1190,2821200,,,,,,
append,1191,2743700,,,,,,
append,1192,2610800,,,,,,
append,1193,2710800,,,,,,
append,1194,2860700,,,,,,
append,1195,3182000,,,,,,
append,1196,3094400,,,,,,
append,1197,2788300,,,,,,
append,1198,2635700,,,,,,
append,1199,2538700,,,,,,
append,1200,2625300,,,,,,
append,1201,2971900,,,,,,
append,1202,2994700,,,,,,
append,1203,2689700,,,,,,
append,1204,2810500,,,,,,
append,1205,2699200,,,,,,
append,1206,2818500,,,,,,
append,1207,2811200,,,,,,
append,1208,2635400,,,,,,
append,1209,2596200,,,,,,
append,1210,2569600,,,,,,
append,1211,2843400,,,,,,
append,1212,2876500,,,,,,
append,1213,2941400,,,,,,
append,1214,2686700,,,,,,
append,1215,2736200,,,,,,
append,1216,2662400,,,,,,
append,1217,2646700,,,,,,
append,1218,3007100,,,,,,
append,1219,2883700,,,,,,
append,1220,2917300,,,,,,
append,1221,2942500,,,,,,
append,1222,2880700,,,,,,
append,1223,2593400,,,,,,
append,1224,2688200,,,,,,
append,1225,2720800,,,,,,
append,1226,2780000,,,,,,
append,1227,2600600,,,,,,
append,1228,2583100,,,,,,
append,1229,2485900,,,,,,
append,1230,2936300,,,,,,
append,1231,2582400,,,,,,
append,1232,2560800,,,,,,
append,1233,2637600,,,,,,
append,1234,2693500,,,,,,
append,1235,2707200,,,,,,
append,1236,2716000,,,,,,
append,1237,2759000,,,,,,
append,1238,2738600,,,,,,
append,1239,2678400,,,,,,
append,1240,2670300,,,,,,
append,1241,2907700,,,,,,
append,1242,3299200,,,,,,
append,1243,2869500,,,,,,
append,1244,2593200,,,,,,
append,1245,2753400,,,,,,
append,1246,2698800,,,,,,
append,1247,2818900,,,,,,
append,1248,2785900,,,,,,
append,1249,2929800,,,,,,
append,1250,2791900,,,,,,
append,1251,2824400,,,,,,
append,1252,2951100,,,,,,
append,1253,3027200,,,,,,
append,1254,2942900,,,,,,
append,1255,2568100,,,,,,
append,1256,2625200,,,,,,
append,1257,2517200,,,,,,
append,1258,2622400,,,,,,
append,1259,2564700,,,,,,
append,1260,2672300,,,,,,
append,1261,2716500,,,,,,
append,1262,2519000,,,,,,
append,1263,2495500,,,,,,
append,1264,2797300,,,,,,
append,1265,2749000,,,,,,
append,1266,2715700,,,,,,
append,1267,2736200,,,,,,
append,1268,2633400,,,,,,
append,1269,2574300,,,,,,
append,1270,2998000,,,,,,
append,1271,2845100,,,,,,
append,1272,2767500,,,,,,
append,1273,2775200,,,,,,
append,1274,2838700,,,,,,
append,1275,2819500,,,,,,
append,1276,2851400,,,,,,
append,1277,2786900,,,,,,
append,1278,3069200,,,,,,
append,1279,3104700,,,,,,
append,1280,2777800,,,,,,
append,1281,2968800,,,,,,
append,1282,2916800,,,,,,
append,1283,2657200,,,,,,
append,1284,2575600,,,,,,
append,1285,2760800,,,,,,
append,1286,2589400,,,,,,
append,1287,2894500,,,,,,
append,1288,2605000,,,,,,
append,1289,2589400,,,,,,
append,1290,2881500,,,,,,
append,1291,2706000,,,,,,
append,1292,2669700,,,,,,
append,1293,2783400,,,,,,
append,1294,2627800,,,,,,
append,1295,2655400,,,,,,
append,1296,2539600,,,,,,
append,1297,2691800,,,,,,
append,1298,2825000,,,,,,
append,1299,3322300,,,,,,
append,1300,2907600,,,,,,
append,1301,2861600,,,,,,
append,1302,2883100,,,,,,
append,1303,2844200,,,,,,
append,1304,3255800,,,,,,
append,1305,2923100,,,,,,
append,1306,3358900,,,,,,
append,1307,3503200,,,,,,
append,1308,3188300,,,,,,
append,1309,3640500,,,,,,
append,1310,3681200,,,,,,
append,1311,3269200,,,,,,
append,1312,3227100,,,,,,
append,1313,3428700,,,,,,
append,1314,3556000,,,,,,
append,1315,3260700,,,,,,
append,1316,3150800,,,,,,
append,1317,3376800,,,,,,
append,1318,3516200,,,,,,
append,1319,3147800,,,,,,
append,1320,3145400,,,,,,
append,1321,3181800,,,,,,
append,1322,3100000,,,,,,
append,1323,3704100,,,,,,
append,1324,3512700,,,,,,
append,1325,3440100,,,,,,
append,1326,4385900,,,,,,
append,1327,3522700,,,,,,
append,1328,3452700,,,,,,
append,1329,3642800,,,,,,
append,1330,3868900,,,,,,
append,1331,3990800,,,,,,
append,1332,4001000,,,,,,
append,1333,3131200,,,,,,
append,1334,3244800,,,,,,
append,1335,3447300,,,,,,
append,1336,3319900,,,,,,
append,1337,2856800,,,,,,
append,1338,2765800,,,,,,
append,1339,2953100,,,,,,
append,1340,2911200,,,,,,
append,1341,2961000,,,,,,
append,1342,2970300,,,,,,
append,1343,2954000,,,,,,
append,1344,3135700,,,,,,
append,1345,3215100,,,,,,
append,1346,3262000,,,,,,
append,1347,3295800,,,,,,
append,1348,3590700,,,,,,
append,1349,3385400,,,,,,
append,1350,3305800,,,,,,
append,1351,3285400,,,,,,
append,1352,3381900,,,,,,
append,1353,3456900,,,,,,
append,1354,3194900,,,,,,
append,1355,3368000,,,,,,
append,1356,3766500,,,,,,
append,1357,3507800,,,,,,
append,1358,3340700,,,,,,
append,1359,3272800,,,,,,
append,1360,3416400,,,,,,
append,1361,3436200,,,,,,
append,1362,3164800,,,,,,
append,1363,3379500,,,,,,
append,1364,3449800,,,,,,
append,1365,3737800,,,,,,
append,1366,3183900,,,,,,
append,1367,2957800,,,,,,
append,1368,2945100,,,,,,
append,1369,2992800,,,,,,
append,1370,3508200,,,,,,
append,1371,3659500,,,,,,
append,1372,3601600,,,,,,
append,1373,3272100,,,,,,
append,1374,3020300,,,,,,
append,1375,3842400,,,,,,
append,1376,3215100,,,,,,
append,1377,3193000,,,,,,
append,1378,3008800,,,,,,
append,1379,3108400,,,,,,
append,1380,3645400,,,,,,
append,1381,3693100,,,,,,
append,1382,3544700,,,,,,
append,1383,3028400,,,,,,
append,1384,3309900,,,,,,
append,1385,3035900,,,,,,
append,1386,3036700,,,,,,
append,1387,2846300,,,,,,
append,1388,3107000,,,,,,
append,1389,2937400,,,,,,
append,1390,2863500,,,,,,
append,1391,2827600,,,,,,
append,1392,3028400,,,,,,
append,1393,2927700,,,,,,
append,1394,3016900,,,,,,
append,1395,3220700,,,,,,
append,1396,3049100,,,,,,
append,1397,2953800,,,,,,
append,1398,2899200,,,,,,
append,1399,2981600,,,,,,
append,1400,3505900,,,,,,
append,1401,3296700,,,,,,
append,1402,3010600,,,,,,
append,1403,2964600,,,,,,
append,1404,3163300,,,,,,
append,1405,3150000,,,,,,
append,1406,3177700,,,,,,
append,1407,2986800,,,,,,
append,1408,2902100,,,,,,
append,1409,2967700,,,,,,
append,1410,3252500,,,,,,
append,1411,3092900,,,,,,
append,1412,3067200,,,,,,
append,1413,3006300,,,,,,
append,1414,2946600,,,,,,
append,1415,3396500,,,,,,
append,1416,3101600,,,,,,
append,1417,3012700,,,,,,
append,1418,2997900,,,,,,
append,1419,3563500,,,,,,
append,1420,3257500,,,,,,
append,1421,3106200,,,,,,
append,1422,2991000,,,,,,
append,1423,2929200,,,,,,
append,1424,2920600,,,,,,
append,1425,3443600,,,,,,
append,1426,3225200,,,,,,
append,1427,3098800,,,,,,
append,1428,3227000,,,,,,
append,1429,2966500,,,,,,
append,1430,3232900,,,,,,
append,1431,3090000,,,,,,
append,1432,3182200,,,,,,
append,1433,3396200,,,,,,
append,1434,2981400,,,,,,
append,1435,3187200,,,,,,
append,1436,3454700,,,,,,
append,1437,3593500,,,,,,
append,1438,7132600,,,,,,
append,1439,2991300,,,,,,
append,1440,2832700,,,,,,
append,1441,2751000,,,,,,
append,1442,2800800,,,,,,
append,1443,2769000,,,,,,
append,1444,3021600,,,,,,
append,1445,3402700,,,,,,
append,1446,2779700,,,,,,
append,1447,2556900,,,,,,
append,1448,2564200,,,,,,
append,1449,2955900,,,,,,
append,1450,2652000,,,,,,
append,1451,2717600,,,,,,
append,1452,2910600,,,,,,
append,1453,2825000,,,,,,
append,1454,2736200,,,,,,
append,1455,2992700,,,,,,
append,1456,2921200,,,,,,
append,1457,2910600,,,,,,
append,1458,2789900,,,,,,
append,1459,2784200,,,,,,
append,1460,2744700,,,,,,
append,1461,2898600,,,,,,
append,1462,2801600,,,,,,
append,1463,2747700,,,,,,
append,1464,2926800,,,,,,
append,1465,2755600,,,,,,
append,1466,2708500,,,,,,
append,1467,2827300,,,,,,
append,1468,2640000,,,,,,
append,1469,2620500,,,,,,
append,1470,2695400,,,,,,
append,1471,2544000,,,,,,
append,1472,2646600,,,,,,
append,1473,2726900,,,,,,
append,1474,2787700,,,,,,
append,1475,2653800,,,,,,
append,1476,2674400,,,,,,
append,1477,2548500,,,,,,
append,1478,2620800,,,,,,
append,1479,2568900,,,,,,
append,1480,2532200,,,,,,
append,1481,2564100,,,,,,
append,1482,2544600,,,,,,
append,1483,2675400,,,,,,
append,1484,2723800,,,,,,
append,1485,3167300,,,,,,
append,1486,2531800,,,,,,
append,1487,2555200,,,,,,
append,1488,2462500,,,,,,
append,1489,2625600,,,,,,
append,1490,2755100,,,,,,
append,1491,3140400,,,,,,
append,1492,2779100,,,,,,
append,1493,2697100,,,,,,
append,1494,2624000,,,,,,
append,1495,2901700,,,,,,
append,1496,3008200,,,,,,
append,1497,2788300,,,,,,
append,1498,2655700,,,,,,
append,1499,2709400,,,,,,
append,1500,3088600,,,,,,
append,1501,2840800,,,,,,
append,1502,3162300,,,,,,
append,1503,3152300,,,,,,
append,1504,3047700,,,,,,
append,1505,2814400,,,,,,
append,1506,2729100,,,,,,
append,1507,3237000,,,,,,
append,1508,3945900,,,,,,
append,1509,3587000,,,,,,
append,1510,2864000,,,,,,
append,1511,3031800,,,,,,
append,1512,3046800,,,,,,
append,1513,3107800,,,,,,
append,1514,3026700,,,,,,
append,1515,3065100,,,,,,
append,1516,3045100,,,,,,
append,1517,3475400,,,,,,
append,1518,3286600,,,,,,
append,1519,3271300,,,,,,
append,1520,2953500,,,,,,
append,1521,2928400,,,,,,
append,1522,3134300,,,,,,
append,1523,3442000,,,,,,
append,1524,3041600,,,,,,
append,1525,3193400,,,,,,
append,1526,3486800,,,,,,
append,1527,3196700,,,,,,
append,1528,3153600,,,,,,
append,1529,2931900,,,,,,
append,1530,2970400,,,,,,
append,1531,2910200,,,,,,
append,1532,3354700,,,,,,
append,1533,6386400,,,,,,
append,1534,32299100,,,,,,
append,1535,14603100,,,,,,
append,1536,17161900,,,,,,
append,1537,40660300,,,,,,
append,1538,3948600,,,,,,
append,1539,3503500,,,,,,
append,1540,3088200,,,,,,
append,1541,3026200,,,,,,
append,1542,3203700,,,,,,
append,1543,3000300,,,,,,
append,1544,3188800,,,,,,
append,1545,3274700,,,,,,
append,1546,3581100,,,,,,
append,1547,3545400,,,,,,
append,1548,3061200,,,,,,
append,1549,3198800,,,,,,
append,1550,3110500,,,,,,
append,1551,3199500,,,,,,
append,1552,3146800,,,,,,
append,1553,2914400,,,,,,
append,1554,3178800,,,,,,
append,1555,2970100,,,,,,
append,1556,2821000,,,,,,
append,1557,3135200,,,,,,
append,1558,2830200,,,,,,
append,1559,2763500,,,,,,
append,1560,2849200,,,,,,
append,1561,2936800,,,,,,
append,1562,3008500,,,,,,
append,1563,2908500,,,,,,
append,1564,2802100,,,,,,
append,1565,2921800,,,,,,
append,1566,2881700,,,,,,
append,1567,2792200,,,,,,
append,1568,2897400,,,,,,
append,1569,2760300,,,,,,
append,1570,2812300,,,,,,
append,1571,2843400,,,,,,
append,1572,3233600,,,,,,
append,1573,3486600,,,,,,
append,1574,3227200,,,,,,
append,1575,2792400,,,,,,
append,1576,2755000,,,,,,
append,1577,2840500,,,,,,
append,1578,2913000,,,,,,
append,1579,2806900,,,,,,
append,1580,2766900,,,,,,
append,1581,2740700,,,,,,
append,1582,3013400,,,,,,
append,1583,3216700,,,,,,
append,1584,3050200,,,,,,
append,1585,2843300,,,,,,
append,1586,2893600,,,,,,
append,1587,2897700,,,,,,
append,1588,2645300,,,,,,
append,1589,3078400,,,,,,
append,1590,3049100,,,,,,
append,1591,2795300,,,,,,
append,1592,2752200,,,,,,
append,1593,2852900,,,,,,
append,1594,2903200,,,,,,
append,1595,2898700,,,,,,
append,1596,2885500,,,,,,
append,1597,2903500,,,,,,
append,1598,2799300,,,,,,
append,1599,2812800,,,,,,
append,1600,3053700,,,,,,
append,1601,3079800,,,,,,
append,1602,3072300,,,,,,
append,1603,2822000,,,,,,
append,1604,2696700,,,,,,
append,1605,2761400,,,,,,
append,1606,3198800,,,,,,
append,1607,2935300,,,,,,
append,1608,2867000,,,,,,
append,1609,2830800,,,,,,
append,1610,2698400,,,,,,
append,1611,3475300,,,,,,
append,1612,2804200,,,,,,
append,1613,2878700,,,,,,
append,1614,2729200,,,,,,
append,1615,2709000,,,,,,
append,1616,2960100,,,,,,
append,1617,2850300,,,,,,
append,1618,3290100,,,,,,
append,1619,3192500,,,,,,
append,1620,3108500,,,,,,
append,1621,3064700,,,,,,
append,1622,3221900,,,,,,
append,1623,3053200,,,,,,
append,1624,2934800,,,,,,
append,1625,2833100,,,,,,
append,1626,3006600,,,,,,
append,1627,3153800,,,,,,
append,1628,3136500,,,,,,
append,1629,2931100,,,,,,
append,1630,2677400,,,,,,
append,1631,2582400,,,,,,
append,1632,3207800,,,,,,
append,1633,2848400,,,,,,
append,1634,2738400,,,,,,
append,1635,2652500,,,,,,
append,1636,2659800,,,,,,
append,1637,2660100,,,,,,
append,1638,2685300,,,,,,
append,1639,2644500,,,,,,
append,1640,2781300,,,,,,
append,1641,2833900,,,,,,
append,1642,2800300,,,,,,
append,1643,3082300,,,,,,
append,1644,3329600,,,,,,
append,1645,3205900,,,,,,
append,1646,3106300,,,,,,
append,1647,2685300,,,,,,
append,1648,2917800,,,,,,
append,1649,2957000,,,,,,
append,1650,2964200,,,,,,
append,1651,3047700,,,,,,
append,1652,3058300,,,,,,
append,1653,3192100,,,,,,
append,1654,3315800,,,,,,
append,1655,2938000,,,,,,
append,1656,2809700,,,,,,
append,1657,3430900,,,,,,
append,1658,3559900,,,,,,
append,1659,3392700,,,,,,
append,1660,2984900,,,,,,
append,1661,3021600,,,,,,
append,1662,2898200,,,,,,
append,1663,2897100,,,,,,
append,1664,3382100,,,,,,
append,1665,2954600,,,,,,
append,1666,2925900,,,,,,
append,1667,2969100,,,,,,
append,1668,3376900,,,,,,
append,1669,3243400,,,,,,
append,1670,2911700,,,,,,
append,1671,2842700,,,,,,
append,1672,3054500,,,,,,
append,1673,3090800,,,,,,
append,1674,4390100,,,,,,
append,1675,5340400,,,,,,
append,1676,3856400,,,,,,
append,1677,3238500,,,,,,
append,1678,2831000,,,,,,
append,1679,2836200,,,,,,
append,1680,2703600,,,,,,
append,1681,2690300,,,,,,
append,1682,3297500,,,,,,
append,1683,2972100,,,,,,
append,1684,2795800,,,,,,
append,1685,2975500,,,,,,
append,1686,2816700,,,,,,
append,1687,2804000,,,,,,
append,1688,2969000,,,,,,
append,1689,3357000,,,,,,
append,1690,3425300,,,,,,
append,1691,3343500,,,,,,
append,1692,3116000,,,,,,
append,1693,2793400,,,,,,
append,1694,2705100,,,,,,
append,1695,2804800,,,,,,
append,1696,2647300,,,,,,
append,1697,2664500,,,,,,
append,1698,2697200,,,,,,
append,1699,3244900,,,,,,
append,1700,2865800,,,,,,
append,1701,2743300,,,,,,
append,1702,2738400,,,,,,
append,1703,2761900,,,,,,
append,1704,2923800,,,,,,
append,1705,3211000,,,,,,
append,1706,3155500,,,,,,
append,1707,3024200,,,,,,
append,1708,2783800,,,,,,
append,1709,2749500,,,,,,
append,1710,2693300,,,,,,
append,1711,2694700,,,,,,
append,1712,2695300,,,,,,
append,1713,2955100,,,,,,
append,1714,2801600,,,,,,
append,1715,2867300,,,,,,
append,1716,3333300,,,,,,
append,1717,2947800,,,,,,
append,1718,2797400,,,,,,
append,1719,2754700,,,,,,
append,1720,2681400,,,,,,
append,1721,3092600,,,,,,
append,1722,2930600,,,,,,
append,1723,2781800,,,,,,
append,1724,2791500,,,,,,
append,1725,2701500,,,,,,
append,1726,2921500,,,,,,
append,1727,3003200,,,,,,
append,1728,3035400,,,,,,
append,1729,3220000,,,,,,
append,1730,3011500,,,,,,
append,1731,3154300,,,,,,
append,1732,3399300,,,,,,
append,1733,3182800,,,,,,
append,1734,3092200,,,,,,
append,1735,3009600,,,,,,
append,1736,3110200,,,,,,
append,1737,3040200,,,,,,
append,1738,3052400,,,,,,
append,1739,3070200,,,,,,
append,1740,3454300,,,,,,
append,1741,3315400,,,,,,
append,1742,2855700,,,,,,
append,1743,2718200,,,,,,
append,1744,2806900,,,,,,
append,1745,2875700,,,,,,
append,1746,2687500,,,,,,
append,1747,3182700,,,,,,
append,1748,3065300,,,,,,
append,1749,2854200,,,,,,
append,1750,2703200,,,,,,
append,1751,2740400,,,,,,
append,1752,2673800,,,,,,
append,1753,2897100,,,,,,
append,1754,3225800,,,,,,
append,1755,3098000,,,,,,
append,1756,3283500,,,,,,
append,1757,2795700,,,,,,
append,1758,3040700,,,,,,
append,1759,2986700,,,,,,
append,1760,2740600,,,,,,
append,1761,2732300,,,,,,
append,1762,2857800,,,,,,
append,1763,3332100,,,,,,
append,1764,3770100,,,,,,
append,1765,3399900,,,,,,
append,1766,2995800,,,,,,
append,1767,3195400,,,,,,
append,1768,2990100,,,,,,
append,1769,2772600,,,,,,
append,1770,2718700,,,,,,
append,1771,2871200,,,,,,
append,1772,2983600,,,,,,
append,1773,3026300,,,,,,
append,1774,3442200,,,,,,
append,1775,2923800,,,,,,
append,1776,2848600,,,,,,
append,1777,2829500,,,,,,
append,1778,2985600,,,,,,
append,1779,3067200,,,,,,
append,1780,2892100,,,,,,
append,1781,2872300,,,,,,
append,1782,2763700,,,,,,
append,1783,2901400,,,,,,
append,1784,3089700,,,,,,
append,1785,3132800,,,,,,
append,1786,2908300,,,,,,
append,1787,2874800,,,,,,
append,1788,2867200,,,,,,
append,1789,2850000,,,,,,
append,1790,3037200,,,,,,
append,1791,2878300,,,,,,
append,1792,2801700,,,,,,
append,1793,2896200,,,,,,
append,1794,2909200,,,,,,
append,1795,3198700,,,,,,
append,1796,2990300,,,,,,
append,1797,2767800,,,,,,
append,1798,2795000,,,,,,
append,1799,2803900,,,,,,
append,1800,2781700,,,,,,
append,1801,3276000,,,,,,
append,1802,3168000,,,,,,
append,1803,3014100,,,,,,
append,1804,2844400,,,,,,
append,1805,2832700,,,,,,
append,1806,3394300,,,,,,
append,1807,3137500,,,,,,
append,1808,3134200,,,,,,
append,1809,3035900,,,,,,
append,1810,2903800,,,,,,
append,1811,3545300,,,,,,
append,1812,3071300,,,,,,
append,1813,3007100,,,,,,
append,1814,2935600,,,,,,
append,1815,2929700,,,,,,
append,1816,3210200,,,,,,
append,1817,3112700,,,,,,
append,1818,2997300,,,,,,
append,1819,2964300,,,,,,
append,1820,2994900,,,,,,
append,1821,3233000,,,,,,
append,1822,3054000,,,,,,
append,1823,3618600,,,,,,
append,1824,3367400,,,,,,
append,1825,2897100,,,,,,
append,1826,3134300,,,,,,
append,1827,3017900,,,,,,
append,1828,2995200,,,,,,
append,1829,2903400,,,,,,
append,1830,2918000,,,,,,
append,1831,3815300,,,,,,
append,1832,3124800,,,,,,
append,1833,3018400,,,,,,
append,1834,3243100,,,,,,
append,1835,3769200,,,,,,
append,1836,3919500,,,,,,
append,1837,3528500,,,,,,
append,1838,3303200,,,,,,
append,1839,3228600,,,,,,
append,1840,3497100,,,,,,
append,1841,3393600,,,,,,
append,1842,3184900,,,,,,
append,1843,3192400,,,,,,
append,1844,3089100,,,,,,
append,1845,3358900,,,,,,
append,1846,3234500,,,,,,
append,1847,3084900,,,,,,
append,1848,3131000,,,,,,
append,1849,3164600,,,,,,
append,1850,4118700,,,,,,
append,1851,3428600,,,,,,
append,1852,3226500,,,,,,
append,1853,3304900,,,,,,
append,1854,3284200,,,,,,
append,1855,3455900,,,,,,
append,1856,2869700,,,,,,
append,1857,2953700,,,,,,
append,1858,3178100,,,,,,
append,1859,3314200,,,,,,
append,1860,3773100,,,,,,
append,1861,3063200,,,,,,
append,1862,3018400,,,,,,
append,1863,2983100,,,,,,
append,1864,3149900,,,,,,
append,1865,3406100,,,,,,
append,1866,3008900,,,,,,
append,1867,3022400,,,,,,
append,1868,2897300,,,,,,
append,1869,3223200,,,,,,
append,1870,3215600,,,,,,
append,1871,3075700,,,,,,
append,1872,3086900,,,,,,
append,1873,2749500,,,,,,
append,1874,2893700,,,,,,
append,1875,2863000,,,,,,
append,1876,2693600,,,,,,
append,1877,2654900,,,,,,
append,1878,2700000,,,,,,
append,1879,2636700,,,,,,
append,1880,2718600,,,,,,
append,1881,2967000,,,,,,
append,1882,2903800,,,,,,
append,1883,2708300,,,,,,
append,1884,2684900,,,,,,
append,1885,2819900,,,,,,
append,1886,3026000,,,,,,
append,1887,3080300,,,,,,
append,1888,2615600,,,,,,
append,1889,2950400,,,,,,
append,1890,2838700,,,,,,
append,1891,2586200,,,,,,
append,1892,3039700,,,,,,
append,1893,3121400,,,,,,
append,1894,2721800,,,,,,
append,1895,2705300,,,,,,
append,1896,2720300,,,,,,
append,1897,3107300,,,,,,
append,1898,2761900,,,,,,
append,1899,2697700,,,,,,
append,1900,2712800,,,,,,
append,1901,2752200,,,,,,
append,1902,2831500,,,,,,
append,1903,2878100,,,,,,
append,1904,3138800,,,,,,
append,1905,3765800,,,,,,
append,1906,4118700,,,,,,
append,1907,3132800,,,,,,
append,1908,2984600,,,,,,
append,1909,2919500,,,,,,
append,1910,2943000,,,,,,
append,1911,2936400,,,,,,
append,1912,2885100,,,,,,
append,1913,3236900,,,,,,
append,1914,2922500,,,,,,
append,1915,2776100,,,,,,
append,1916,2888000,,,,,,
append,1917,2694200,,,,,,
append,1918,2736500,,,,,,
append,1919,2615700,,,,,,
append,1920,2613000,,,,,,
append,1921,2695700,,,,,,
append,1922,2660600,,,,,,
append,1923,2611700,,,,,,
append,1924,2718700,,,,,,
append,1925,2984000,,,,,,
append,1926,2901900,,,,,,
append,1927,2787600,,,,,,
append,1928,2987700,,,,,,
append,1929,2628800,,,,,,
append,1930,2936000,,,,,,
append,1931,2892900,,,,,,
append,1932,2662400,,,,,,
append,1933,2805400,,,,,,
append,1934,2684400,,,,,,
append,1935,2640900,,,,,,
append,1936,2723800,,,,,,
append,1937,2652600,,,,,,
append,1938,2806300,,,,,,
append,1939,2760200,,,,,,
append,1940,2701100,,,,,,
append,1941,2599700,,,,,,
append,1942,2764800,,,,,,
append,1943,2709100,,,,,,
append,1944,2782800,,,,,,
append,1945,2930700,,,,,,
append,1946,2680700,,,,,,
append,1947,3114800,,,,,,
append,1948,3071800,,,,,,
append,1949,2945800,,,,,,
append,1950,2823400,,,,,,
append,1951,2802600,,,,,,
append,1952,2601900,,,,,,
append,1953,3429600,,,,,,
append,1954,3130900,,,,,,
append,1955,2927100,,,,,,
append,1956,3277700,,,,,,
append,1957,2700900,,,,,,
append,1958,3233900,,,,,,
append,1959,2871200,,,,,,
append,1960,2872200,,,,,,
append,1961,2929300,,,,,,
append,1962,2786300,,,,,,
append,1963,2911800,,,,,,
append,1964,2803100,,,,,,
append,1965,3051800,,,,,,
append,1966,3091800,,,,,,
append,1967,2982300,,,,,,
append,1968,2941900,,,,,,
append,1969,3330400,,,,,,
append,1970,3165200,,,,,,
append,1971,3681600,,,,,,
append,1972,3495400,,,,,,
append,1973,3400300,,,,,,
append,1974,3549100,,,,,,
append,1975,3382100,,,,,,
append,1976,3135000,,,,,,
append,1977,3071600,,,,,,
append,1978,3534700,,,,,,
append,1979,3529100,,,,,,
append,1980,3580300,,,,,,
append,1981,3189800,,,,,,
append,1982,3239000,,,,,,
append,1983,3489600,,,,,,
append,1984,3234200,,,,,,
append,1985,3257200,,,,,,
append,1986,3243500,,,,,,
append,1987,3307100,,,,,,
append,1988,3553100,,,,,,
append,1989,2942700,,,,,,
append,1990,2947800,,,,,,
append,1991,3165300,,,,,,
append,1992,3299000,,,,,,
append,1993,3821300,,,,,,
append,1994,3168100,,,,,,
append,1995,3204400,,,,,,
append,1996,3059300,,,,,,
append,1997,3311800,,,,,,
append,1998,3716400,,,,,,
append,1999,3066300,,,,,,
append,2000,2947900,,,,,,
ingest,,6483770100,2000,28,296000,2284,,
