phase,event_index,elapsed_ns,events,full_rejections,file_bytes,peak_rss_kib,alloc_calls,alloc_requested_bytes
append,1,6524400,,,,,,
append,2,3996300,,,,,,
append,3,3221200,,,,,,
append,4,3361400,,,,,,
append,5,3479900,,,,,,
append,6,3174400,,,,,,
append,7,3015400,,,,,,
append,8,2970100,,,,,,
append,9,3288500,,,,,,
append,10,2947900,,,,,,
append,11,3128400,,,,,,
append,12,2929900,,,,,,
append,13,2939300,,,,,,
append,14,3049700,,,,,,
append,15,3240500,,,,,,
append,16,3192500,,,,,,
append,17,3084100,,,,,,
append,18,2856900,,,,,,
append,19,2919200,,,,,,
append,20,2991500,,,,,,
append,21,2899600,,,,,,
append,22,2995300,,,,,,
append,23,2995000,,,,,,
append,24,3078300,,,,,,
append,25,3020000,,,,,,
append,26,2794200,,,,,,
append,27,2632600,,,,,,
append,28,2956600,,,,,,
append,29,2740000,,,,,,
append,30,2888700,,,,,,
append,31,2957100,,,,,,
append,32,3220700,,,,,,
append,33,3110000,,,,,,
append,34,3064700,,,,,,
append,35,3210600,,,,,,
append,36,3450400,,,,,,
append,37,3267600,,,,,,
append,38,3050500,,,,,,
append,39,3307900,,,,,,
append,40,3907800,,,,,,
append,41,3388800,,,,,,
append,42,2956100,,,,,,
append,43,3077000,,,,,,
append,44,3233100,,,,,,
append,45,3527700,,,,,,
append,46,3312200,,,,,,
append,47,2871800,,,,,,
append,48,2885100,,,,,,
append,49,2966000,,,,,,
append,50,3262200,,,,,,
append,51,3071400,,,,,,
append,52,3186700,,,,,,
append,53,2961600,,,,,,
append,54,2924600,,,,,,
append,55,3006300,,,,,,
append,56,3180900,,,,,,
append,57,3025900,,,,,,
append,58,2983500,,,,,,
append,59,2945700,,,,,,
append,60,2980300,,,,,,
append,61,3456700,,,,,,
append,62,3163900,,,,,,
append,63,3237000,,,,,,
append,64,2976500,,,,,,
append,65,3019900,,,,,,
append,66,3103600,,,,,,
append,67,2792100,,,,,,
append,68,2698900,,,,,,
append,69,2634400,,,,,,
append,70,2669800,,,,,,
append,71,2702100,,,,,,
append,72,2727100,,,,,,
append,73,2735200,,,,,,
append,74,2631500,,,,,,
append,75,2677000,,,,,,
append,76,2735100,,,,,,
append,77,2747100,,,,,,
append,78,2850200,,,,,,
append,79,2725900,,,,,,
append,80,2634100,,,,,,
append,81,2958800,,,,,,
append,82,2723500,,,,,,
append,83,3049100,,,,,,
append,84,3181000,,,,,,
append,85,2780300,,,,,,
append,86,2807000,,,,,,
append,87,2762700,,,,,,
append,88,3014800,,,,,,
append,89,2956600,,,,,,
append,90,2781800,,,,,,
append,91,2797500,,,,,,
append,92,2816600,,,,,,
append,93,3210100,,,,,,
append,94,3551200,,,,,,
append,95,3118700,,,,,,
append,96,3020100,,,,,,
append,97,2896100,,,,,,
append,98,2966400,,,,,,
append,99,3141500,,,,,,
append,100,3077500,,,,,,
append,101,2894800,,,,,,
append,102,2920100,,,,,,
append,103,2852200,,,,,,
append,104,3355200,,,,,,
append,105,3543000,,,,,,
append,106,2996500,,,,,,
append,107,2929300,,,,,,
append,108,2944700,,,,,,
append,109,3300300,,,,,,
append,110,3199300,,,,,,
append,111,3073700,,,,,,
append,112,3276100,,,,,,
append,113,3303800,,,,,,
append,114,3139300,,,,,,
append,115,3098400,,,,,,
append,116,3137600,,,,,,
append,117,3086800,,,,,,
append,118,2889600,,,,,,
append,119,2930600,,,,,,
append,120,2864600,,,,,,
append,121,3056300,,,,,,
append,122,3120900,,,,,,
append,123,3018000,,,,,,
append,124,2958400,,,,,,
append,125,3008800,,,,,,
append,126,2874500,,,,,,
append,127,2876400,,,,,,
append,128,2894100,,,,,,
append,129,3095600,,,,,,
append,130,3319300,,,,,,
append,131,2901100,,,,,,
append,132,2894800,,,,,,
append,133,2941200,,,,,,
append,134,2857900,,,,,,
append,135,3040100,,,,,,
append,136,2938600,,,,,,
append,137,3182700,,,,,,
append,138,3073500,,,,,,
append,139,2892400,,,,,,
append,140,3150900,,,,,,
append,141,3255600,,,,,,
append,142,2912300,,,,,,
append,143,3064500,,,,,,
append,144,3080100,,,,,,
append,145,3199000,,,,,,
append,146,2932300,,,,,,
append,147,2875700,,,,,,
append,148,2856800,,,,,,
append,149,2956800,,,,,,
append,150,2911800,,,,,,
append,151,3546500,,,,,,
append,152,3114600,,,,,,
append,153,2825300,,,,,,
append,154,2772600,,,,,,
append,155,2861700,,,,,,
append,156,2954200,,,,,,
append,157,2957200,,,,,,
append,158,2807100,,,,,,
append,159,2905700,,,,,,
append,160,2968400,,,,,,
append,161,3321200,,,,,,
append,162,2938700,,,,,,
append,163,3094700,,,,,,
append,164,3025300,,,,,,
append,165,2744900,,,,,,
append,166,2914100,,,,,,
append,167,3273100,,,,,,
append,168,3310500,,,,,,
append,169,2969200,,,,,,
append,170,2916600,,,,,,
append,171,3096200,,,,,,
append,172,2897600,,,,,,
append,173,2794500,,,,,,
append,174,2798100,,,,,,
append,175,2785500,,,,,,
append,176,3032000,,,,,,
append,177,2959800,,,,,,
append,178,3149900,,,,,,
append,179,3008300,,,,,,
append,180,2650300,,,,,,
append,181,2662000,,,,,,
append,182,2623900,,,,,,
append,183,2962900,,,,,,
append,184,3059000,,,,,,
append,185,3192700,,,,,,
append,186,3079500,,,,,,
append,187,2679300,,,,,,
append,188,2837300,,,,,,
append,189,3052200,,,,,,
append,190,3002200,,,,,,
append,191,2804700,,,,,,
append,192,2626800,,,,,,
append,193,2625600,,,,,,
append,194,2890800,,,,,,
append,195,2795600,,,,,,
append,196,2668400,,,,,,
append,197,2661500,,,,,,
append,198,2602000,,,,,,
append,199,2626500,,,,,,
append,200,3096000,,,,,,
append,201,2921100,,,,,,
append,202,2872800,,,,,,
append,203,2758500,,,,,,
append,204,2698800,,,,,,
append,205,2885200,,,,,,
append,206,2937200,,,,,,
append,207,3065400,,,,,,
append,208,2669000,,,,,,
append,209,2546000,,,,,,
append,210,2470400,,,,,,
append,211,2766300,,,,,,
append,212,2904200,,,,,,
append,213,2619900,,,,,,
append,214,2666700,,,,,,
append,215,2618500,,,,,,
append,216,2537800,,,,,,
append,217,2986800,,,,,,
append,218,2553800,,,,,,
append,219,2685500,,,,,,
append,220,2625200,,,,,,
append,221,2609700,,,,,,
append,222,3078200,,,,,,
append,223,2921000,,,,,,
append,224,2846400,,,,,,
append,225,2825800,,,,,,
append,226,2675200,,,,,,
append,227,2707300,,,,,,
append,228,2847300,,,,,,
append,229,2944500,,,,,,
append,230,2735100,,,,,,
append,231,2980000,,,,,,
append,232,3252300,,,,,,
append,233,3313100,,,,,,
append,234,3097800,,,,,,
append,235,2916800,,,,,,
append,236,3268500,,,,,,
append,237,2840000,,,,,,
append,238,2794100,,,,,,
append,239,3100500,,,,,,
append,240,2767500,,,,,,
append,241,2688100,,,,,,
append,242,2900000,,,,,,
append,243,2903200,,,,,,
append,244,3189100,,,,,,
append,245,2959300,,,,,,
append,246,2861600,,,,,,
append,247,2851900,,,,,,
append,248,2765200,,,,,,
append,249,2850200,,,,,,
append,250,3306200,,,,,,
append,251,2952300,,,,,,
append,252,3536100,,,,,,
append,253,2943700,,,,,,
append,254,2762400,,,,,,
append,255,2790500,,,,,,
append,256,2769500,,,,,,
append,257,2699500,,,,,,
append,258,2653500,,,,,,
append,259,2847500,,,,,,
append,260,3185200,,,,,,
append,261,3575400,,,,,,
append,262,3402400,,,,,,
append,263,2876800,,,,,,
append,264,2802300,,,,,,
append,265,2747300,,,,,,
append,266,2715700,,,,,,
append,267,2671000,,,,,,
append,268,2639100,,,,,,
append,269,2829400,,,,,,
append,270,2828500,,,,,,
append,271,2810300,,,,,,
append,272,2824400,,,,,,
append,273,2701200,,,,,,
append,274,2635200,,,,,,
append,275,2726800,,,,,,
append,276,3014200,,,,,,
append,277,2994800,,,,,,
append,278,2763000,,,,,,
append,279,2704500,,,,,,
append,280,2593500,,,,,,
append,281,2691200,,,,,,
append,282,2864300,,,,,,
append,283,2788300,,,,,,
append,284,2696200,,,,,,
append,285,2715800,,,,,,
append,286,2651000,,,,,,
append,287,2830700,,,,,,
append,288,2851200,,,,,,
append,289,2890800,,,,,,
append,290,2807300,,,,,,
append,291,2641400,,,,,,
append,292,2651200,,,,,,
append,293,2706700,,,,,,
append,294,2801300,,,,,,
append,295,3054900,,,,,,
append,296,2813400,,,,,,
append,297,2694200,,,,,,
append,298,2565500,,,,,,
append,299,2579700,,,,,,
append,300,2808200,,,,,,
append,301,2797100,,,,,,
append,302,2807800,,,,,,
append,303,2720700,,,,,,
append,304,2734700,,,,,,
append,305,2704900,,,,,,
append,306,2833000,,,,,,
append,307,2746500,,,,,,
append,308,2679300,,,,,,
append,309,2603500,,,,,,
append,310,2580100,,,,,,
append,311,2633300,,,,,,
append,312,2823600,,,,,,
append,313,3237800,,,,,,
append,314,3080400,,,,,,
append,315,2742300,,,,,,
append,316,2616400,,,,,,
append,317,2618000,,,,,,
append,318,3222700,,,,,,
append,319,3036600,,,,,,
append,320,2839800,,,,,,
append,321,2923300,,,,,,
append,322,2838500,,,,,,
append,323,2811300,,,,,,
append,324,2785500,,,,,,
append,325,2744100,,,,,,
append,326,2729500,,,,,,
append,327,2710500,,,,,,
append,328,2786500,,,,,,
append,329,2989200,,,,,,
append,330,3389800,,,,,,
append,331,2572600,,,,,,
append,332,2608000,,,,,,
append,333,2724300,,,,,,
append,334,2550700,,,,,,
append,335,2743600,,,,,,
append,336,2809300,,,,,,
append,337,2800400,,,,,,
append,338,3063100,,,,,,
append,339,2977200,,,,,,
append,340,2794700,,,,,,
append,341,2891400,,,,,,
append,342,3141400,,,,,,
append,343,2946100,,,,,,
append,344,2686700,,,,,,
append,345,2703400,,,,,,
append,346,3218600,,,,,,
append,347,2995700,,,,,,
append,348,3505000,,,,,,
append,349,4633200,,,,,,
append,350,2871400,,,,,,
append,351,2636900,,,,,,
append,352,2938300,,,,,,
append,353,2650700,,,,,,
append,354,2569100,,,,,,
append,355,2542900,,,,,,
append,356,2755300,,,,,,
append,357,2939300,,,,,,
append,358,2868800,,,,,,
append,359,2801700,,,,,,
append,360,2822700,,,,,,
append,361,2782600,,,,,,
append,362,2756900,,,,,,
append,363,2663800,,,,,,
append,364,2726000,,,,,,
append,365,2738800,,,,,,
append,366,2785200,,,,,,
append,367,2937800,,,,,,
append,368,2944300,,,,,,
append,369,2832500,,,,,,
append,370,2840700,,,,,,
append,371,2758100,,,,,,
append,372,2732100,,,,,,
append,373,2891400,,,,,,
append,374,2976700,,,,,,
append,375,2772600,,,,,,
append,376,2800900,,,,,,
append,377,2819000,,,,,,
append,378,2758700,,,,,,
append,379,2997100,,,,,,
append,380,2779500,,,,,,
append,381,2690800,,,,,,
append,382,2613100,,,,,,
append,383,2637500,,,,,,
append,384,2642100,,,,,,
append,385,2649900,,,,,,
append,386,2554900,,,,,,
append,387,2557400,,,,,,
append,388,2688700,,,,,,
append,389,2692900,,,,,,
append,390,2706600,,,,,,
append,391,2714800,,,,,,
append,392,2554300,,,,,,
append,393,2613100,,,,,,
append,394,2600400,,,,,,
append,395,2792300,,,,,,
append,396,2787500,,,,,,
append,397,2821300,,,,,,
append,398,2686800,,,,,,
append,399,2614800,,,,,,
append,400,2681900,,,,,,
append,401,2667700,,,,,,
append,402,2771300,,,,,,
append,403,2837600,,,,,,
append,404,2590300,,,,,,
append,405,2682600,,,,,,
append,406,3082100,,,,,,
append,407,2883400,,,,,,
append,408,2883099,,,,,,
append,409,2976600,,,,,,
append,410,2913200,,,,,,
append,411,2702600,,,,,,
append,412,2811000,,,,,,
append,413,2810700,,,,,,
append,414,3268099,,,,,,
append,415,3506400,,,,,,
append,416,3041600,,,,,,
append,417,2869700,,,,,,
append,418,2885800,,,,,,
append,419,3333700,,,,,,
append,420,3074199,,,,,,
append,421,2906200,,,,,,
append,422,2679100,,,,,,
append,423,2715700,,,,,,
append,424,3144500,,,,,,
append,425,3260200,,,,,,
append,426,2691599,,,,,,
append,427,2644100,,,,,,
append,428,2704200,,,,,,
append,429,2627900,,,,,,
append,430,2714500,,,,,,
append,431,2622200,,,,,,
append,432,2713299,,,,,,
append,433,2600300,,,,,,
append,434,2686700,,,,,,
append,435,2703500,,,,,,
append,436,7904900,,,,,,
append,437,2788099,,,,,,
append,438,2717000,,,,,,
append,439,2753200,,,,,,
append,440,2889800,,,,,,
append,441,2801000,,,,,,
append,442,2709700,,,,,,
append,443,3122499,,,,,,
append,444,2827000,,,,,,
append,445,3199100,,,,,,
append,446,3025400,,,,,,
append,447,2844800,,,,,,
append,448,2775199,,,,,,
append,449,2794500,,,,,,
append,450,2814000,,,,,,
append,451,2752100,,,,,,
append,452,2786000,,,,,,
append,453,2843800,,,,,,
append,454,2847200,,,,,,
append,455,2858199,,,,,,
append,456,2932500,,,,,,
append,457,2807900,,,,,,
append,458,2837100,,,,,,
append,459,2791100,,,,,,
append,460,2759300,,,,,,
append,461,2802099,,,,,,
append,462,2859100,,,,,,
append,463,2990600,,,,,,
append,464,2855100,,,,,,
append,465,2799200,,,,,,
append,466,2811800,,,,,,
append,467,2948499,,,,,,
append,468,2928200,,,,,,
append,469,2901500,,,,,,
append,470,2810700,,,,,,
append,471,2807300,,,,,,
append,472,2791100,,,,,,
append,473,2852599,,,,,,
append,474,2981600,,,,,,
append,475,2919700,,,,,,
append,476,2761900,,,,,,
append,477,3075900,,,,,,
append,478,2850800,,,,,,
append,479,2784099,,,,,,
append,480,3148700,,,,,,
append,481,2978000,,,,,,
append,482,2710900,,,,,,
append,483,2753100,,,,,,
append,484,2790600,,,,,,
append,485,2749599,,,,,,
append,486,2725500,,,,,,
append,487,2896900,,,,,,
append,488,3260700,,,,,,
append,489,3929100,,,,,,
append,490,3420099,,,,,,
append,491,2669200,,,,,,
append,492,2725700,,,,,,
append,493,2850900,,,,,,
append,494,2813600,,,,,,
append,495,2599300,,,,,,
append,496,2585399,,,,,,
append,497,2657100,,,,,,
append,498,2718200,,,,,,
append,499,2796500,,,,,,
append,500,2877500,,,,,,
append,501,2922700,,,,,,
append,502,2741499,,,,,,
append,503,2648300,,,,,,
append,504,2673700,,,,,,
append,505,2695500,,,,,,
append,506,2686500,,,,,,
append,507,2645700,,,,,,
append,508,2621700,,,,,,
append,509,2666999,,,,,,
append,510,2832700,,,,,,
append,511,2805800,,,,,,
append,512,2789100,,,,,,
append,513,2920600,,,,,,
append,514,2797000,,,,,,
append,515,2781399,,,,,,
append,516,2757700,,,,,,
append,517,3135300,,,,,,
append,518,2822700,,,,,,
append,519,2887200,,,,,,
append,520,2857000,,,,,,
append,521,2798799,,,,,,
append,522,2941600,,,,,,
append,523,3374000,,,,,,
append,524,3055300,,,,,,
append,525,2905100,,,,,,
append,526,2976300,,,,,,
append,527,2747799,,,,,,
append,528,2959300,,,,,,
append,529,2887100,,,,,,
append,530,2825700,,,,,,
append,531,2792900,,,,,,
append,532,2784600,,,,,,
append,533,2956699,,,,,,
append,534,2779800,,,,,,
append,535,2764900,,,,,,
append,536,2769100,,,,,,
append,537,2799700,,,,,,
append,538,2670500,,,,,,
append,539,2879499,,,,,,
append,540,2782500,,,,,,
append,541,2800500,,,,,,
append,542,2720600,,,,,,
append,543,2664100,,,,,,
append,544,2642200,,,,,,
append,545,3032899,,,,,,
append,546,3052700,,,,,,
append,547,2848900,,,,,,
append,548,2789700,,,,,,
append,549,2740300,,,,,,
append,550,2788500,,,,,,
append,551,2846399,,,,,,
append,552,2804400,,,,,,
append,553,2817800,,,,,,
append,554,2853500,,,,,,
append,555,2810500,,,,,,
append,556,3435100,,,,,,
append,557,2777799,,,,,,
append,558,2826900,,,,,,
append,559,2620100,,,,,,
append,560,2737700,,,,,,
append,561,3006700,,,,,,
append,562,2690100,,,,,,
append,563,2716999,,,,,,
append,564,2869600,,,,,,
append,565,3057400,,,,,,
append,566,3174700,,,,,,
append,567,3334200,,,,,,
append,568,3264400,,,,,,
append,569,2953799,,,,,,
append,570,2733100,,,,,,
append,571,2675300,,,,,,
append,572,3155100,,,,,,
append,573,2834500,,,,,,
append,574,2713700,,,,,,
append,575,2719099,,,,,,
append,576,2634800,,,,,,
append,577,2772600,,,,,,
append,578,2784000,,,,,,
append,579,2636300,,,,,,
append,580,2685300,,,,,,
append,581,2733499,,,,,,
append,582,3258300,,,,,,
append,583,2976000,,,,,,
append,584,2669400,,,,,,
append,585,2705300,,,,,,
append,586,2851700,,,,,,
append,587,2794199,,,,,,
append,588,2720500,,,,,,
append,589,3115800,,,,,,
append,590,2690300,,,,,,
append,591,2828300,,,,,,
append,592,2839100,,,,,,
append,593,2701599,,,,,,
append,594,2762700,,,,,,
append,595,2821200,,,,,,
append,596,2678100,,,,,,
append,597,2708500,,,,,,
append,598,2848000,,,,,,
append,599,2722599,,,,,,
append,600,2755200,,,,,,
append,601,2707600,,,,,,
append,602,2755100,,,,,,
append,603,3153000,,,,,,
append,604,2694100,,,,,,
append,605,2758699,,,,,,
append,606,3151100,,,,,,
append,607,2827600,,,,,,
append,608,2759200,,,,,,
append,609,2873600,,,,,,
append,610,2855400,,,,,,
append,611,2932299,,,,,,
append,612,2902800,,,,,,
append,613,2805600,,,,,,
append,614,2830300,,,,,,
append,615,2741000,,,,,,
append,616,2924500,,,,,,
append,617,2940299,,,,,,
append,618,2770700,,,,,,
append,619,2583000,,,,,,
append,620,2610800,,,,,,
append,621,2706300,,,,,,
append,622,3033400,,,,,,
append,623,2743200,,,,,,
append,624,2575499,,,,,,
append,625,2633900,,,,,,
append,626,2592100,,,,,,
append,627,2606300,,,,,,
append,628,2842200,,,,,,
append,629,2748100,,,,,,
append,630,2681099,,,,,,
append,631,2784800,,,,,,
append,632,2679300,,,,,,
append,633,2918600,,,,,,
append,634,3200300,,,,,,
append,635,2615900,,,,,,
append,636,2500399,,,,,,
append,637,2638100,,,,,,
append,638,2656800,,,,,,
append,639,2783900,,,,,,
append,640,3066600,,,,,,
append,641,2887800,,,,,,
append,642,2917399,,,,,,
append,643,2895000,,,,,,
append,644,2681100,,,,,,
append,645,2798300,,,,,,
append,646,2840000,,,,,,
append,647,2791200,,,,,,
append,648,2769999,,,,,,
append,649,2847600,,,,,,
append,650,3229800,,,,,,
append,651,3580200,,,,,,
append,652,3382900,,,,,,
append,653,2914100,,,,,,
append,654,3089799,,,,,,
append,655,3450800,,,,,,
append,656,3575600,,,,,,
append,657,3060200,,,,,,
append,658,2776900,,,,,,
append,659,2724499,,,,,,
append,660,2695300,,,,,,
append,661,2942200,,,,,,
append,662,3018800,,,,,,
append,663,2698200,,,,,,
append,664,2685400,,,,,,
append,665,2760199,,,,,,
append,666,2807200,,,,,,
append,667,2896000,,,,,,
append,668,2861200,,,,,,
append,669,2953300,,,,,,
append,670,2857400,,,,,,
append,671,2826399,,,,,,
append,672,3056000,,,,,,
append,673,3154800,,,,,,
append,674,2801600,,,,,,
append,675,2684900,,,,,,
append,676,2734000,,,,,,
append,677,2726599,,,,,,
append,678,2760400,,,,,,
append,679,2668200,,,,,,
append,680,2786300,,,,,,
append,681,2969100,,,,,,
append,682,2839600,,,,,,
append,683,2863100,,,,,,
append,684,3015799,,,,,,
append,685,3061100,,,,,,
append,686,3160900,,,,,,
append,687,2929700,,,,,,
append,688,3658800,,,,,,
append,689,3745899,,,,,,
append,690,3244900,,,,,,
append,691,2772800,,,,,,
append,692,2721400,,,,,,
append,693,2824400,,,,,,
append,694,3100700,,,,,,
append,695,2995099,,,,,,
append,696,2831100,,,,,,
append,697,2951200,,,,,,
append,698,3099400,,,,,,
append,699,3167000,,,,,,
append,700,2871299,,,,,,
append,701,3119200,,,,,,
append,702,3100700,,,,,,
append,703,2993700,,,,,,
append,704,3535500,,,,,,
append,705,3917399,,,,,,
append,706,4179100,,,,,,
append,707,3039700,,,,,,
append,708,2989800,,,,,,
append,709,2960400,,,,,,
append,710,2945300,,,,,,
append,711,3110399,,,,,,
append,712,3059600,,,,,,
append,713,3247000,,,,,,
append,714,3883600,,,,,,
append,715,3430400,,,,,,
append,716,3046999,,,,,,
append,717,3195500,,,,,,
append,718,3168400,,,,,,
append,719,3807700,,,,,,
append,720,3421300,,,,,,
append,721,2907599,,,,,,
append,722,3030200,,,,,,
append,723,3306400,,,,,,
append,724,2788800,,,,,,
append,725,2709500,,,,,,
append,726,2839700,,,,,,
append,727,2775199,,,,,,
append,728,2902600,,,,,,
append,729,2769500,,,,,,
append,730,2778200,,,,,,
append,731,3059100,,,,,,
append,732,2740800,,,,,,
append,733,2704399,,,,,,
append,734,2907300,,,,,,
append,735,3023000,,,,,,
append,736,2791300,,,,,,
append,737,2853400,,,,,,
append,738,2752200,,,,,,
append,739,2786399,,,,,,
append,740,3275000,,,,,,
append,741,2701200,,,,,,
append,742,2935100,,,,,,
append,743,2906300,,,,,,
append,744,2937800,,,,,,
append,745,3300499,,,,,,
append,746,2872600,,,,,,
append,747,2713000,,,,,,
append,748,2763300,,,,,,
append,749,2692300,,,,,,
append,750,3015100,,,,,,
append,751,2761099,,,,,,
append,752,2733400,,,,,,
append,753,3097600,,,,,,
append,754,3231500,,,,,,
append,755,3087300,,,,,,
append,756,3078800,,,,,,
append,757,2922299,,,,,,
append,758,2848600,,,,,,
append,759,2777900,,,,,,
append,760,2870700,,,,,,
append,761,3122300,,,,,,
append,762,2901400,,,,,,
append,763,2922199,,,,,,
append,764,2924700,,,,,,
append,765,2856400,,,,,,
append,766,2818400,,,,,,
append,767,2829100,,,,,,
append,768,3210499,,,,,,
append,769,3247700,,,,,,
append,770,2988900,,,,,,
append,771,2901200,,,,,,
append,772,3409100,,,,,,
append,773,2981800,,,,,,
append,774,2880899,,,,,,
append,775,2954000,,,,,,
append,776,3020800,,,,,,
append,777,3050200,,,,,,
append,778,3471000,,,,,,
append,779,3146800,,,,,,
append,780,3122199,,,,,,
append,781,3059500,,,,,,
append,782,3231200,,,,,,
append,783,3157200,,,,,,
append,784,3122700,,,,,,
append,785,3312199,,,,,,
append,786,3939400,,,,,,
append,787,3590100,,,,,,
append,788,3253500,,,,,,
append,789,3457400,,,,,,
append,790,3146699,,,,,,
append,791,3425800,,,,,,
append,792,2861300,,,,,,
append,793,2817400,,,,,,
append,794,2855200,,,,,,
append,795,2794800,,,,,,
append,796,2852299,,,,,,
append,797,2937900,,,,,,
append,798,2838800,,,,,,
append,799,2878700,,,,,,
append,800,3042400,,,,,,
append,801,2941600,,,,,,
append,802,2786599,,,,,,
append,803,2929000,,,,,,
append,804,2872300,,,,,,
append,805,2997700,,,,,,
append,806,2854200,,,,,,
append,807,3099699,,,,,,
append,808,3140200,,,,,,
append,809,3152900,,,,,,
append,810,3023900,,,,,,
append,811,2960400,,,,,,
append,812,3346700,,,,,,
append,813,3249499,,,,,,
append,814,2984100,,,,,,
append,815,2938500,,,,,,
append,816,2954900,,,,,,
append,817,3522500,,,,,,
append,818,3229499,,,,,,
append,819,2910900,,,,,,
append,820,3013900,,,,,,
append,821,2952200,,,,,,
append,822,3060100,,,,,,
append,823,3217000,,,,,,
append,824,2986499,,,,,,
append,825,2872600,,,,,,
append,826,2889200,,,,,,
append,827,2929500,,,,,,
append,828,3187200,,,,,,
append,829,2994500,,,,,,
append,830,3029899,,,,,,
append,831,2911800,,,,,,
append,832,3054300,,,,,,
append,833,3578700,,,,,,
append,834,3303300,,,,,,
append,835,3258199,,,,,,
append,836,3049900,,,,,,
append,837,2812800,,,,,,
append,838,2953800,,,,,,
append,839,2853200,,,,,,
append,840,2787900,,,,,,
append,841,2822599,,,,,,
append,842,2763300,,,,,,
append,843,2863800,,,,,,
append,844,2974600,,,,,,
append,845,2993800,,,,,,
append,846,2885700,,,,,,
append,847,2805099,,,,,,
append,848,2878900,,,,,,
append,849,3351700,,,,,,
append,850,3032900,,,,,,
append,851,2818800,,,,,,
append,852,2975500,,,,,,
append,853,3064899,,,,,,
append,854,3019400,,,,,,
append,855,2991100,,,,,,
append,856,3269000,,,,,,
append,857,4250300,,,,,,
append,858,3738499,,,,,,
append,859,3186000,,,,,,
append,860,3189000,,,,,,
append,861,3274500,,,,,,
append,862,3252600,,,,,,
append,863,3509599,,,,,,
append,864,3448400,,,,,,
append,865,3079800,,,,,,
append,866,2893000,,,,,,
append,867,2960100,,,,,,
append,868,2930400,,,,,,
append,869,3021899,,,,,,
append,870,3132200,,,,,,
append,871,3085600,,,,,,
append,872,2976500,,,,,,
append,873,2735900,,,,,,
append,874,2742399,,,,,,
append,875,2916900,,,,,,
append,876,2984000,,,,,,
append,877,2889100,,,,,,
append,878,2795600,,,,,,
append,879,3117700,,,,,,
append,880,3188699,,,,,,
append,881,2687100,,,,,,
append,882,3074500,,,,,,
append,883,2652200,,,,,,
append,884,2680300,,,,,,
append,885,3030400,,,,,,
append,886,3124199,,,,,,
append,887,3053100,,,,,,
append,888,3211200,,,,,,
append,889,2771000,,,,,,
append,890,2775500,,,,,,
append,891,2771600,,,,,,
append,892,2629999,,,,,,
append,893,2591200,,,,,,
append,894,2749700,,,,,,
append,895,3012300,,,,,,
append,896,3166800,,,,,,
append,897,2867300,,,,,,
append,898,2701899,,,,,,
append,899,2727700,,,,,,
append,900,2689300,,,,,,
append,901,2785700,,,,,,
append,902,2875100,,,,,,
append,903,2674500,,,,,,
append,904,2591999,,,,,,
append,905,2681300,,,,,,
append,906,3109900,,,,,,
append,907,3007900,,,,,,
append,908,2846500,,,,,,
append,909,2717500,,,,,,
append,910,2755599,,,,,,
append,911,2881500,,,,,,
append,912,2799600,,,,,,
append,913,2714600,,,,,,
append,914,2863300,,,,,,
append,915,2687000,,,,,,
append,916,2683900,,,,,,
append,917,2640499,,,,,,
append,918,2839900,,,,,,
append,919,3005000,,,,,,
append,920,3329300,,,,,,
append,921,3235500,,,,,,
append,922,3256999,,,,,,
append,923,2924000,,,,,,
append,924,2752500,,,,,,
append,925,2687500,,,,,,
append,926,2912100,,,,,,
append,927,3008000,,,,,,
append,928,2678399,,,,,,
append,929,3258700,,,,,,
append,930,3330700,,,,,,
append,931,3440300,,,,,,
append,932,3143600,,,,,,
append,933,3230900,,,,,,
append,934,3133299,,,,,,
append,935,3163900,,,,,,
append,936,2921300,,,,,,
append,937,3048800,,,,,,
append,938,3070700,,,,,,
append,939,3321899,,,,,,
append,940,2931200,,,,,,
append,941,2862500,,,,,,
append,942,2643100,,,,,,
append,943,2639600,,,,,,
append,944,3543400,,,,,,
append,945,3108699,,,,,,
append,946,2766800,,,,,,
append,947,2834300,,,,,,
append,948,2776300,,,,,,
append,949,3487400,,,,,,
append,950,2970300,,,,,,
append,951,2801599,,,,,,
append,952,2705100,,,,,,
append,953,2649300,,,,,,
append,954,2680000,,,,,,
append,955,2809900,,,,,,
append,956,2646700,,,,,,
append,957,2839599,,,,,,
append,958,2690300,,,,,,
append,959,2617000,,,,,,
append,960,2698400,,,,,,
append,961,2729900,,,,,,
append,962,2693100,,,,,,
append,963,2701599,,,,,,
append,964,2634700,,,,,,
append,965,2572000,,,,,,
append,966,2728500,,,,,,
append,967,2680200,,,,,,
append,968,2652900,,,,,,
append,969,2879300,,,,,,
append,970,2618099,,,,,,
append,971,2572400,,,,,,
append,972,2947400,,,,,,
append,973,2770300,,,,,,
append,974,2822800,,,,,,
append,975,2834500,,,,,,
append,976,2677199,,,,,,
append,977,2703200,,,,,,
append,978,2818800,,,,,,
append,979,2655900,,,,,,
append,980,2629900,,,,,,
append,981,2739900,,,,,,
append,982,2647899,,,,,,
append,983,2875900,,,,,,
append,984,3053900,,,,,,
append,985,2968400,,,,,,
append,986,2719100,,,,,,
append,987,2726200,,,,,,
append,988,2722599,,,,,,
append,989,2842000,,,,,,
append,990,2858700,,,,,,
append,991,2654800,,,,,,
append,992,2651400,,,,,,
append,993,2884100,,,,,,
append,994,2813299,,,,,,
append,995,2957400,,,,,,
append,996,2896700,,,,,,
append,997,2992400,,,,,,
append,998,2989900,,,,,,
append,999,3019300,,,,,,
append,1000,2999799,,,,,,
append,1001,2866300,,,,,,
append,1002,2798100,,,,,,
append,1003,3017200,,,,,,
append,1004,2873900,,,,,,
append,1005,3156000,,,,,,
append,1006,3607099,,,,,,
append,1007,3277500,,,,,,
append,1008,3190500,,,,,,
append,1009,2884900,,,,,,
append,1010,3305400,,,,,,
append,1011,3304199,,,,,,
append,1012,3057200,,,,,,
append,1013,3298000,,,,,,
append,1014,2743700,,,,,,
append,1015,3065400,,,,,,
append,1016,2947000,,,,,,
append,1017,2866899,,,,,,
append,1018,2853600,,,,,,
append,1019,2769000,,,,,,
append,1020,2738500,,,,,,
append,1021,3056500,,,,,,
append,1022,3088200,,,,,,
append,1023,3105199,,,,,,
append,1024,3043700,,,,,,
append,1025,3085100,,,,,,
append,1026,3212900,,,,,,
append,1027,3610000,,,,,,
append,1028,2928399,,,,,,
append,1029,2764300,,,,,,
append,1030,2880500,,,,,,
append,1031,2863500,,,,,,
append,1032,3055300,,,,,,
append,1033,2739800,,,,,,
append,1034,2731799,,,,,,
append,1035,2800900,,,,,,
append,1036,3222600,,,,,,
append,1037,2991300,,,,,,
append,1038,2674000,,,,,,
append,1039,2707300,,,,,,
append,1040,2699899,,,,,,
append,1041,2708200,,,,,,
append,1042,2677200,,,,,,
append,1043,3920900,,,,,,
append,1044,3435700,,,,,,
append,1045,2978700,,,,,,
append,1046,3039799,,,,,,
append,1047,2794000,,,,,,
append,1048,2930100,,,,,,
append,1049,2832000,,,,,,
append,1050,2811900,,,,,,
append,1051,2826900,,,,,,
append,1052,2872999,,,,,,
append,1053,2843800,,,,,,
append,1054,3001600,,,,,,
append,1055,3116500,,,,,,
append,1056,2683900,,,,,,
append,1057,2864300,,,,,,
append,1058,3052699,,,,,,
append,1059,3198600,,,,,,
append,1060,3025100,,,,,,
append,1061,2811200,,,,,,
append,1062,2946100,,,,,,
append,1063,3266799,,,,,,
append,1064,3051700,,,,,,
append,1065,2748100,,,,,,
append,1066,2733900,,,,,,
append,1067,2771500,,,,,,
append,1068,2734800,,,,,,
append,1069,3002599,,,,,,
append,1070,3243700,,,,,,
append,1071,3414400,,,,,,
append,1072,3392800,,,,,,
append,1073,3061400,,,,,,
append,1074,3316200,,,,,,
append,1075,2864799,,,,,,
append,1076,2756800,,,,,,
append,1077,3011500,,,,,,
append,1078,3523700,,,,,,
append,1079,3820700,,,,,,
append,1080,3205599,,,,,,
append,1081,2957100,,,,,,
append,1082,2987600,,,,,,
append,1083,2939000,,,,,,
append,1084,3501100,,,,,,
append,1085,3271599,,,,,,
append,1086,3293500,,,,,,
append,1087,3387900,,,,,,
append,1088,3026700,,,,,,
append,1089,3892400,,,,,,
append,1090,3873399,,,,,,
append,1091,3230700,,,,,,
append,1092,2836100,,,,,,
append,1093,2854100,,,,,,
append,1094,2710500,,,,,,
append,1095,2899600,,,,,,
append,1096,2850999,,,,,,
append,1097,2704100,,,,,,
append,1098,2827400,,,,,,
append,1099,2988500,,,,,,
append,1100,2967600,,,,,,
append,1101,2848800,,,,,,
append,1102,3066099,,,,,,
append,1103,2905900,,,,,,
append,1104,2949400,,,,,,
append,1105,3333800,,,,,,
append,1106,2691500,,,,,,
append,1107,2684400,,,,,,
append,1108,2718399,,,,,,
append,1109,2708500,,,,,,
append,1110,2980000,,,,,,
append,1111,3622600,,,,,,
append,1112,3297600,,,,,,
append,1113,2729600,,,,,,
append,1114,2696799,,,,,,
append,1115,2943400,,,,,,
append,1116,2959100,,,,,,
append,1117,2836300,,,,,,
append,1118,2863100,,,,,,
append,1119,2795900,,,,,,
append,1120,2832899,,,,,,
append,1121,3070700,,,,,,
append,1122,2775600,,,,,,
append,1123,3295700,,,,,,
append,1124,2789100,,,,,,
append,1125,2816400,,,,,,
append,1126,2976199,,,,,,
append,1127,2878900,,,,,,
append,1128,2910500,,,,,,
append,1129,2776100,,,,,,
append,1130,2729900,,,,,,
append,1131,2696200,,,,,,
append,1132,2896299,,,,,,
append,1133,2949800,,,,,,
append,1134,2755900,,,,,,
append,1135,2932100,,,,,,
append,1136,2699900,,,,,,
append,1137,3047600,,,,,,
append,1138,3432099,,,,,,
append,1139,3005300,,,,,,
append,1140,2907300,,,,,,
append,1141,2878700,,,,,,
append,1142,3663200,,,,,,
append,1143,3419099,,,,,,
append,1144,2997800,,,,,,
append,1145,2912700,,,,,,
append,1146,2990900,,,,,,
append,1147,3087700,,,,,,
append,1148,3048500,,,,,,
append,1149,3144699,,,,,,
append,1150,3592300,,,,,,
append,1151,3516500,,,,,,
append,1152,3436600,,,,,,
append,1153,3193500,,,,,,
append,1154,4057699,,,,,,
append,1155,3313600,,,,,,
append,1156,3562200,,,,,,
append,1157,3607500,,,,,,
append,1158,3389599,,,,,,
append,1159,3421900,,,,,,
append,1160,3273700,,,,,,
append,1161,3523200,,,,,,
append,1162,3154200,,,,,,
append,1163,3287000,,,,,,
append,1164,3304699,,,,,,
append,1165,7045000,,,,,,
append,1166,3395200,,,,,,
append,1167,3418300,,,,,,
append,1168,3286899,,,,,,
append,1169,3553400,,,,,,
append,1170,3683100,,,,,,
append,1171,3179500,,,,,,
append,1172,2972800,,,,,,
append,1173,2833999,,,,,,
append,1174,3144200,,,,,,
append,1175,3215900,,,,,,
append,1176,2957400,,,,,,
append,1177,2877600,,,,,,
append,1178,2780100,,,,,,
append,1179,3165099,,,,,,
append,1180,3630300,,,,,,
append,1181,3497000,,,,,,
append,1182,3602700,,,,,,
append,1183,3386700,,,,,,
append,1184,3394299,,,,,,
append,1185,3264100,,,,,,
append,1186,3550400,,,,,,
append,1187,3692500,,,,,,
append,1188,3547099,,,,,,
append,1189,3858000,,,,,,
append,1190,3881400,,,,,,
append,1191,3437400,,,,,,
append,1192,3550100,,,,,,
append,1193,3275399,,,,,,
append,1194,3990700,,,,,,
append,1195,3463300,,,,,,
append,1196,3478600,,,,,,
append,1197,3710600,,,,,,
append,1198,3450199,,,,,,
append,1199,3349000,,,,,,
append,1200,3396300,,,,,,
append,1201,3559100,,,,,,
append,1202,3865500,,,,,,
append,1203,3737399,,,,,,
append,1204,3192900,,,,,,
append,1205,3313900,,,,,,
append,1206,3464600,,,,,,
append,1207,3305600,,,,,,
append,1208,3780499,,,,,,
append,1209,3768900,,,,,,
append,1210,3507300,,,,,,
append,1211,3781400,,,,,,
append,1212,4210099,,,,,,
append,1213,12315500,,,,,,
append,1214,11957999,,,,,,
append,1215,12480999,,,,,,
append,1216,3053400,,,,,,
append,1217,3595300,,,,,,
append,1218,3108400,,,,,,
append,1219,3028500,,,,,,
append,1220,3018899,,,,,,
append,1221,3021500,,,,,,
append,1222,3561800,,,,,,
append,1223,3294000,,,,,,
append,1224,3130100,,,,,,
append,1225,3207899,,,,,,
append,1226,3213300,,,,,,
append,1227,3699500,,,,,,
append,1228,3507400,,,,,,
append,1229,3434600,,,,,,
append,1230,3202099,,,,,,
append,1231,3215600,,,,,,
append,1232,3471000,,,,,,
append,1233,3347300,,,,,,
append,1234,3142700,,,,,,
append,1235,3254600,,,,,,
append,1236,3779299,,,,,,
append,1237,3646900,,,,,,
append,1238,3220800,,,,,,
append,1239,3154100,,,,,,
append,1240,3432900,,,,,,
append,1241,3338399,,,,,,
append,1242,3552500,,,,,,
append,1243,3485700,,,,,,
append,1244,3191400,,,,,,
append,1245,3305300,,,,,,
append,1246,3308799,,,,,,
append,1247,3328400,,,,,,
append,1248,3285800,,,,,,
append,1249,3424400,,,,,,
append,1250,3273900,,,,,,
append,1251,3054299,,,,,,
append,1252,3331800,,,,,,
append,1253,3182600,,,,,,
append,1254,3431500,,,,,,
append,1255,3954400,,,,,,
append,1256,3962999,,,,,,
append,1257,3521100,,,,,,
append,1258,3675400,,,,,,
append,1259,3575800,,,,,,
append,1260,3865199,,,,,,
append,1261,3402700,,,,,,
append,1262,3672200,,,,,,
append,1263,3593200,,,,,,
append,1264,3831400,,,,,,
append,1265,3407099,,,,,,
append,1266,3899700,,,,,,
append,1267,3901400,,,,,,
append,1268,4123200,,,,,,
append,1269,4068900,,,,,,
append,1270,4429799,,,,,,
append,1271,3906300,,,,,,
append,1272,4138900,,,,,,
append,1273,3611000,,,,,,
append,1274,3797199,,,,,,
append,1275,3802600,,,,,,
append,1276,3309200,,,,,,
append,1277,3392200,,,,,,
append,1278,3623900,,,,,,
append,1279,3566699,,,,,,
append,1280,4216000,,,,,,
append,1281,3941000,,,,,,
append,1282,3649600,,,,,,
append,1283,4050199,,,,,,
append,1284,3905200,,,,,,
append,1285,3522600,,,,,,
append,1286,3459700,,,,,,
append,1287,3659400,,,,,,
append,1288,3882899,,,,,,
append,1289,3643200,,,,,,
append,1290,3676100,,,,,,
append,1291,3695700,,,,,,
append,1292,3442199,,,,,,
append,1293,3153300,,,,,,
append,1294,3208200,,,,,,
append,1295,3013100,,,,,,
append,1296,2806500,,,,,,
append,1297,3343000,,,,,,
append,1298,3639199,,,,,,
append,1299,3164100,,,,,,
append,1300,3229400,,,,,,
append,1301,3233100,,,,,,
append,1302,3114900,,,,,,
append,1303,3227599,,,,,,
append,1304,3485600,,,,,,
append,1305,3073900,,,,,,
append,1306,3048300,,,,,,
append,1307,3171100,,,,,,
append,1308,3460499,,,,,,
append,1309,3348700,,,,,,
append,1310,3024700,,,,,,
append,1311,3038800,,,,,,
append,1312,2957000,,,,,,
append,1313,3415000,,,,,,
append,1314,2876799,,,,,,
append,1315,2879300,,,,,,
append,1316,2996600,,,,,,
append,1317,2960900,,,,,,
append,1318,3324300,,,,,,
append,1319,3108300,,,,,,
append,1320,2832199,,,,,,
append,1321,2765300,,,,,,
append,1322,2853200,,,,,,
append,1323,3388800,,,,,,
append,1324,3182600,,,,,,
append,1325,3235599,,,,,,
append,1326,3506200,,,,,,
append,1327,3199300,,,,,,
append,1328,3373400,,,,,,
append,1329,4102500,,,,,,
append,1330,3649599,,,,,,
append,1331,4330700,,,,,,
append,1332,4417400,,,,,,
append,1333,4058400,,,,,,
append,1334,3683799,,,,,,
append,1335,3574900,,,,,,
append,1336,3658900,,,,,,
append,1337,3458000,,,,,,
append,1338,3547700,,,,,,
append,1339,3319499,,,,,,
append,1340,3681500,,,,,,
append,1341,3324000,,,,,,
append,1342,3152400,,,,,,
append,1343,3608700,,,,,,
append,1344,3706499,,,,,,
append,1345,3715900,,,,,,
append,1346,3645100,,,,,,
append,1347,3823700,,,,,,
append,1348,3224200,,,,,,
append,1349,3368999,,,,,,
append,1350,3117300,,,,,,
append,1351,3092300,,,,,,
append,1352,3214200,,,,,,
append,1353,3285100,,,,,,
append,1354,3785599,,,,,,
append,1355,4016000,,,,,,
append,1356,3635300,,,,,,
append,1357,3481700,,,,,,
append,1358,3614100,,,,,,
append,1359,3629399,,,,,,
append,1360,3214200,,,,,,
append,1361,3181400,,,,,,
append,1362,3451100,,,,,,
append,1363,3752600,,,,,,
append,1364,3432499,,,,,,
append,1365,3472300,,,,,,
append,1366,3437900,,,,,,
append,1367,3609400,,,,,,
append,1368,3508500,,,,,,
append,1369,3440199,,,,,,
append,1370,3487600,,,,,,
append,1371,3620500,,,,,,
append,1372,3479600,,,,,,
append,1373,3410700,,,,,,
append,1374,3657599,,,,,,
append,1375,3553300,,,,,,
append,1376,3982700,,,,,,
append,1377,3736200,,,,,,
append,1378,3808899,,,,,,
append,1379,4090900,,,,,,
append,1380,4228400,,,,,,
append,1381,3682600,,,,,,
append,1382,3496000,,,,,,
append,1383,3361399,,,,,,
append,1384,3868200,,,,,,
append,1385,9209400,,,,,,
append,1386,4065099,,,,,,
append,1387,3630300,,,,,,
append,1388,3593200,,,,,,
append,1389,3685500,,,,,,
append,1390,3903299,,,,,,
append,1391,3720800,,,,,,
append,1392,4170600,,,,,,
append,1393,3578000,,,,,,
append,1394,3304200,,,,,,
append,1395,3347599,,,,,,
append,1396,3621000,,,,,,
append,1397,3299200,,,,,,
append,1398,3143200,,,,,,
append,1399,3039200,,,,,,
append,1400,3110899,,,,,,
append,1401,3059000,,,,,,
append,1402,3389500,,,,,,
append,1403,3187500,,,,,,
append,1404,3206200,,,,,,
append,1405,3656799,,,,,,
append,1406,3647700,,,,,,
append,1407,3630600,,,,,,
append,1408,3358100,,,,,,
append,1409,3399100,,,,,,
append,1410,4793299,,,,,,
append,1411,8822000,,,,,,
append,1412,3449700,,,,,,
append,1413,3267399,,,,,,
append,1414,3188000,,,,,,
append,1415,3408500,,,,,,
append,1416,3492100,,,,,,
append,1417,3355100,,,,,,
append,1418,3179700,,,,,,
append,1419,3119599,,,,,,
append,1420,3168400,,,,,,
append,1421,3349600,,,,,,
append,1422,3266800,,,,,,
append,1423,3352300,,,,,,
append,1424,3290699,,,,,,
append,1425,3634700,,,,,,
append,1426,3542500,,,,,,
append,1427,3712600,,,,,,
append,1428,4641499,,,,,,
append,1429,10056900,,,,,,
append,1430,3490300,,,,,,
append,1431,3274199,,,,,,
append,1432,3356600,,,,,,
append,1433,3650200,,,,,,
append,1434,3196800,,,,,,
append,1435,3538600,,,,,,
append,1436,3313800,,,,,,
append,1437,3800399,,,,,,
append,1438,3841100,,,,,,
append,1439,3298600,,,,,,
append,1440,3207100,,,,,,
append,1441,3363499,,,,,,
append,1442,4057100,,,,,,
append,1443,3599300,,,,,,
append,1444,3660200,,,,,,
append,1445,3257300,,,,,,
append,1446,3021599,,,,,,
append,1447,3206100,,,,,,
append,1448,3117000,,,,,,
append,1449,3432600,,,,,,
append,1450,3011400,,,,,,
append,1451,3024300,,,,,,
append,1452,3040099,,,,,,
append,1453,2811900,,,,,,
append,1454,3075200,,,,,,
append,1455,2903400,,,,,,
append,1456,3242600,,,,,,
append,1457,3569199,,,,,,
append,1458,3483700,,,,,,
append,1459,3500900,,,,,,
append,1460,3302500,,,,,,
append,1461,3217000,,,,,,
append,1462,3547999,,,,,,
append,1463,3395400,,,,,,
append,1464,3183500,,,,,,
append,1465,3157400,,,,,,
append,1466,3660100,,,,,,
append,1467,3467599,,,,,,
append,1468,3042900,,,,,,
append,1469,2990000,,,,,,
append,1470,3114700,,,,,,
append,1471,3218900,,,,,,
append,1472,3656700,,,,,,
append,1473,3362499,,,,,,
append,1474,3267100,,,,,,
append,1475,3157100,,,,,,
append,1476,3453700,,,,,,
append,1477,3325600,,,,,,
append,1478,2956299,,,,,,
append,1479,3193200,,,,,,
append,1480,3292600,,,,,,
append,1481,3232400,,,,,,
append,1482,3290600,,,,,,
append,1483,3571599,,,,,,
append,1484,3168500,,,,,,
append,1485,3206600,,,,,,
append,1486,3221200,,,,,,
append,1487,3576500,,,,,,
append,1488,3438299,,,,,,
append,1489,3449100,,,,,,
append,1490,3263100,,,,,,
append,1491,3388400,,,,,,
append,1492,3370700,,,,,,
append,1493,3141300,,,,,,
append,1494,2975999,,,,,,
append,1495,3486800,,,,,,
append,1496,3375400,,,,,,
append,1497,3341100,,,,,,
append,1498,3265300,,,,,,
append,1499,3191299,,,,,,
append,1500,2942000,,,,,,
append,1501,2870400,,,,,,
append,1502,3368300,,,,,,
append,1503,3131500,,,,,,
append,1504,3213399,,,,,,
append,1505,3266100,,,,,,
append,1506,3135000,,,,,,
append,1507,3331300,,,,,,
append,1508,3054700,,,,,,
append,1509,3577299,,,,,,
append,1510,3679800,,,,,,
append,1511,3391100,,,,,,
append,1512,3096800,,,,,,
append,1513,2984800,,,,,,
append,1514,3000200,,,,,,
append,1515,2863299,,,,,,
append,1516,2743700,,,,,,
append,1517,2906000,,,,,,
append,1518,2886600,,,,,,
append,1519,3008000,,,,,,
append,1520,3492600,,,,,,
append,1521,2963999,,,,,,
append,1522,3212300,,,,,,
append,1523,3599500,,,,,,
append,1524,3463000,,,,,,
append,1525,3884200,,,,,,
append,1526,3356999,,,,,,
append,1527,3134000,,,,,,
append,1528,3100500,,,,,,
append,1529,3301100,,,,,,
append,1530,3166100,,,,,,
append,1531,3006699,,,,,,
append,1532,3098200,,,,,,
append,1533,3053500,,,,,,
append,1534,3560400,,,,,,
append,1535,2947000,,,,,,
append,1536,3044099,,,,,,
append,1537,2778200,,,,,,
append,1538,2906400,,,,,,
append,1539,3155800,,,,,,
append,1540,3168500,,,,,,
append,1541,2891900,,,,,,
append,1542,2909499,,,,,,
append,1543,3210900,,,,,,
append,1544,3225700,,,,,,
append,1545,3228700,,,,,,
append,1546,3034700,,,,,,
append,1547,2997500,,,,,,
append,1548,2847099,,,,,,
append,1549,3069500,,,,,,
append,1550,3342000,,,,,,
append,1551,2968600,,,,,,
append,1552,3099400,,,,,,
append,1553,3009399,,,,,,
append,1554,3290800,,,,,,
append,1555,3435100,,,,,,
append,1556,3432300,,,,,,
append,1557,3055400,,,,,,
append,1558,3287800,,,,,,
append,1559,3110899,,,,,,
append,1560,3206600,,,,,,
append,1561,3103600,,,,,,
append,1562,3296000,,,,,,
append,1563,3139300,,,,,,
append,1564,3262599,,,,,,
append,1565,3263800,,,,,,
append,1566,3304500,,,,,,
append,1567,3001100,,,,,,
append,1568,3054100,,,,,,
append,1569,2942099,,,,,,
append,1570,3207800,,,,,,
append,1571,3147000,,,,,,
append,1572,3409400,,,,,,
append,1573,3409400,,,,,,
append,1574,3402700,,,,,,
append,1575,3482399,,,,,,
append,1576,3650000,,,,,,
append,1577,3498100,,,,,,
append,1578,4707100,,,,,,
append,1579,3948699,,,,,,
append,1580,3513400,,,,,,
append,1581,3361700,,,,,,
append,1582,3341900,,,,,,
append,1583,3126700,,,,,,
append,1584,3394899,,,,,,
append,1585,3561200,,,,,,
append,1586,3295900,,,,,,
append,1587,3044000,,,,,,
append,1588,3256300,,,,,,
append,1589,6619199,,,,,,
append,1590,3523300,,,,,,
append,1591,3714100,,,,,,
append,1592,4034200,,,,,,
append,1593,3602199,,,,,,
append,1594,3522900,,,,,,
append,1595,3670300,,,,,,
append,1596,3528600,,,,,,
append,1597,3239700,,,,,,
append,1598,3184199,,,,,,
append,1599,3350600,,,,,,
append,1600,3555200,,,,,,
append,1601,3301500,,,,,,
append,1602,3019500,,,,,,
append,1603,3101599,,,,,,
append,1604,3142500,,,,,,
append,1605,2945300,,,,,,
append,1606,3483800,,,,,,
append,1607,3285000,,,,,,
append,1608,3264300,,,,,,
append,1609,3101899,,,,,,
append,1610,3510300,,,,,,
append,1611,3536300,,,,,,
append,1612,3760700,,,,,,
append,1613,3709199,,,,,,
append,1614,4036900,,,,,,
append,1615,3410900,,,,,,
append,1616,3348400,,,,,,
append,1617,3286000,,,,,,
append,1618,2990599,,,,,,
append,1619,3511700,,,,,,
append,1620,3082900,,,,,,
append,1621,3424100,,,,,,
append,1622,3121300,,,,,,
append,1623,2932100,,,,,,
append,1624,3268599,,,,,,
append,1625,3539200,,,,,,
append,1626,3280000,,,,,,
append,1627,3291300,,,,,,
append,1628,3344200,,,,,,
append,1629,3499599,,,,,,
append,1630,3000300,,,,,,
append,1631,2955300,,,,,,
append,1632,3008100,,,,,,
append,1633,3126400,,,,,,
append,1634,3277499,,,,,,
append,1635,3188900,,,,,,
append,1636,3232300,,,,,,
append,1637,3348600,,,,,,
append,1638,2977300,,,,,,
append,1639,3348800,,,,,,
append,1640,3322499,,,,,,
append,1641,3661800,,,,,,
append,1642,3443500,,,,,,
append,1643,3013000,,,,,,
append,1644,3336500,,,,,,
append,1645,3100199,,,,,,
append,1646,3041300,,,,,,
append,1647,3014200,,,,,,
append,1648,2997500,,,,,,
append,1649,3154800,,,,,,
append,1650,3251299,,,,,,
append,1651,3027500,,,,,,
append,1652,2889000,,,,,,
append,1653,2807000,,,,,,
append,1654,3073700,,,,,,
append,1655,3151800,,,,,,
append,1656,3046099,,,,,,
append,1657,3113400,,,,,,
append,1658,3099100,,,,,,
append,1659,3242600,,,,,,
append,1660,3169400,,,,,,
append,1661,3371500,,,,,,
append,1662,3112399,,,,,,
append,1663,3085600,,,,,,
append,1664,3155900,,,,,,
append,1665,3436800,,,,,,
append,1666,3287400,,,,,,
append,1667,3149299,,,,,,
append,1668,3146000,,,,,,
append,1669,3339000,,,,,,
append,1670,3053400,,,,,,
append,1671,3126400,,,,,,
append,1672,3010499,,,,,,
append,1673,3055100,,,,,,
append,1674,3724400,,,,,,
append,1675,6127800,,,,,,
append,1676,7079299,,,,,,
append,1677,4799200,,,,,,
append,1678,3743000,,,,,,
append,1679,7949399,,,,,,
append,1680,3712200,,,,,,
append,1681,3720900,,,,,,
append,1682,3809000,,,,,,
append,1683,3944599,,,,,,
append,1684,5842500,,,,,,
append,1685,4283500,,,,,,
append,1686,3454700,,,,,,
append,1687,5171799,,,,,,
append,1688,4013200,,,,,,
append,1689,3876700,,,,,,
append,1690,3681800,,,,,,
append,1691,3655799,,,,,,
append,1692,3399200,,,,,,
append,1693,3114800,,,,,,
append,1694,3162600,,,,,,
append,1695,3118700,,,,,,
append,1696,3397700,,,,,,
append,1697,3304699,,,,,,
append,1698,3221000,,,,,,
append,1699,3693200,,,,,,
append,1700,3512000,,,,,,
append,1701,3881400,,,,,,
append,1702,3439399,,,,,,
append,1703,3116400,,,,,,
append,1704,3156300,,,,,,
append,1705,3283600,,,,,,
append,1706,3184800,,,,,,
append,1707,3030399,,,,,,
append,1708,3007900,,,,,,
append,1709,3013000,,,,,,
append,1710,3380600,,,,,,
append,1711,3093600,,,,,,
append,1712,3008799,,,,,,
append,1713,3059600,,,,,,
append,1714,2920400,,,,,,
append,1715,3178000,,,,,,
append,1716,3070900,,,,,,
append,1717,2854600,,,,,,
append,1718,2767599,,,,,,
append,1719,2701900,,,,,,
append,1720,2736100,,,,,,
append,1721,2804100,,,,,,
append,1722,2699600,,,,,,
append,1723,2694200,,,,,,
append,1724,2709599,,,,,,
append,1725,2680000,,,,,,
append,1726,2663800,,,,,,
append,1727,2865900,,,,,,
append,1728,2752400,,,,,,
append,1729,2917200,,,,,,
append,1730,2865600,,,,,,
append,1731,2856899,,,,,,
append,1732,2919200,,,,,,
append,1733,3240300,,,,,,
append,1734,3003500,,,,,,
append,1735,2907400,,,,,,
append,1736,2915799,,,,,,
append,1737,2865800,,,,,,
append,1738,3251000,,,,,,
append,1739,2992900,,,,,,
append,1740,2801600,,,,,,
append,1741,2855300,,,,,,
append,1742,2814399,,,,,,
append,1743,3093000,,,,,,
append,1744,3370900,,,,,,
append,1745,3014000,,,,,,
append,1746,3051800,,,,,,
append,1747,2874200,,,,,,
append,1748,3101499,,,,,,
append,1749,3314600,,,,,,
append,1750,3102100,,,,,,
append,1751,2948500,,,,,,
append,1752,2900600,,,,,,
append,1753,2991199,,,,,,
append,1754,3045200,,,,,,
append,1755,3276700,,,,,,
append,1756,3022300,,,,,,
append,1757,3100600,,,,,,
append,1758,3003200,,,,,,
append,1759,3442999,,,,,,
append,1760,3569400,,,,,,
append,1761,3133700,,,,,,
append,1762,2979700,,,,,,
append,1763,2991200,,,,,,
append,1764,3492499,,,,,,
append,1765,3440000,,,,,,
append,1766,3221300,,,,,,
append,1767,3163100,,,,,,
append,1768,3339200,,,,,,
append,1769,3328499,,,,,,
append,1770,3290900,,,,,,
append,1771,3223300,,,,,,
append,1772,3626000,,,,,,
append,1773,3594500,,,,,,
append,1774,3084700,,,,,,
append,1775,2986999,,,,,,
append,1776,2947900,,,,,,
append,1777,2837500,,,,,,
append,1778,3017500,,,,,,
append,1779,2835200,,,,,,
append,1780,2800299,,,,,,
append,1781,2882400,,,,,,
append,1782,2795300,,,,,,
append,1783,2839300,,,,,,
append,1784,3081200,,,,,,
append,1785,2920000,,,,,,
append,1786,2897999,,,,,,
append,1787,3177100,,,,,,
append,1788,2857000,,,,,,
append,1789,3122500,,,,,,
append,1790,2934800,,,,,,
append,1791,2828000,,,,,,
append,1792,2843299,,,,,,
append,1793,2944800,,,,,,
append,1794,3167600,,,,,,
append,1795,2983800,,,,,,
append,1796,2894400,,,,,,
append,1797,2999800,,,,,,
append,1798,2886299,,,,,,
append,1799,3101300,,,,,,
append,1800,3044500,,,,,,
append,1801,2978800,,,,,,
append,1802,2892200,,,,,,
append,1803,2881600,,,,,,
append,1804,2937999,,,,,,
append,1805,3053100,,,,,,
append,1806,3198800,,,,,,
append,1807,2830900,,,,,,
append,1808,2776700,,,,,,
append,1809,2846600,,,,,,
append,1810,2954799,,,,,,
append,1811,2757400,,,,,,
append,1812,2790600,,,,,,
append,1813,2755300,,,,,,
append,1814,2748000,,,,,,
append,1815,2903000,,,,,,
append,1816,3069399,,,,,,
append,1817,2843200,,,,,,
append,1818,2780400,,,,,,
append,1819,2864900,,,,,,
append,1820,2871000,,,,,,
append,1821,3093200,,,,,,
append,1822,2874999,,,,,,
append,1823,2821200,,,,,,
append,1824,2787400,,,,,,
append,1825,2760600,,,,,,
append,1826,2764200,,,,,,
append,1827,3197999,,,,,,
append,1828,2785100,,,,,,
append,1829,2783100,,,,,,
append,1830,2784800,,,,,,
append,1831,2980600,,,,,,
append,1832,3567900,,,,,,
append,1833,3183299,,,,,,
append,1834,2723900,,,,,,
append,1835,2620100,,,,,,
append,1836,2706600,,,,,,
append,1837,2768400,,,,,,
append,1838,2824300,,,,,,
append,1839,2739999,,,,,,
append,1840,2746800,,,,,,
append,1841,2684900,,,,,,
append,1842,2677600,,,,,,
append,1843,2765800,,,,,,
append,1844,3049500,,,,,,
append,1845,2833500,,,,,,
append,1846,2954099,,,,,,
append,1847,3037400,,,,,,
append,1848,2777500,,,,,,
append,1849,3140500,,,,,,
append,1850,3015500,,,,,,
append,1851,2956799,,,,,,
append,1852,3107800,,,,,,
append,1853,2670900,,,,,,
append,1854,2817400,,,,,,
append,1855,2843900,,,,,,
append,1856,2911100,,,,,,
append,1857,2764199,,,,,,
append,1858,2729500,,,,,,
append,1859,2774300,,,,,,
append,1860,3048200,,,,,,
append,1861,2811400,,,,,,
append,1862,2921400,,,,,,
append,1863,2807599,,,,,,
append,1864,2832800,,,,,,
append,1865,2840600,,,,,,
append,1866,3626500,,,,,,
append,1867,3397200,,,,,,
append,1868,3005600,,,,,,
append,1869,2891099,,,,,,
append,1870,2903400,,,,,,
append,1871,3522600,,,,,,
append,1872,3405300,,,,,,
append,1873,3145600,,,,,,
append,1874,3085799,,,,,,
append,1875,2981700,,,,,,
append,1876,2902100,,,,,,
append,1877,2812500,,,,,,
append,1878,2912400,,,,,,
append,1879,2803500,,,,,,
append,1880,2761799,,,,,,
append,1881,2953700,,,,,,
append,1882,3041600,,,,,,
append,1883,2767500,,,,,,
append,1884,3074600,,,,,,
append,1885,2739500,,,,,,
append,1886,2866399,,,,,,
append,1887,3017600,,,,,,
append,1888,2753400,,,,,,
append,1889,2707900,,,,,,
append,1890,2809100,,,,,,
append,1891,2746300,,,,,,
append,1892,3010099,,,,,,
append,1893,3151600,,,,,,
append,1894,2986600,,,,,,
append,1895,3073900,,,,,,
append,1896,2772200,,,,,,
append,1897,2957000,,,,,,
append,1898,3023399,,,,,,
append,1899,2752300,,,,,,
append,1900,2599000,,,,,,
append,1901,2654500,,,,,,
append,1902,2615900,,,,,,
append,1903,2824400,,,,,,
append,1904,2924799,,,,,,
append,1905,2807900,,,,,,
append,1906,2878000,,,,,,
append,1907,2746200,,,,,,
append,1908,2763600,,,,,,
append,1909,2957600,,,,,,
append,1910,3035999,,,,,,
append,1911,2831500,,,,,,
append,1912,2728300,,,,,,
append,1913,2905600,,,,,,
append,1914,3202600,,,,,,
append,1915,3014400,,,,,,
append,1916,2816499,,,,,,
append,1917,2622100,,,,,,
append,1918,2594800,,,,,,
append,1919,2793600,,,,,,
append,1920,3207200,,,,,,
append,1921,3068300,,,,,,
append,1922,2888899,,,,,,
append,1923,2932800,,,,,,
append,1924,2846400,,,,,,
append,1925,3070100,,,,,,
append,1926,3583500,,,,,,
append,1927,2830200,,,,,,
append,1928,2694399,,,,,,
append,1929,2646700,,,,,,
append,1930,2962900,,,,,,
append,1931,2881700,,,,,,
append,1932,2698800,,,,,,
append,1933,2697800,,,,,,
append,1934,2623299,,,,,,
append,1935,2727900,,,,,,
append,1936,2669100,,,,,,
append,1937,2608500,,,,,,
append,1938,2773100,,,,,,
append,1939,2716300,,,,,,
append,1940,2675699,,,,,,
append,1941,2627700,,,,,,
append,1942,2921800,,,,,,
append,1943,2886000,,,,,,
append,1944,2594000,,,,,,
append,1945,3040000,,,,,,
append,1946,2803499,,,,,,
append,1947,2822000,,,,,,
append,1948,2874000,,,,,,
append,1949,2829300,,,,,,
append,1950,2766200,,,,,,
append,1951,2900800,,,,,,
append,1952,2908299,,,,,,
append,1953,3589900,,,,,,
append,1954,4150000,,,,,,
append,1955,3215300,,,,,,
append,1956,3171800,,,,,,
append,1957,3023499,,,,,,
append,1958,3225800,,,,,,
append,1959,3046600,,,,,,
append,1960,3331800,,,,,,
append,1961,2769100,,,,,,
append,1962,2768600,,,,,,
append,1963,3072699,,,,,,
append,1964,3284400,,,,,,
append,1965,3107800,,,,,,
append,1966,2877100,,,,,,
append,1967,2853500,,,,,,
append,1968,2889000,,,,,,
append,1969,3347499,,,,,,
append,1970,2886600,,,,,,
append,1971,2739500,,,,,,
append,1972,2697800,,,,,,
append,1973,2720500,,,,,,
append,1974,3191400,,,,,,
append,1975,3213199,,,,,,
append,1976,3176700,,,,,,
append,1977,3708500,,,,,,
append,1978,3332900,,,,,,
append,1979,3219000,,,,,,
append,1980,3134799,,,,,,
append,1981,2992100,,,,,,
append,1982,2919700,,,,,,
append,1983,3089100,,,,,,
append,1984,3492300,,,,,,
append,1985,3443399,,,,,,
append,1986,3058100,,,,,,
append,1987,2973700,,,,,,
append,1988,2944700,,,,,,
append,1989,3101600,,,,,,
append,1990,3001200,,,,,,
append,1991,3340399,,,,,,
append,1992,3292100,,,,,,
append,1993,3581200,,,,,,
append,1994,3170600,,,,,,
append,1995,2869300,,,,,,
append,1996,2820699,,,,,,
append,1997,2967200,,,,,,
append,1998,2963600,,,,,,
append,1999,2901200,,,,,,
append,2000,2820100,,,,,,
ingest,,6200003608,2000,28,296000,2400,,
