phase,event_index,elapsed_ns,events,full_rejections,file_bytes,peak_rss_kib,alloc_calls,alloc_requested_bytes
append,1,3328300,,,,,,
append,2,3024900,,,,,,
append,3,3554100,,,,,,
append,4,3057200,,,,,,
append,5,3072600,,,,,,
append,6,2946700,,,,,,
append,7,3535800,,,,,,
append,8,3560100,,,,,,
append,9,3509600,,,,,,
append,10,3332100,,,,,,
append,11,3138400,,,,,,
append,12,3328800,,,,,,
append,13,2866900,,,,,,
append,14,2977399,,,,,,
append,15,3332400,,,,,,
append,16,3891500,,,,,,
append,17,3488000,,,,,,
append,18,3163700,,,,,,
append,19,3094300,,,,,,
append,20,3050300,,,,,,
append,21,3194300,,,,,,
append,22,2944800,,,,,,
append,23,3038100,,,,,,
append,24,3053900,,,,,,
append,25,3246500,,,,,,
append,26,3442300,,,,,,
append,27,3382500,,,,,,
append,28,3593400,,,,,,
append,29,3414199,,,,,,
append,30,3091300,,,,,,
append,31,4273700,,,,,,
append,32,3168100,,,,,,
append,33,2937100,,,,,,
append,34,3019600,,,,,,
append,35,2986300,,,,,,
append,36,3339700,,,,,,
append,37,3012800,,,,,,
append,38,3019500,,,,,,
append,39,3362500,,,,,,
append,40,3027000,,,,,,
append,41,3117200,,,,,,
append,42,3083000,,,,,,
append,43,3270500,,,,,,
append,44,3060699,,,,,,
append,45,3529200,,,,,,
append,46,3370800,,,,,,
append,47,3588500,,,,,,
append,48,3717000,,,,,,
append,49,3501700,,,,,,
append,50,3868600,,,,,,
append,51,3531900,,,,,,
append,52,3136000,,,,,,
append,53,3144600,,,,,,
append,54,3158100,,,,,,
append,55,3750800,,,,,,
append,56,3161800,,,,,,
append,57,2651400,,,,,,
append,58,2769500,,,,,,
append,59,2783199,,,,,,
append,60,3061000,,,,,,
append,61,3174200,,,,,,
append,62,2881600,,,,,,
append,63,2821300,,,,,,
append,64,2787300,,,,,,
append,65,2900000,,,,,,
append,66,2877900,,,,,,
append,67,2692100,,,,,,
append,68,2612000,,,,,,
append,69,2639700,,,,,,
append,70,2697400,,,,,,
append,71,3084000,,,,,,
append,72,2824300,,,,,,
append,73,2991300,,,,,,
append,74,2741500,,,,,,
append,75,2742400,,,,,,
append,76,2847599,,,,,,
append,77,3086000,,,,,,
append,78,2897800,,,,,,
append,79,2743300,,,,,,
append,80,2724900,,,,,,
append,81,2732700,,,,,,
append,82,2734400,,,,,,
append,83,3027100,,,,,,
append,84,3187200,,,,,,
append,85,3248000,,,,,,
append,86,3260900,,,,,,
append,87,2993900,,,,,,
append,88,2967900,,,,,,
append,89,2959000,,,,,,
append,90,2822500,,,,,,
append,91,2960400,,,,,,
append,92,2850499,,,,,,
append,93,3429900,,,,,,
append,94,3274700,,,,,,
append,95,2971700,,,,,,
append,96,2832600,,,,,,
append,97,2705800,,,,,,
append,98,2931900,,,,,,
append,99,2834400,,,,,,
append,100,2962900,,,,,,
append,101,2748500,,,,,,
append,102,3058300,,,,,,
append,103,2971700,,,,,,
append,104,2919500,,,,,,
append,105,3048100,,,,,,
append,106,3405000,,,,,,
append,107,2910800,,,,,,
append,108,3027099,,,,,,
append,109,2876100,,,,,,
append,110,2992500,,,,,,
append,111,3324900,,,,,,
append,112,3655700,,,,,,
append,113,3710100,,,,,,
append,114,3824600,,,,,,
append,115,3532500,,,,,,
append,116,3595000,,,,,,
append,117,3144900,,,,,,
append,118,3352500,,,,,,
append,119,3064100,,,,,,
append,120,3050000,,,,,,
append,121,2922100,,,,,,
append,122,3023600,,,,,,
append,123,3299899,,,,,,
append,124,3018900,,,,,,
append,125,2970500,,,,,,
append,126,3106600,,,,,,
append,127,2977000,,,,,,
append,128,3258700,,,,,,
append,129,3195400,,,,,,
append,130,3386600,,,,,,
append,131,3145900,,,,,,
append,132,2899800,,,,,,
append,133,3352700,,,,,,
append,134,3118300,,,,,,
append,135,3125300,,,,,,
append,136,3111300,,,,,,
append,137,3512800,,,,,,
append,138,3195999,,,,,,
append,139,3398700,,,,,,
append,140,2961400,,,,,,
append,141,3189700,,,,,,
append,142,3408800,,,,,,
append,143,3483500,,,,,,
append,144,3317200,,,,,,
append,145,3383900,,,,,,
append,146,3720100,,,,,,
append,147,3467000,,,,,,
append,148,3714800,,,,,,
append,149,3585400,,,,,,
append,150,3633600,,,,,,
append,151,3453400,,,,,,
append,152,3370099,,,,,,
append,153,12912900,,,,,,
append,154,4355600,,,,,,
append,155,3877600,,,,,,
append,156,4098700,,,,,,
append,157,4258700,,,,,,
append,158,4369100,,,,,,
append,159,3660600,,,,,,
append,160,3514800,,,,,,
append,161,3440300,,,,,,
append,162,3660899,,,,,,
append,163,3411200,,,,,,
append,164,3562300,,,,,,
append,165,3279600,,,,,,
append,166,3164900,,,,,,
append,167,3898000,,,,,,
append,168,3743700,,,,,,
append,169,3565900,,,,,,
append,170,3186700,,,,,,
append,171,4927700,,,,,,
append,172,3937700,,,,,,
append,173,3269700,,,,,,
append,174,3561400,,,,,,
append,175,3281300,,,,,,
append,176,3235499,,,,,,
append,177,3461500,,,,,,
append,178,3122500,,,,,,
append,179,2971600,,,,,,
append,180,3185500,,,,,,
append,181,3268600,,,,,,
append,182,3066300,,,,,,
append,183,2993600,,,,,,
append,184,3041600,,,,,,
append,185,3310700,,,,,,
append,186,3310500,,,,,,
append,187,3051200,,,,,,
append,188,3268200,,,,,,
append,189,3507600,,,,,,
append,190,4016000,,,,,,
append,191,3103599,,,,,,
append,192,2975900,,,,,,
append,193,3400700,,,,,,
append,194,2987000,,,,,,
append,195,2942500,,,,,,
append,196,2865000,,,,,,
append,197,3023300,,,,,,
append,198,2924000,,,,,,
append,199,2793500,,,,,,
append,200,3268900,,,,,,
append,201,3515600,,,,,,
append,202,3645100,,,,,,
append,203,2996300,,,,,,
append,204,3175000,,,,,,
append,205,3516000,,,,,,
append,206,3302399,,,,,,
append,207,3172200,,,,,,
append,208,3209200,,,,,,
append,209,3057400,,,,,,
append,210,3484500,,,,,,
append,211,3539700,,,,,,
append,212,3434200,,,,,,
append,213,3377500,,,,,,
append,214,3667400,,,,,,
append,215,4350300,,,,,,
append,216,4168300,,,,,,
append,217,3229000,,,,,,
append,218,3036300,,,,,,
append,219,3926900,,,,,,
append,220,3449699,,,,,,
append,221,3240000,,,,,,
append,222,3501500,,,,,,
append,223,3756300,,,,,,
append,224,3747400,,,,,,
append,225,3257800,,,,,,
append,226,3161600,,,,,,
append,227,2985700,,,,,,
append,228,3052100,,,,,,
append,229,2849700,,,,,,
append,230,2882200,,,,,,
append,231,2866800,,,,,,
append,232,3539000,,,,,,
append,233,2973400,,,,,,
append,234,2844000,,,,,,
append,235,2750499,,,,,,
append,236,2797000,,,,,,
append,237,2945500,,,,,,
append,238,3041700,,,,,,
append,239,3051600,,,,,,
append,240,3036500,,,,,,
append,241,2981000,,,,,,
append,242,2901000,,,,,,
append,243,3074900,,,,,,
append,244,3813500,,,,,,
append,245,3129700,,,,,,
append,246,3233700,,,,,,
append,247,2930600,,,,,,
append,248,2882700,,,,,,
append,249,3402400,,,,,,
append,250,3243299,,,,,,
append,251,2646600,,,,,,
append,252,2615100,,,,,,
append,253,2816900,,,,,,
append,254,3348700,,,,,,
append,255,3209300,,,,,,
append,256,4257700,,,,,,
append,257,3344400,,,,,,
append,258,3027600,,,,,,
append,259,3237300,,,,,,
append,260,3090200,,,,,,
append,261,3115400,,,,,,
append,262,3055400,,,,,,
append,263,2977300,,,,,,
append,264,3452900,,,,,,
append,265,3205200,,,,,,
append,266,2885099,,,,,,
append,267,2737900,,,,,,
append,268,2783200,,,,,,
append,269,3337700,,,,,,
append,270,3359200,,,,,,
append,271,3085400,,,,,,
append,272,2897100,,,,,,
append,273,3115000,,,,,,
append,274,3098300,,,,,,
append,275,2923900,,,,,,
append,276,2878000,,,,,,
append,277,2981700,,,,,,
append,278,3165500,,,,,,
append,279,2872800,,,,,,
append,280,3200100,,,,,,
append,281,2995100,,,,,,
append,282,3159299,,,,,,
append,283,3275600,,,,,,
append,284,2951800,,,,,,
append,285,3845500,,,,,,
append,286,3046100,,,,,,
append,287,3130300,,,,,,
append,288,2970300,,,,,,
append,289,2857200,,,,,,
append,290,3102000,,,,,,
append,291,3211500,,,,,,
append,292,2923300,,,,,,
append,293,2950300,,,,,,
append,294,3046800,,,,,,
append,295,3483900,,,,,,
append,296,3379400,,,,,,
append,297,3221499,,,,,,
append,298,3089400,,,,,,
append,299,3126200,,,,,,
append,300,3157800,,,,,,
append,301,3315500,,,,,,
append,302,3002500,,,,,,
append,303,2879200,,,,,,
append,304,2873600,,,,,,
append,305,3267600,,,,,,
append,306,3153300,,,,,,
append,307,2885900,,,,,,
append,308,2806100,,,,,,
append,309,2797400,,,,,,
append,310,2844100,,,,,,
append,311,2707100,,,,,,
append,312,2653800,,,,,,
append,313,2691699,,,,,,
append,314,2674100,,,,,,
append,315,2653900,,,,,,
append,316,2914800,,,,,,
append,317,2941200,,,,,,
append,318,2738000,,,,,,
append,319,2806300,,,,,,
append,320,2675500,,,,,,
append,321,2690400,,,,,,
append,322,2804000,,,,,,
append,323,2745100,,,,,,
append,324,2804400,,,,,,
append,325,2782800,,,,,,
append,326,2694900,,,,,,
append,327,2848200,,,,,,
append,328,3254500,,,,,,
append,329,3325100,,,,,,
append,330,3272999,,,,,,
append,331,3074900,,,,,,
append,332,3290400,,,,,,
append,333,3376300,,,,,,
append,334,3021800,,,,,,
append,335,2940500,,,,,,
append,336,2805900,,,,,,
append,337,2896600,,,,,,
append,338,2955900,,,,,,
append,339,2829200,,,,,,
append,340,2772900,,,,,,
append,341,2813400,,,,,,
append,342,2737600,,,,,,
append,343,2698000,,,,,,
append,344,2832700,,,,,,
append,345,2820800,,,,,,
append,346,3180600,,,,,,
append,347,2912899,,,,,,
append,348,2902500,,,,,,
append,349,3119500,,,,,,
append,350,2784600,,,,,,
append,351,2771200,,,,,,
append,352,3120500,,,,,,
append,353,3152400,,,,,,
append,354,3265000,,,,,,
append,355,3160800,,,,,,
append,356,2864500,,,,,,
append,357,2778600,,,,,,
append,358,2806100,,,,,,
append,359,3453700,,,,,,
append,360,3481400,,,,,,
append,361,3315700,,,,,,
append,362,4181599,,,,,,
append,363,3770700,,,,,,
append,364,3834800,,,,,,
append,365,3450800,,,,,,
append,366,3672900,,,,,,
append,367,3779700,,,,,,
append,368,3833100,,,,,,
append,369,3280300,,,,,,
append,370,3434600,,,,,,
append,371,3253700,,,,,,
append,372,3593400,,,,,,
append,373,3753500,,,,,,
append,374,3559700,,,,,,
append,375,3974099,,,,,,
append,376,3494300,,,,,,
append,377,3428300,,,,,,
append,378,3211000,,,,,,
append,379,3266400,,,,,,
append,380,3594900,,,,,,
append,381,3461700,,,,,,
append,382,3718800,,,,,,
append,383,3657600,,,,,,
append,384,3649100,,,,,,
append,385,3521600,,,,,,
append,386,3314600,,,,,,
append,387,3445500,,,,,,
append,388,3553300,,,,,,
append,389,3393799,,,,,,
append,390,3468600,,,,,,
append,391,3465200,,,,,,
append,392,3508900,,,,,,
append,393,3693300,,,,,,
append,394,3923300,,,,,,
append,395,3338800,,,,,,
append,396,3266300,,,,,,
append,397,3178100,,,,,,
append,398,3301500,,,,,,
append,399,3682000,,,,,,
append,400,3808300,,,,,,
append,401,3496400,,,,,,
append,402,3329900,,,,,,
append,403,3504999,,,,,,
append,404,4247900,,,,,,
append,405,3233100,,,,,,
append,406,3469200,,,,,,
append,407,3657700,,,,,,
append,408,3564200,,,,,,
append,409,3720900,,,,,,
append,410,3239000,,,,,,
append,411,3194700,,,,,,
append,412,3354700,,,,,,
append,413,3296600,,,,,,
append,414,3371600,,,,,,
append,415,3414900,,,,,,
append,416,3661200,,,,,,
append,417,3862099,,,,,,
append,418,4112700,,,,,,
append,419,3386400,,,,,,
append,420,3498100,,,,,,
append,421,3589300,,,,,,
append,422,3380400,,,,,,
append,423,3220600,,,,,,
append,424,3563600,,,,,,
append,425,3489100,,,,,,
append,426,3355400,,,,,,
append,427,3500000,,,,,,
append,428,3625600,,,,,,
append,429,3852700,,,,,,
append,430,3642999,,,,,,
append,431,3509800,,,,,,
append,432,3332700,,,,,,
append,433,4498600,,,,,,
append,434,3460700,,,,,,
append,435,3729400,,,,,,
append,436,3361000,,,,,,
append,437,4072900,,,,,,
append,438,3455900,,,,,,
append,439,3755600,,,,,,
append,440,3475300,,,,,,
append,441,3700400,,,,,,
append,442,3521000,,,,,,
append,443,4366399,,,,,,
append,444,3561900,,,,,,
append,445,3476800,,,,,,
append,446,3339100,,,,,,
append,447,3714700,,,,,,
append,448,3500200,,,,,,
append,449,3534100,,,,,,
append,450,3667400,,,,,,
append,451,3770600,,,,,,
append,452,3915500,,,,,,
append,453,3537600,,,,,,
append,454,3434000,,,,,,
append,455,3395000,,,,,,
append,456,3853800,,,,,,
append,457,3837799,,,,,,
append,458,3595000,,,,,,
append,459,3462300,,,,,,
append,460,5172600,,,,,,
append,461,3547100,,,,,,
append,462,3388500,,,,,,
append,463,3461000,,,,,,
append,464,3437600,,,,,,
append,465,3350200,,,,,,
append,466,3598200,,,,,,
append,467,3556800,,,,,,
append,468,3386900,,,,,,
append,469,3833900,,,,,,
append,470,3381699,,,,,,
append,471,3302400,,,,,,
append,472,3103200,,,,,,
append,473,3670400,,,,,,
append,474,3705000,,,,,,
append,475,3552500,,,,,,
append,476,3925100,,,,,,
append,477,3798200,,,,,,
append,478,5047600,,,,,,
append,479,4107200,,,,,,
append,480,3751400,,,,,,
append,481,3860300,,,,,,
append,482,3869600,,,,,,
append,483,3754399,,,,,,
append,484,3487400,,,,,,
append,485,3472700,,,,,,
append,486,3903100,,,,,,
append,487,3414300,,,,,,
append,488,3533100,,,,,,
append,489,3490900,,,,,,
append,490,3459300,,,,,,
append,491,3453700,,,,,,
append,492,3277400,,,,,,
append,493,3341400,,,,,,
append,494,3591200,,,,,,
append,495,3472200,,,,,,
append,496,3397000,,,,,,
append,497,3658199,,,,,,
append,498,3402400,,,,,,
append,499,3546100,,,,,,
append,500,3345500,,,,,,
append,501,3476100,,,,,,
append,502,3968600,,,,,,
append,503,3958900,,,,,,
append,504,3803400,,,,,,
append,505,3724800,,,,,,
append,506,3278400,,,,,,
append,507,3460900,,,,,,
append,508,3409200,,,,,,
append,509,3622100,,,,,,
append,510,3430699,,,,,,
append,511,3651600,,,,,,
append,512,3543700,,,,,,
append,513,3526900,,,,,,
append,514,3415500,,,,,,
append,515,3415100,,,,,,
append,516,3265100,,,,,,
append,517,3704300,,,,,,
append,518,4680900,,,,,,
append,519,3889200,,,,,,
append,520,4251700,,,,,,
append,521,4283100,,,,,,
append,522,3964200,,,,,,
append,523,4229799,,,,,,
append,524,3444700,,,,,,
append,525,3802500,,,,,,
append,526,3832500,,,,,,
append,527,3629200,,,,,,
append,528,3846600,,,,,,
append,529,3768900,,,,,,
append,530,3359100,,,,,,
append,531,3791500,,,,,,
append,532,3526900,,,,,,
append,533,3779900,,,,,,
append,534,4007300,,,,,,
append,535,4153599,,,,,,
append,536,4727600,,,,,,
append,537,3653100,,,,,,
append,538,3824800,,,,,,
append,539,4403100,,,,,,
append,540,3846900,,,,,,
append,541,3645900,,,,,,
append,542,3892900,,,,,,
append,543,3566200,,,,,,
append,544,3522300,,,,,,
append,545,3660900,,,,,,
append,546,3616100,,,,,,
append,547,4032700,,,,,,
append,548,3543899,,,,,,
append,549,4029600,,,,,,
append,550,3725600,,,,,,
append,551,3536200,,,,,,
append,552,3556200,,,,,,
append,553,3448500,,,,,,
append,554,8691800,,,,,,
append,555,3562700,,,,,,
append,556,3824300,,,,,,
append,557,3824300,,,,,,
append,558,3713100,,,,,,
append,559,3997300,,,,,,
append,560,5791599,,,,,,
append,561,3683100,,,,,,
append,562,3525400,,,,,,
append,563,3658700,,,,,,
append,564,3484000,,,,,,
append,565,3839400,,,,,,
append,566,3564000,,,,,,
append,567,3763100,,,,,,
append,568,3506000,,,,,,
append,569,3656400,,,,,,
append,570,3521000,,,,,,
append,571,3434800,,,,,,
append,572,3412400,,,,,,
append,573,3480699,,,,,,
append,574,3561700,,,,,,
append,575,3732200,,,,,,
append,576,3424100,,,,,,
append,577,3727700,,,,,,
append,578,3691600,,,,,,
append,579,4899400,,,,,,
append,580,3225200,,,,,,
append,581,3119300,,,,,,
append,582,3596100,,,,,,
append,583,3617000,,,,,,
append,584,3801000,,,,,,
append,585,3299400,,,,,,
append,586,3362599,,,,,,
append,587,3406200,,,,,,
append,588,3503200,,,,,,
append,589,3458900,,,,,,
append,590,3528300,,,,,,
append,591,3672500,,,,,,
append,592,3673300,,,,,,
append,593,3777100,,,,,,
append,594,4003600,,,,,,
append,595,3409300,,,,,,
append,596,3514900,,,,,,
append,597,3873800,,,,,,
append,598,3506700,,,,,,
append,599,3357899,,,,,,
append,600,3769900,,,,,,
append,601,3368400,,,,,,
append,602,3783000,,,,,,
append,603,3540500,,,,,,
append,604,3574300,,,,,,
append,605,3479300,,,,,,
append,606,3367100,,,,,,
append,607,3367100,,,,,,
append,608,3681700,,,,,,
append,609,3703400,,,,,,
append,610,3646300,,,,,,
append,611,3458000,,,,,,
append,612,3467100,,,,,,
append,613,3715399,,,,,,
append,614,4460900,,,,,,
append,615,3929300,,,,,,
append,616,3349800,,,,,,
append,617,3392100,,,,,,
append,618,3497900,,,,,,
append,619,3333600,,,,,,
append,620,3660900,,,,,,
append,621,3773900,,,,,,
append,622,3679400,,,,,,
append,623,3567500,,,,,,
append,624,3463200,,,,,,
append,625,3589000,,,,,,
append,626,3533499,,,,,,
append,627,4308700,,,,,,
append,628,3732000,,,,,,
append,629,3469200,,,,,,
append,630,3451000,,,,,,
append,631,3634900,,,,,,
append,632,3571600,,,,,,
append,633,3561800,,,,,,
append,634,3515900,,,,,,
append,635,3535900,,,,,,
append,636,3795200,,,,,,
append,637,3937700,,,,,,
append,638,3954100,,,,,,
append,639,3459099,,,,,,
append,640,3561100,,,,,,
append,641,3572500,,,,,,
append,642,3613100,,,,,,
append,643,3707500,,,,,,
append,644,3534100,,,,,,
append,645,3808700,,,,,,
append,646,3697900,,,,,,
append,647,3659000,,,,,,
append,648,3723900,,,,,,
append,649,3531900,,,,,,
append,650,3410600,,,,,,
append,651,3815200,,,,,,
append,652,4127399,,,,,,
append,653,3742700,,,,,,
append,654,3546300,,,,,,
append,655,3576800,,,,,,
append,656,4208700,,,,,,
append,657,3615400,,,,,,
append,658,3548300,,,,,,
append,659,3370000,,,,,,
append,660,3674300,,,,,,
append,661,3840400,,,,,,
append,662,3848300,,,,,,
append,663,3241100,,,,,,
append,664,3391100,,,,,,
append,665,3608800,,,,,,
append,666,3600599,,,,,,
append,667,3694000,,,,,,
append,668,3378300,,,,,,
append,669,3841000,,,,,,
append,670,3934100,,,,,,
append,671,3919500,,,,,,
append,672,3843100,,,,,,
append,673,3666500,,,,,,
append,674,3801400,,,,,,
append,675,3414400,,,,,,
append,676,3636700,,,,,,
append,677,3249000,,,,,,
append,678,3998700,,,,,,
append,679,3641899,,,,,,
append,680,3566500,,,,,,
append,681,3541700,,,,,,
append,682,3523900,,,,,,
append,683,3474800,,,,,,
append,684,3621000,,,,,,
append,685,3407900,,,,,,
append,686,3593800,,,,,,
append,687,3865500,,,,,,
append,688,3779300,,,,,,
append,689,3434300,,,,,,
append,690,3389700,,,,,,
append,691,3796500,,,,,,
append,692,3629099,,,,,,
append,693,3767600,,,,,,
append,694,3532900,,,,,,
append,695,3462000,,,,,,
append,696,3827800,,,,,,
append,697,3861200,,,,,,
append,698,3414500,,,,,,
append,699,3404800,,,,,,
append,700,3614000,,,,,,
append,701,3397900,,,,,,
append,702,3754700,,,,,,
append,703,3420300,,,,,,
append,704,3302400,,,,,,
append,705,3630500,,,,,,
append,706,3388899,,,,,,
append,707,3420600,,,,,,
append,708,3439400,,,,,,
append,709,3606500,,,,,,
append,710,3488100,,,,,,
append,711,3744700,,,,,,
append,712,3559100,,,,,,
append,713,4320300,,,,,,
append,714,4140300,,,,,,
append,715,3446600,,,,,,
append,716,3559700,,,,,,
append,717,3295200,,,,,,
append,718,3456900,,,,,,
append,719,3920199,,,,,,
append,720,3731600,,,,,,
append,721,4047600,,,,,,
append,722,3399400,,,,,,
append,723,3562200,,,,,,
append,724,3849800,,,,,,
append,725,3563500,,,,,,
append,726,3645500,,,,,,
append,727,3492100,,,,,,
append,728,3454100,,,,,,
append,729,3955100,,,,,,
append,730,4030900,,,,,,
append,731,3478400,,,,,,
append,732,3503999,,,,,,
append,733,3927600,,,,,,
append,734,3742500,,,,,,
append,735,3866300,,,,,,
append,736,3393600,,,,,,
append,737,3716600,,,,,,
append,738,3840100,,,,,,
append,739,3868100,,,,,,
append,740,3785500,,,,,,
append,741,3883200,,,,,,
append,742,4241300,,,,,,
append,743,4004800,,,,,,
append,744,3483200,,,,,,
append,745,3515999,,,,,,
append,746,3405800,,,,,,
append,747,3493100,,,,,,
append,748,3743500,,,,,,
append,749,3527900,,,,,,
append,750,3320900,,,,,,
append,751,3472100,,,,,,
append,752,4106200,,,,,,
append,753,3500800,,,,,,
append,754,3472500,,,,,,
append,755,3387000,,,,,,
append,756,3450700,,,,,,
append,757,3542100,,,,,,
append,758,3388800,,,,,,
append,759,3849999,,,,,,
append,760,3560400,,,,,,
append,761,3552400,,,,,,
append,762,3488900,,,,,,
append,763,3807700,,,,,,
append,764,3458300,,,,,,
append,765,3659000,,,,,,
append,766,3610200,,,,,,
append,767,3926100,,,,,,
append,768,3323500,,,,,,
append,769,3834800,,,,,,
append,770,3921000,,,,,,
append,771,4055900,,,,,,
append,772,3577799,,,,,,
append,773,3519700,,,,,,
append,774,4173500,,,,,,
append,775,3791600,,,,,,
append,776,3653100,,,,,,
append,777,3673400,,,,,,
append,778,3785400,,,,,,
append,779,3608700,,,,,,
append,780,3334100,,,,,,
append,781,3420300,,,,,,
append,782,3931700,,,,,,
append,783,3759100,,,,,,
append,784,3256200,,,,,,
append,785,3180799,,,,,,
append,786,3024500,,,,,,
append,787,3141100,,,,,,
append,788,3133400,,,,,,
append,789,3020200,,,,,,
append,790,2974800,,,,,,
append,791,2980600,,,,,,
append,792,3340100,,,,,,
append,793,3237700,,,,,,
append,794,3056100,,,,,,
append,795,3110000,,,,,,
append,796,3063700,,,,,,
append,797,3309000,,,,,,
append,798,3303600,,,,,,
append,799,3180500,,,,,,
append,800,3058199,,,,,,
append,801,3034900,,,,,,
append,802,3147700,,,,,,
append,803,3432000,,,,,,
append,804,3077100,,,,,,
append,805,3179300,,,,,,
append,806,3192500,,,,,,
append,807,3183800,,,,,,
append,808,3104400,,,,,,
append,809,3125500,,,,,,
append,810,3057200,,,,,,
append,811,3077900,,,,,,
append,812,8133100,,,,,,
append,813,3089700,,,,,,
append,814,3033099,,,,,,
append,815,2974400,,,,,,
append,816,3154400,,,,,,
append,817,2967400,,,,,,
append,818,3125900,,,,,,
append,819,2987500,,,,,,
append,820,3025300,,,,,,
append,821,3100300,,,,,,
append,822,3123500,,,,,,
append,823,3124000,,,,,,
append,824,3369800,,,,,,
append,825,3062900,,,,,,
append,826,3059000,,,,,,
append,827,3062700,,,,,,
append,828,3323300,,,,,,
append,829,3025600,,,,,,
append,830,2893799,,,,,,
append,831,3140100,,,,,,
append,832,3309200,,,,,,
append,833,2997000,,,,,,
append,834,3084600,,,,,,
append,835,3183400,,,,,,
append,836,3767100,,,,,,
append,837,3376100,,,,,,
append,838,3003200,,,,,,
append,839,3150300,,,,,,
append,840,3187800,,,,,,
append,841,3193400,,,,,,
append,842,3290500,,,,,,
append,843,3165800,,,,,,
append,844,2928200,,,,,,
append,845,3159299,,,,,,
append,846,3066300,,,,,,
append,847,3045800,,,,,,
append,848,2924300,,,,,,
append,849,2879800,,,,,,
append,850,2874800,,,,,,
append,851,2954700,,,,,,
append,852,2904400,,,,,,
append,853,2836700,,,,,,
append,854,2832700,,,,,,
append,855,2892800,,,,,,
append,856,2955500,,,,,,
append,857,2921500,,,,,,
append,858,3066400,,,,,,
append,859,2976800,,,,,,
append,860,2923800,,,,,,
append,861,2769499,,,,,,
append,862,3021500,,,,,,
append,863,2792000,,,,,,
append,864,2694100,,,,,,
append,865,2789300,,,,,,
append,866,2887400,,,,,,
append,867,2755400,,,,,,
append,868,3014800,,,,,,
append,869,3433800,,,,,,
append,870,2975500,,,,,,
append,871,3147800,,,,,,
append,872,2871500,,,,,,
append,873,2977500,,,,,,
append,874,2942700,,,,,,
append,875,2825100,,,,,,
append,876,2810900,,,,,,
append,877,2816500,,,,,,
append,878,3072399,,,,,,
append,879,3222000,,,,,,
append,880,2970700,,,,,,
append,881,2821700,,,,,,
append,882,2870000,,,,,,
append,883,2770200,,,,,,
append,884,3284600,,,,,,
append,885,3086000,,,,,,
append,886,3323500,,,,,,
append,887,3169900,,,,,,
append,888,3023700,,,,,,
append,889,2850600,,,,,,
append,890,3005000,,,,,,
append,891,2791300,,,,,,
append,892,2845900,,,,,,
append,893,2961800,,,,,,
append,894,3300199,,,,,,
append,895,3066000,,,,,,
append,896,3333600,,,,,,
append,897,3315700,,,,,,
append,898,3053900,,,,,,
append,899,2987900,,,,,,
append,900,2840200,,,,,,
append,901,3021300,,,,,,
append,902,3116900,,,,,,
append,903,3017800,,,,,,
append,904,3097000,,,,,,
append,905,3059600,,,,,,
append,906,3112600,,,,,,
append,907,3352900,,,,,,
append,908,3464500,,,,,,
append,909,3305799,,,,,,
append,910,3302400,,,,,,
append,911,2984600,,,,,,
append,912,2871400,,,,,,
append,913,2974200,,,,,,
append,914,3088600,,,,,,
append,915,3004800,,,,,,
append,916,2997800,,,,,,
append,917,2983100,,,,,,
append,918,2892400,,,,,,
append,919,2767100,,,,,,
append,920,3022100,,,,,,
append,921,2833400,,,,,,
append,922,2841400,,,,,,
append,923,2989100,,,,,,
append,924,2814400,,,,,,
append,925,3012600,,,,,,
append,926,3210999,,,,,,
append,927,2608000,,,,,,
append,928,2791300,,,,,,
append,929,2579300,,,,,,
append,930,2699300,,,,,,
append,931,2613200,,,,,,
append,932,2592200,,,,,,
append,933,2610300,,,,,,
append,934,2856700,,,,,,
append,935,3514900,,,,,,
append,936,3454000,,,,,,
append,937,2872400,,,,,,
append,938,2778900,,,,,,
append,939,2776400,,,,,,
append,940,3138700,,,,,,
append,941,3168200,,,,,,
append,942,3142699,,,,,,
append,943,2870900,,,,,,
append,944,2851200,,,,,,
append,945,2832600,,,,,,
append,946,2829000,,,,,,
append,947,2924000,,,,,,
append,948,2942100,,,,,,
append,949,2881000,,,,,,
append,950,2846500,,,,,,
append,951,2885900,,,,,,
append,952,3209200,,,,,,
append,953,3122100,,,,,,
append,954,2814200,,,,,,
append,955,2831700,,,,,,
append,956,2786100,,,,,,
append,957,3043700,,,,,,
append,958,2850600,,,,,,
append,959,2704499,,,,,,
append,960,2726800,,,,,,
append,961,2777400,,,,,,
append,962,2929300,,,,,,
append,963,3274200,,,,,,
append,964,2964600,,,,,,
append,965,2830300,,,,,,
append,966,2733400,,,,,,
append,967,2736200,,,,,,
append,968,2767100,,,,,,
append,969,2917100,,,,,,
append,970,2702700,,,,,,
append,971,2751800,,,,,,
append,972,2772000,,,,,,
append,973,3002000,,,,,,
append,974,3115600,,,,,,
append,975,3295100,,,,,,
append,976,2929499,,,,,,
append,977,2760400,,,,,,
append,978,2753500,,,,,,
append,979,2831200,,,,,,
append,980,2986900,,,,,,
append,981,3029300,,,,,,
append,982,3163100,,,,,,
append,983,3005700,,,,,,
append,984,2763100,,,,,,
append,985,2867600,,,,,,
append,986,3255400,,,,,,
append,987,3208400,,,,,,
append,988,3183900,,,,,,
append,989,2868700,,,,,,
append,990,2926100,,,,,,
append,991,2984900,,,,,,
append,992,2904099,,,,,,
append,993,2819000,,,,,,
append,994,2892000,,,,,,
append,995,2922500,,,,,,
append,996,2932000,,,,,,
append,997,3188400,,,,,,
append,998,2916700,,,,,,
append,999,2763400,,,,,,
append,1000,2763900,,,,,,
append,1001,3014600,,,,,,
append,1002,3472000,,,,,,
append,1003,3347200,,,,,,
append,1004,3072900,,,,,,
append,1005,2960300,,,,,,
append,1006,3393300,,,,,,
append,1007,3237900,,,,,,
append,1008,2881999,,,,,,
append,1009,2923900,,,,,,
append,1010,2813100,,,,,,
append,1011,2921700,,,,,,
append,1012,3315100,,,,,,
append,1013,2861500,,,,,,
append,1014,2808100,,,,,,
append,1015,2827800,,,,,,
append,1016,3167500,,,,,,
append,1017,3204800,,,,,,
append,1018,3288900,,,,,,
append,1019,3273300,,,,,,
append,1020,3281700,,,,,,
append,1021,3259900,,,,,,
append,1022,3131300,,,,,,
append,1023,2990999,,,,,,
append,1024,3130000,,,,,,
append,1025,3627100,,,,,,
append,1026,4152600,,,,,,
append,1027,3396300,,,,,,
append,1028,3219200,,,,,,
append,1029,3406900,,,,,,
append,1030,3416900,,,,,,
append,1031,3533000,,,,,,
append,1032,3196500,,,,,,
append,1033,3110400,,,,,,
append,1034,3065200,,,,,,
append,1035,3444900,,,,,,
append,1036,3253300,,,,,,
append,1037,3227900,,,,,,
append,1038,3217299,,,,,,
append,1039,3102000,,,,,,
append,1040,3276000,,,,,,
append,1041,3690700,,,,,,
append,1042,3139400,,,,,,
append,1043,3185300,,,,,,
append,1044,3332500,,,,,,
append,1045,3507800,,,,,,
append,1046,3836300,,,,,,
append,1047,3751500,,,,,,
append,1048,3759800,,,,,,
append,1049,5627700,,,,,,
append,1050,7325499,,,,,,
append,1051,3797300,,,,,,
append,1052,4144200,,,,,,
append,1053,4108500,,,,,,
append,1054,3569600,,,,,,
append,1055,3746200,,,,,,
append,1056,3599600,,,,,,
append,1057,2905900,,,,,,
append,1058,3138600,,,,,,
append,1059,2988100,,,,,,
append,1060,2802600,,,,,,
append,1061,3073600,,,,,,
append,1062,3044300,,,,,,
append,1063,3124300,,,,,,
append,1064,2818499,,,,,,
append,1065,2780500,,,,,,
append,1066,2971400,,,,,,
append,1067,3530100,,,,,,
append,1068,2995600,,,,,,
append,1069,3080100,,,,,,
append,1070,3289500,,,,,,
append,1071,2890000,,,,,,
append,1072,3414500,,,,,,
append,1073,4220400,,,,,,
append,1074,3220300,,,,,,
append,1075,3393600,,,,,,
append,1076,3069900,,,,,,
append,1077,3389000,,,,,,
append,1078,3315200,,,,,,
append,1079,3050799,,,,,,
append,1080,3123100,,,,,,
append,1081,2979000,,,,,,
append,1082,3834600,,,,,,
append,1083,3377100,,,,,,
append,1084,2927200,,,,,,
append,1085,2914900,,,,,,
append,1086,2927700,,,,,,
append,1087,3387700,,,,,,
append,1088,3103100,,,,,,
append,1089,2970900,,,,,,
append,1090,2893400,,,,,,
append,1091,3021600,,,,,,
append,1092,3163500,,,,,,
append,1093,3048600,,,,,,
append,1094,3272400,,,,,,
append,1095,2886699,,,,,,
append,1096,2866200,,,,,,
append,1097,2881000,,,,,,
append,1098,2884600,,,,,,
append,1099,2919200,,,,,,
append,1100,2887600,,,,,,
append,1101,2746700,,,,,,
append,1102,2718600,,,,,,
append,1103,2991300,,,,,,
append,1104,2819500,,,,,,
append,1105,2699600,,,,,,
append,1106,2737500,,,,,,
append,1107,2672700,,,,,,
append,1108,2956200,,,,,,
append,1109,2989200,,,,,,
append,1110,3069000,,,,,,
append,1111,2768400,,,,,,
append,1112,2756099,,,,,,
append,1113,2704100,,,,,,
append,1114,3055300,,,,,,
append,1115,2855400,,,,,,
append,1116,2865900,,,,,,
append,1117,3218400,,,,,,
append,1118,3150500,,,,,,
append,1119,2977300,,,,,,
append,1120,2898200,,,,,,
append,1121,3065900,,,,,,
append,1122,2856700,,,,,,
append,1123,2973600,,,,,,
append,1124,3140500,,,,,,
append,1125,3119000,,,,,,
append,1126,2833100,,,,,,
append,1127,2785900,,,,,,
append,1128,2681499,,,,,,
append,1129,2673400,,,,,,
append,1130,2974000,,,,,,
append,1131,2977400,,,,,,
append,1132,2726500,,,,,,
append,1133,2897600,,,,,,
append,1134,2712800,,,,,,
append,1135,2955300,,,,,,
append,1136,3128500,,,,,,
append,1137,2649200,,,,,,
append,1138,2717400,,,,,,
append,1139,2686200,,,,,,
append,1140,2596100,,,,,,
append,1141,2832100,,,,,,
append,1142,3013400,,,,,,
append,1143,2744900,,,,,,
append,1144,2669600,,,,,,
append,1145,2906899,,,,,,
append,1146,2707600,,,,,,
append,1147,2766900,,,,,,
append,1148,2666400,,,,,,
append,1149,2709400,,,,,,
append,1150,2596200,,,,,,
append,1151,2621600,,,,,,
append,1152,2597700,,,,,,
append,1153,2559400,,,,,,
append,1154,2515100,,,,,,
append,1155,2544800,,,,,,
append,1156,2717500,,,,,,
append,1157,2805600,,,,,,
append,1158,2666300,,,,,,
append,1159,2784200,,,,,,
append,1160,2604400,,,,,,
append,1161,2618200,,,,,,
append,1162,2636000,,,,,,
append,1163,2743099,,,,,,
append,1164,2599500,,,,,,
append,1165,3021000,,,,,,
append,1166,2870600,,,,,,
append,1167,2726400,,,,,,
append,1168,2575000,,,,,,
append,1169,2776700,,,,,,
append,1170,2847700,,,,,,
append,1171,3100700,,,,,,
append,1172,2982900,,,,,,
append,1173,2995900,,,,,,
append,1174,2952500,,,,,,
append,1175,3119900,,,,,,
append,1176,3161900,,,,,,
append,1177,2907100,,,,,,
append,1178,2962300,,,,,,
append,1179,2839200,,,,,,
append,1180,2763099,,,,,,
append,1181,3238200,,,,,,
append,1182,3470700,,,,,,
append,1183,3128800,,,,,,
append,1184,3313000,,,,,,
append,1185,3678000,,,,,,
append,1186,3252200,,,,,,
append,1187,2880900,,,,,,
append,1188,2909100,,,,,,
append,1189,2866300,,,,,,
append,1190,2953500,,,,,,
append,1191,3468500,,,,,,
append,1192,3108100,,,,,,
append,1193,3368300,,,,,,
append,1194,3058900,,,,,,
append,1195,3132399,,,,,,
append,1196,3156000,,,,,,
append,1197,3093600,,,,,,
append,1198,2874900,,,,,,
append,1199,2843900,,,,,,
append,1200,2774500,,,,,,
append,1201,3182900,,,,,,
append,1202,3245800,,,,,,
append,1203,3084000,,,,,,
append,1204,2966900,,,,,,
append,1205,2975200,,,,,,
append,1206,3274900,,,,,,
append,1207,2896900,,,,,,
append,1208,3000600,,,,,,
append,1209,3074700,,,,,,
append,1210,2927000,,,,,,
append,1211,3121699,,,,,,
append,1212,3096900,,,,,,
append,1213,2788800,,,,,,
append,1214,3049800,,,,,,
append,1215,3459000,,,,,,
append,1216,2970300,,,,,,
append,1217,3278000,,,,,,
append,1218,3569800,,,,,,
append,1219,3399600,,,,,,
append,1220,3372400,,,,,,
append,1221,5052400,,,,,,
append,1222,3910800,,,,,,
append,1223,4209300,,,,,,
append,1224,3536600,,,,,,
append,1225,3333699,,,,,,
append,1226,3104900,,,,,,
append,1227,2900000,,,,,,
append,1228,2655900,,,,,,
append,1229,2742400,,,,,,
append,1230,2776700,,,,,,
append,1231,2861400,,,,,,
append,1232,2856500,,,,,,
append,1233,2739500,,,,,,
append,1234,2815700,,,,,,
append,1235,2637600,,,,,,
append,1236,3052800,,,,,,
append,1237,2870000,,,,,,
append,1238,2824700,,,,,,
append,1239,2885300,,,,,,
append,1240,2805700,,,,,,
append,1241,4623499,,,,,,
append,1242,3535300,,,,,,
append,1243,3734100,,,,,,
append,1244,3530300,,,,,,
append,1245,3370200,,,,,,
append,1246,3637700,,,,,,
append,1247,3568000,,,,,,
append,1248,3851000,,,,,,
append,1249,3325300,,,,,,
append,1250,3886300,,,,,,
append,1251,3335900,,,,,,
append,1252,3575700,,,,,,
append,1253,7230300,,,,,,
append,1254,3955799,,,,,,
append,1255,3257500,,,,,,
append,1256,3171500,,,,,,
append,1257,3359900,,,,,,
append,1258,5848100,,,,,,
append,1259,4408000,,,,,,
append,1260,3403200,,,,,,
append,1261,3433800,,,,,,
append,1262,4369000,,,,,,
append,1263,3492000,,,,,,
append,1264,3328600,,,,,,
append,1265,3227300,,,,,,
append,1266,3430900,,,,,,
append,1267,3619500,,,,,,
append,1268,3401400,,,,,,
append,1269,3281800,,,,,,
append,1270,3402400,,,,,,
append,1271,3310900,,,,,,
append,1272,3315400,,,,,,
append,1273,3441400,,,,,,
append,1274,3715700,,,,,,
append,1275,3763300,,,,,,
append,1276,3260900,,,,,,
append,1277,3335400,,,,,,
append,1278,3432300,,,,,,
append,1279,3497300,,,,,,
append,1280,3851700,,,,,,
append,1281,3494200,,,,,,
append,1282,3680000,,,,,,
append,1283,3523700,,,,,,
append,1284,3683700,,,,,,
append,1285,3516200,,,,,,
append,1286,3373000,,,,,,
append,1287,3609200,,,,,,
append,1288,3409000,,,,,,
append,1289,3468300,,,,,,
append,1290,3328200,,,,,,
append,1291,3278600,,,,,,
append,1292,3211300,,,,,,
append,1293,3410700,,,,,,
append,1294,4019400,,,,,,
append,1295,3587400,,,,,,
append,1296,3252799,,,,,,
append,1297,3341700,,,,,,
append,1298,3292900,,,,,,
append,1299,3244200,,,,,,
append,1300,3777700,,,,,,
append,1301,3551800,,,,,,
append,1302,3961800,,,,,,
append,1303,3519500,,,,,,
append,1304,3680000,,,,,,
append,1305,3633200,,,,,,
append,1306,3797800,,,,,,
append,1307,3454700,,,,,,
append,1308,3680200,,,,,,
append,1309,3349800,,,,,,
append,1310,3588800,,,,,,
append,1311,3611000,,,,,,
append,1312,3572800,,,,,,
append,1313,3325300,,,,,,
append,1314,3719800,,,,,,
append,1315,4014000,,,,,,
append,1316,3374300,,,,,,
append,1317,3761800,,,,,,
append,1318,3906600,,,,,,
append,1319,4463500,,,,,,
append,1320,4667800,,,,,,
append,1321,3570700,,,,,,
append,1322,3383100,,,,,,
append,1323,3900900,,,,,,
append,1324,3325100,,,,,,
append,1325,3363200,,,,,,
append,1326,3204400,,,,,,
append,1327,3638500,,,,,,
append,1328,3720500,,,,,,
append,1329,3627800,,,,,,
append,1330,3243800,,,,,,
append,1331,3608700,,,,,,
append,1332,3389700,,,,,,
append,1333,3622300,,,,,,
append,1334,3319300,,,,,,
append,1335,3519600,,,,,,
append,1336,3549600,,,,,,
append,1337,3517200,,,,,,
append,1338,3362500,,,,,,
append,1339,3595899,,,,,,
append,1340,3827400,,,,,,
append,1341,3834600,,,,,,
append,1342,4120200,,,,,,
append,1343,3612700,,,,,,
append,1344,3631000,,,,,,
append,1345,3883400,,,,,,
append,1346,3667900,,,,,,
append,1347,3329800,,,,,,
append,1348,3655800,,,,,,
append,1349,3540000,,,,,,
append,1350,3311800,,,,,,
append,1351,3574100,,,,,,
append,1352,3481400,,,,,,
append,1353,3344500,,,,,,
append,1354,3824900,,,,,,
append,1355,3461100,,,,,,
append,1356,3451600,,,,,,
append,1357,3880300,,,,,,
append,1358,3742000,,,,,,
append,1359,3920700,,,,,,
append,1360,3452900,,,,,,
append,1361,3727500,,,,,,
append,1362,3560500,,,,,,
append,1363,3775200,,,,,,
append,1364,3377400,,,,,,
append,1365,3351700,,,,,,
append,1366,3334000,,,,,,
append,1367,3576800,,,,,,
append,1368,4101200,,,,,,
append,1369,3554100,,,,,,
append,1370,3828100,,,,,,
append,1371,3666000,,,,,,
append,1372,3629700,,,,,,
append,1373,3545400,,,,,,
append,1374,3563000,,,,,,
append,1375,3395400,,,,,,
append,1376,3474900,,,,,,
append,1377,3425400,,,,,,
append,1378,3303100,,,,,,
append,1379,3378700,,,,,,
append,1380,3663900,,,,,,
append,1381,3720900,,,,,,
append,1382,3597699,,,,,,
append,1383,3812200,,,,,,
append,1384,3395500,,,,,,
append,1385,3393200,,,,,,
append,1386,3209200,,,,,,
append,1387,3275000,,,,,,
append,1388,3144300,,,,,,
append,1389,3165100,,,,,,
append,1390,3338000,,,,,,
append,1391,3300700,,,,,,
append,1392,3008000,,,,,,
append,1393,2954300,,,,,,
append,1394,2918500,,,,,,
append,1395,3045300,,,,,,
append,1396,3062000,,,,,,
append,1397,2934500,,,,,,
append,1398,3018900,,,,,,
append,1399,3208400,,,,,,
append,1400,3471100,,,,,,
append,1401,3203100,,,,,,
append,1402,3074500,,,,,,
append,1403,3276400,,,,,,
append,1404,3117300,,,,,,
append,1405,3299500,,,,,,
append,1406,2981000,,,,,,
append,1407,2877400,,,,,,
append,1408,3123200,,,,,,
append,1409,2958800,,,,,,
append,1410,3034100,,,,,,
append,1411,2970400,,,,,,
append,1412,2858000,,,,,,
append,1413,2784500,,,,,,
append,1414,2705100,,,,,,
append,1415,2665300,,,,,,
append,1416,2639000,,,,,,
append,1417,2708100,,,,,,
append,1418,2689300,,,,,,
append,1419,2686200,,,,,,
append,1420,2922600,,,,,,
append,1421,3173100,,,,,,
append,1422,3141300,,,,,,
append,1423,3071700,,,,,,
append,1424,2921900,,,,,,
append,1425,2863200,,,,,,
append,1426,2960000,,,,,,
append,1427,2939400,,,,,,
append,1428,3243400,,,,,,
append,1429,3052600,,,,,,
append,1430,2937100,,,,,,
append,1431,3408100,,,,,,
append,1432,3098499,,,,,,
append,1433,3050300,,,,,,
append,1434,3103100,,,,,,
append,1435,3166000,,,,,,
append,1436,3000200,,,,,,
append,1437,3174800,,,,,,
append,1438,3266800,,,,,,
append,1439,3232000,,,,,,
append,1440,3346200,,,,,,
append,1441,3025300,,,,,,
append,1442,3333700,,,,,,
append,1443,2867000,,,,,,
append,1444,3039500,,,,,,
append,1445,3007000,,,,,,
append,1446,2787300,,,,,,
append,1447,2924000,,,,,,
append,1448,3060900,,,,,,
append,1449,3573900,,,,,,
append,1450,3268600,,,,,,
append,1451,2795600,,,,,,
append,1452,2989000,,,,,,
append,1453,3289100,,,,,,
append,1454,2913500,,,,,,
append,1455,2943600,,,,,,
append,1456,2762700,,,,,,
append,1457,2730700,,,,,,
append,1458,2895500,,,,,,
append,1459,2754400,,,,,,
append,1460,2925000,,,,,,
append,1461,2729000,,,,,,
append,1462,2853900,,,,,,
append,1463,2992400,,,,,,
append,1464,3195900,,,,,,
append,1465,3092600,,,,,,
append,1466,2844500,,,,,,
append,1467,2885700,,,,,,
append,1468,2750900,,,,,,
append,1469,2823700,,,,,,
append,1470,2884200,,,,,,
append,1471,2991200,,,,,,
append,1472,2720900,,,,,,
append,1473,2809900,,,,,,
append,1474,2998200,,,,,,
append,1475,2993400,,,,,,
append,1476,2889900,,,,,,
append,1477,3032500,,,,,,
append,1478,3071000,,,,,,
append,1479,3062000,,,,,,
append,1480,3040700,,,,,,
append,1481,3084400,,,,,,
append,1482,3337900,,,,,,
append,1483,3207099,,,,,,
append,1484,3102200,,,,,,
append,1485,3237300,,,,,,
append,1486,3781300,,,,,,
append,1487,3709300,,,,,,
append,1488,3359200,,,,,,
append,1489,3054400,,,,,,
append,1490,3052500,,,,,,
append,1491,3090000,,,,,,
append,1492,3393400,,,,,,
append,1493,3056000,,,,,,
append,1494,3083100,,,,,,
append,1495,3236600,,,,,,
append,1496,3343600,,,,,,
append,1497,3293500,,,,,,
append,1498,3049200,,,,,,
append,1499,3302000,,,,,,
append,1500,3102100,,,,,,
append,1501,3125400,,,,,,
append,1502,3277700,,,,,,
append,1503,3140100,,,,,,
append,1504,3119000,,,,,,
append,1505,3121200,,,,,,
append,1506,3122400,,,,,,
append,1507,3350200,,,,,,
append,1508,3108200,,,,,,
append,1509,3101200,,,,,,
append,1510,3487900,,,,,,
append,1511,3473700,,,,,,
append,1512,3155500,,,,,,
append,1513,3050500,,,,,,
append,1514,2947300,,,,,,
append,1515,3051200,,,,,,
append,1516,2983400,,,,,,
append,1517,3122300,,,,,,
append,1518,3171900,,,,,,
append,1519,3322700,,,,,,
append,1520,3025400,,,,,,
append,1521,3016400,,,,,,
append,1522,2866200,,,,,,
append,1523,2951000,,,,,,
append,1524,2966500,,,,,,
append,1525,2814400,,,,,,
append,1526,2740600,,,,,,
append,1527,2802000,,,,,,
append,1528,3061500,,,,,,
append,1529,2930400,,,,,,
append,1530,3043200,,,,,,
append,1531,3023100,,,,,,
append,1532,2948199,,,,,,
append,1533,2885700,,,,,,
append,1534,2854300,,,,,,
append,1535,2801700,,,,,,
append,1536,2794600,,,,,,
append,1537,2824200,,,,,,
append,1538,3173600,,,,,,
append,1539,3184000,,,,,,
append,1540,3497100,,,,,,
append,1541,3288300,,,,,,
append,1542,3183200,,,,,,
append,1543,3627200,,,,,,
append,1544,3536500,,,,,,
append,1545,3532500,,,,,,
append,1546,3084100,,,,,,
append,1547,3113700,,,,,,
append,1548,3292000,,,,,,
append,1549,3102300,,,,,,
append,1550,3203400,,,,,,
append,1551,3039300,,,,,,
append,1552,3050500,,,,,,
append,1553,3493600,,,,,,
append,1554,3033000,,,,,,
append,1555,3108000,,,,,,
append,1556,2848500,,,,,,
append,1557,3163800,,,,,,
append,1558,2927500,,,,,,
append,1559,2927000,,,,,,
append,1560,2839500,,,,,,
append,1561,3004500,,,,,,
append,1562,3132400,,,,,,
append,1563,3325000,,,,,,
append,1564,3446500,,,,,,
append,1565,3186800,,,,,,
append,1566,3131900,,,,,,
append,1567,2915600,,,,,,
append,1568,3298900,,,,,,
append,1569,2940700,,,,,,
append,1570,2901300,,,,,,
append,1571,2898400,,,,,,
append,1572,3033200,,,,,,
append,1573,3262700,,,,,,
append,1574,3323300,,,,,,
append,1575,2940800,,,,,,
append,1576,2803600,,,,,,
append,1577,2904200,,,,,,
append,1578,3263500,,,,,,
append,1579,3179100,,,,,,
append,1580,2881300,,,,,,
append,1581,3191800,,,,,,
append,1582,3124399,,,,,,
append,1583,3194500,,,,,,
append,1584,3266300,,,,,,
append,1585,3272600,,,,,,
append,1586,3229600,,,,,,
append,1587,3286900,,,,,,
append,1588,3551200,,,,,,
append,1589,3858400,,,,,,
append,1590,2991300,,,,,,
append,1591,2855800,,,,,,
append,1592,3064000,,,,,,
append,1593,4554700,,,,,,
append,1594,2843000,,,,,,
append,1595,2968000,,,,,,
append,1596,2984900,,,,,,
append,1597,2756400,,,,,,
append,1598,3096400,,,,,,
append,1599,2998100,,,,,,
append,1600,3021000,,,,,,
append,1601,3054700,,,,,,
append,1602,3168800,,,,,,
append,1603,3787200,,,,,,
append,1604,3161900,,,,,,
append,1605,3409700,,,,,,
append,1606,3548400,,,,,,
append,1607,3321100,,,,,,
append,1608,3971900,,,,,,
append,1609,4114600,,,,,,
append,1610,3439700,,,,,,
append,1611,3545600,,,,,,
append,1612,3796300,,,,,,
append,1613,3589000,,,,,,
append,1614,4043100,,,,,,
append,1615,3565300,,,,,,
append,1616,3501800,,,,,,
append,1617,3606100,,,,,,
append,1618,3310600,,,,,,
append,1619,3505400,,,,,,
append,1620,3347900,,,,,,
append,1621,3487400,,,,,,
append,1622,3276000,,,,,,
append,1623,3222500,,,,,,
append,1624,3070400,,,,,,
append,1625,3114200,,,,,,
append,1626,3537500,,,,,,
append,1627,3759200,,,,,,
append,1628,3414799,,,,,,
append,1629,3488200,,,,,,
append,1630,5119800,,,,,,
append,1631,3566300,,,,,,
append,1632,3921600,,,,,,
append,1633,7692700,,,,,,
append,1634,3483600,,,,,,
append,1635,2921000,,,,,,
append,1636,4755100,,,,,,
append,1637,3557000,,,,,,
append,1638,6952500,,,,,,
append,1639,3460600,,,,,,
append,1640,3600100,,,,,,
append,1641,3450000,,,,,,
append,1642,5826700,,,,,,
append,1643,4196200,,,,,,
append,1644,3648600,,,,,,
append,1645,3694900,,,,,,
append,1646,3339300,,,,,,
append,1647,3861700,,,,,,
append,1648,7602000,,,,,,
append,1649,4059200,,,,,,
append,1650,3748000,,,,,,
append,1651,3859600,,,,,,
append,1652,4059300,,,,,,
append,1653,3847200,,,,,,
append,1654,6246700,,,,,,
append,1655,4844500,,,,,,
append,1656,3668600,,,,,,
append,1657,3553400,,,,,,
append,1658,3548400,,,,,,
append,1659,6575100,,,,,,
append,1660,3517400,,,,,,
append,1661,4003600,,,,,,
append,1662,3593400,,,,,,
append,1663,3326900,,,,,,
append,1664,3175399,,,,,,
append,1665,3475800,,,,,,
append,1666,3398400,,,,,,
append,1667,11148700,,,,,,
append,1668,3723000,,,,,,
append,1669,3673800,,,,,,
append,1670,3991700,,,,,,
append,1671,3361900,,,,,,
append,1672,3280200,,,,,,
append,1673,6013500,,,,,,
append,1674,4034700,,,,,,
append,1675,3332000,,,,,,
append,1676,3613000,,,,,,
append,1677,3866900,,,,,,
append,1678,3592100,,,,,,
append,1679,3205300,,,,,,
append,1680,3623700,,,,,,
append,1681,3775600,,,,,,
append,1682,4068700,,,,,,
append,1683,3515500,,,,,,
append,1684,3226500,,,,,,
append,1685,3050100,,,,,,
append,1686,3222900,,,,,,
append,1687,3389600,,,,,,
append,1688,3418000,,,,,,
append,1689,3369400,,,,,,
append,1690,3419100,,,,,,
append,1691,3433100,,,,,,
append,1692,3227200,,,,,,
append,1693,3140500,,,,,,
append,1694,3283300,,,,,,
append,1695,3129600,,,,,,
append,1696,3145200,,,,,,
append,1697,3236000,,,,,,
append,1698,3811600,,,,,,
append,1699,3589700,,,,,,
append,1700,3652400,,,,,,
append,1701,3457200,,,,,,
append,1702,3941100,,,,,,
append,1703,3716100,,,,,,
append,1704,3540700,,,,,,
append,1705,3586999,,,,,,
append,1706,3302500,,,,,,
append,1707,3498200,,,,,,
append,1708,3521000,,,,,,
append,1709,3804400,,,,,,
append,1710,3842300,,,,,,
append,1711,7836300,,,,,,
append,1712,3841600,,,,,,
append,1713,3780600,,,,,,
append,1714,5259100,,,,,,
append,1715,3708000,,,,,,
append,1716,3816100,,,,,,
append,1717,3459600,,,,,,
append,1718,3611900,,,,,,
append,1719,6801300,,,,,,
append,1720,3482000,,,,,,
append,1721,3666600,,,,,,
append,1722,3679900,,,,,,
append,1723,7408400,,,,,,
append,1724,3929700,,,,,,
append,1725,3653300,,,,,,
append,1726,3358200,,,,,,
append,1727,3279200,,,,,,
append,1728,3089000,,,,,,
append,1729,3714300,,,,,,
append,1730,4258700,,,,,,
append,1731,3766300,,,,,,
append,1732,3610300,,,,,,
append,1733,3834300,,,,,,
append,1734,3373900,,,,,,
append,1735,3746300,,,,,,
append,1736,3655600,,,,,,
append,1737,3788900,,,,,,
append,1738,3357700,,,,,,
append,1739,3453700,,,,,,
append,1740,3643200,,,,,,
append,1741,3342600,,,,,,
append,1742,3660200,,,,,,
append,1743,3723400,,,,,,
append,1744,3893699,,,,,,
append,1745,3461600,,,,,,
append,1746,3468900,,,,,,
append,1747,3712100,,,,,,
append,1748,4036800,,,,,,
append,1749,3745300,,,,,,
append,1750,3336400,,,,,,
append,1751,3609800,,,,,,
append,1752,3687600,,,,,,
append,1753,3895300,,,,,,
append,1754,3620800,,,,,,
append,1755,3720500,,,,,,
append,1756,7247800,,,,,,
append,1757,3621400,,,,,,
append,1758,3844800,,,,,,
append,1759,4126600,,,,,,
append,1760,3503700,,,,,,
append,1761,3406800,,,,,,
append,1762,4616900,,,,,,
append,1763,3647200,,,,,,
append,1764,3623500,,,,,,
append,1765,4156800,,,,,,
append,1766,3891600,,,,,,
append,1767,4318600,,,,,,
append,1768,3947400,,,,,,
append,1769,4041900,,,,,,
append,1770,3570100,,,,,,
append,1771,3315400,,,,,,
append,1772,3579300,,,,,,
append,1773,3936100,,,,,,
append,1774,3826200,,,,,,
append,1775,3843700,,,,,,
append,1776,9497900,,,,,,
append,1777,4034000,,,,,,
append,1778,3771000,,,,,,
append,1779,4028700,,,,,,
append,1780,3790700,,,,,,
append,1781,3661800,,,,,,
append,1782,3606699,,,,,,
append,1783,3626300,,,,,,
append,1784,3770500,,,,,,
append,1785,3696600,,,,,,
append,1786,3382900,,,,,,
append,1787,3696700,,,,,,
append,1788,4215400,,,,,,
append,1789,3205800,,,,,,
append,1790,3753700,,,,,,
append,1791,11829800,,,,,,
append,1792,4011800,,,,,,
append,1793,3936400,,,,,,
append,1794,3721400,,,,,,
append,1795,3619800,,,,,,
append,1796,4066900,,,,,,
append,1797,6345400,,,,,,
append,1798,5093500,,,,,,
append,1799,4430400,,,,,,
append,1800,4035500,,,,,,
append,1801,4245300,,,,,,
append,1802,5094000,,,,,,
append,1803,4112900,,,,,,
append,1804,3949000,,,,,,
append,1805,4166600,,,,,,
append,1806,4426000,,,,,,
append,1807,4155400,,,,,,
append,1808,5563600,,,,,,
append,1809,4491300,,,,,,
append,1810,7221300,,,,,,
append,1811,4159100,,,,,,
append,1812,4014600,,,,,,
append,1813,4422300,,,,,,
append,1814,8629800,,,,,,
append,1815,3761300,,,,,,
append,1816,5190299,,,,,,
append,1817,4483800,,,,,,
append,1818,4235300,,,,,,
append,1819,5113400,,,,,,
append,1820,3859100,,,,,,
append,1821,4381300,,,,,,
append,1822,3699400,,,,,,
append,1823,3644600,,,,,,
append,1824,3996400,,,,,,
append,1825,7130800,,,,,,
append,1826,3571900,,,,,,
append,1827,3434000,,,,,,
append,1828,3513300,,,,,,
append,1829,3457100,,,,,,
append,1830,3452900,,,,,,
append,1831,3612400,,,,,,
append,1832,3416700,,,,,,
append,1833,3650600,,,,,,
append,1834,3740000,,,,,,
append,1835,3586500,,,,,,
append,1836,3617000,,,,,,
append,1837,3965300,,,,,,
append,1838,4063200,,,,,,
append,1839,3665600,,,,,,
append,1840,3522700,,,,,,
append,1841,3835100,,,,,,
append,1842,3610400,,,,,,
append,1843,4250800,,,,,,
append,1844,3570900,,,,,,
append,1845,3560900,,,,,,
append,1846,3403400,,,,,,
append,1847,3385700,,,,,,
append,1848,3601400,,,,,,
append,1849,3425100,,,,,,
append,1850,3757700,,,,,,
append,1851,3603800,,,,,,
append,1852,3746400,,,,,,
append,1853,3591000,,,,,,
append,1854,3666400,,,,,,
append,1855,3796099,,,,,,
append,1856,3844500,,,,,,
append,1857,3752800,,,,,,
append,1858,3640700,,,,,,
append,1859,3955400,,,,,,
append,1860,3610800,,,,,,
append,1861,3595100,,,,,,
append,1862,3682400,,,,,,
append,1863,4293400,,,,,,
append,1864,4298700,,,,,,
append,1865,3884300,,,,,,
append,1866,3691700,,,,,,
append,1867,3677500,,,,,,
append,1868,3456900,,,,,,
append,1869,3207300,,,,,,
append,1870,3397800,,,,,,
append,1871,3932700,,,,,,
append,1872,3817300,,,,,,
append,1873,3542700,,,,,,
append,1874,3643800,,,,,,
append,1875,3706200,,,,,,
append,1876,3780900,,,,,,
append,1877,3630500,,,,,,
append,1878,3339600,,,,,,
append,1879,3617200,,,,,,
append,1880,3907300,,,,,,
append,1881,3829800,,,,,,
append,1882,3891800,,,,,,
append,1883,3560400,,,,,,
append,1884,3852400,,,,,,
append,1885,3599300,,,,,,
append,1886,3420500,,,,,,
append,1887,3383300,,,,,,
append,1888,3997600,,,,,,
append,1889,3325000,,,,,,
append,1890,3256100,,,,,,
append,1891,3231500,,,,,,
append,1892,3187800,,,,,,
append,1893,3530200,,,,,,
append,1894,3270600,,,,,,
append,1895,3193900,,,,,,
append,1896,3125200,,,,,,
append,1897,3388500,,,,,,
append,1898,3593299,,,,,,
append,1899,3604200,,,,,,
append,1900,3448900,,,,,,
append,1901,3614400,,,,,,
append,1902,3600700,,,,,,
append,1903,3353600,,,,,,
append,1904,3161800,,,,,,
append,1905,3475100,,,,,,
append,1906,3564500,,,,,,
append,1907,4285900,,,,,,
append,1908,3985000,,,,,,
append,1909,4003800,,,,,,
append,1910,4062300,,,,,,
append,1911,3920800,,,,,,
append,1912,4128300,,,,,,
append,1913,3730800,,,,,,
append,1914,3344900,,,,,,
append,1915,3844400,,,,,,
append,1916,3700500,,,,,,
append,1917,3695100,,,,,,
append,1918,3776600,,,,,,
append,1919,8727300,,,,,,
append,1920,3879800,,,,,,
append,1921,4196800,,,,,,
append,1922,4202400,,,,,,
append,1923,3765600,,,,,,
append,1924,3475900,,,,,,
append,1925,3310100,,,,,,
append,1926,3645700,,,,,,
append,1927,3327400,,,,,,
append,1928,3551500,,,,,,
append,1929,3361900,,,,,,
append,1930,3585100,,,,,,
append,1931,3734200,,,,,,
append,1932,3567800,,,,,,
append,1933,3615300,,,,,,
append,1934,3491500,,,,,,
append,1935,3534200,,,,,,
append,1936,3364900,,,,,,
append,1937,3240400,,,,,,
append,1938,3784400,,,,,,
append,1939,3805599,,,,,,
append,1940,4268100,,,,,,
append,1941,3549200,,,,,,
append,1942,3690100,,,,,,
append,1943,3561100,,,,,,
append,1944,3598200,,,,,,
append,1945,3924300,,,,,,
append,1946,3839400,,,,,,
append,1947,3200000,,,,,,
append,1948,3560300,,,,,,
append,1949,3859100,,,,,,
append,1950,3394000,,,,,,
append,1951,3751300,,,,,,
append,1952,4353100,,,,,,
append,1953,7829600,,,,,,
append,1954,3961300,,,,,,
append,1955,3966700,,,,,,
append,1956,3875500,,,,,,
append,1957,3988400,,,,,,
append,1958,3747600,,,,,,
append,1959,4048500,,,,,,
append,1960,4112000,,,,,,
append,1961,4143600,,,,,,
append,1962,4061400,,,,,,
append,1963,4317700,,,,,,
append,1964,3936600,,,,,,
append,1965,4074700,,,,,,
append,1966,3852000,,,,,,
append,1967,4429600,,,,,,
append,1968,15013600,,,,,,
append,1969,3758300,,,,,,
append,1970,5528700,,,,,,
append,1971,7965200,,,,,,
append,1972,9569599,,,,,,
append,1973,8868100,,,,,,
append,1974,9546600,,,,,,
append,1975,6098500,,,,,,
append,1976,3878600,,,,,,
append,1977,3700900,,,,,,
append,1978,10322400,,,,,,
append,1979,3724100,,,,,,
append,1980,18554200,,,,,,
append,1981,9729500,,,,,,
append,1982,7986400,,,,,,
append,1983,8008000,,,,,,
append,1984,8005700,,,,,,
append,1985,7968400,,,,,,
append,1986,7602400,,,,,,
append,1987,4074300,,,,,,
append,1988,3909000,,,,,,
append,1989,14345800,,,,,,
append,1990,6057200,,,,,,
append,1991,11980299,,,,,,
append,1992,4075000,,,,,,
append,1993,3846100,,,,,,
append,1994,8106000,,,,,,
append,1995,8026100,,,,,,
append,1996,7959000,,,,,,
append,1997,8312500,,,,,,
append,1998,11763000,,,,,,
append,1999,7923300,,,,,,
append,2000,8003900,,,,,,
ingest,,6994697696,2000,28,296000,2380,20039,989024
