phase,event_index,elapsed_ns,events,full_rejections,file_bytes,peak_rss_kib,alloc_calls,alloc_requested_bytes
append,1,3632500,,,,,,
append,2,3386900,,,,,,
append,3,3486999,,,,,,
append,4,3397400,,,,,,
append,5,3402900,,,,,,
append,6,3207700,,,,,,
append,7,2971200,,,,,,
append,8,2898699,,,,,,
append,9,2967300,,,,,,
append,10,3487800,,,,,,
append,11,3000600,,,,,,
append,12,2976500,,,,,,
append,13,3088999,,,,,,
append,14,3243300,,,,,,
append,15,3815000,,,,,,
append,16,3284400,,,,,,
append,17,3170200,,,,,,
append,18,3163899,,,,,,
append,19,3190200,,,,,,
append,20,3055700,,,,,,
append,21,2996100,,,,,,
append,22,3007100,,,,,,
append,23,2958799,,,,,,
append,24,2976600,,,,,,
append,25,3185200,,,,,,
append,26,2947100,,,,,,
append,27,2958600,,,,,,
append,28,3046200,,,,,,
append,29,2952999,,,,,,
append,30,3175800,,,,,,
append,31,3048100,,,,,,
append,32,2948100,,,,,,
append,33,3122600,,,,,,
append,34,3076499,,,,,,
append,35,3096400,,,,,,
append,36,2997100,,,,,,
append,37,3297300,,,,,,
append,38,3190500,,,,,,
append,39,3027199,,,,,,
append,40,3253000,,,,,,
append,41,3049000,,,,,,
append,42,2983400,,,,,,
append,43,3111900,,,,,,
append,44,3077099,,,,,,
append,45,3009200,,,,,,
append,46,3025100,,,,,,
append,47,2922600,,,,,,
append,48,2867900,,,,,,
append,49,3795099,,,,,,
append,50,3338500,,,,,,
append,51,3233900,,,,,,
append,52,2873500,,,,,,
append,53,2684700,,,,,,
append,54,2914300,,,,,,
append,55,3148999,,,,,,
append,56,3022700,,,,,,
append,57,2832200,,,,,,
append,58,2890800,,,,,,
append,59,2831000,,,,,,
append,60,3130999,,,,,,
append,61,3199500,,,,,,
append,62,3040000,,,,,,
append,63,2914400,,,,,,
append,64,2795000,,,,,,
append,65,2739600,,,,,,
append,66,3027599,,,,,,
append,67,2811400,,,,,,
append,68,2817300,,,,,,
append,69,2783100,,,,,,
append,70,2777200,,,,,,
append,71,2856899,,,,,,
append,72,3071200,,,,,,
append,73,3082400,,,,,,
append,74,2847900,,,,,,
append,75,2848600,,,,,,
append,76,2784300,,,,,,
append,77,3163899,,,,,,
append,78,3061300,,,,,,
append,79,2816600,,,,,,
append,80,2774500,,,,,,
append,81,2857800,,,,,,
append,82,3076099,,,,,,
append,83,3017000,,,,,,
append,84,2921100,,,,,,
append,85,5632100,,,,,,
append,86,2802400,,,,,,
append,87,3143999,,,,,,
append,88,3156200,,,,,,
append,89,2872500,,,,,,
append,90,2946500,,,,,,
append,91,2919000,,,,,,
append,92,3164699,,,,,,
append,93,3157500,,,,,,
append,94,3019100,,,,,,
append,95,3296500,,,,,,
append,96,2908600,,,,,,
append,97,3383699,,,,,,
append,98,3084000,,,,,,
append,99,3009700,,,,,,
append,100,2896600,,,,,,
append,101,2867300,,,,,,
append,102,2894600,,,,,,
append,103,2864399,,,,,,
append,104,2880200,,,,,,
append,105,2945600,,,,,,
append,106,2828300,,,,,,
append,107,2926200,,,,,,
append,108,3362899,,,,,,
append,109,3296100,,,,,,
append,110,2967400,,,,,,
append,111,3131900,,,,,,
append,112,2980600,,,,,,
append,113,3128799,,,,,,
append,114,3011000,,,,,,
append,115,2818700,,,,,,
append,116,2764000,,,,,,
append,117,2849300,,,,,,
append,118,3202800,,,,,,
append,119,3071399,,,,,,
append,120,2949000,,,,,,
append,121,2902800,,,,,,
append,122,3183700,,,,,,
append,123,3170600,,,,,,
append,124,3107199,,,,,,
append,125,2827000,,,,,,
append,126,2725600,,,,,,
append,127,2775900,,,,,,
append,128,2868000,,,,,,
append,129,2860000,,,,,,
append,130,2779899,,,,,,
append,131,2835500,,,,,,
append,132,2952800,,,,,,
append,133,2861900,,,,,,
append,134,3198500,,,,,,
append,135,2862399,,,,,,
append,136,2723500,,,,,,
append,137,2809400,,,,,,
append,138,2907100,,,,,,
append,139,3493300,,,,,,
append,140,3125400,,,,,,
append,141,3032099,,,,,,
append,142,2710900,,,,,,
append,143,2814700,,,,,,
append,144,2740300,,,,,,
append,145,2719500,,,,,,
append,146,3007799,,,,,,
append,147,2922800,,,,,,
append,148,2678000,,,,,,
append,149,4830900,,,,,,
append,150,3374900,,,,,,
append,151,2959699,,,,,,
append,152,2809000,,,,,,
append,153,2755900,,,,,,
append,154,2758200,,,,,,
append,155,3135600,,,,,,
append,156,2930100,,,,,,
append,157,2765899,,,,,,
append,158,2695400,,,,,,
append,159,2757500,,,,,,
append,160,2964700,,,,,,
append,161,2837200,,,,,,
append,162,2748599,,,,,,
append,163,2730100,,,,,,
append,164,2955400,,,,,,
append,165,2914100,,,,,,
append,166,3165400,,,,,,
append,167,3424500,,,,,,
append,168,2776199,,,,,,
append,169,3079100,,,,,,
append,170,2900300,,,,,,
append,171,2948200,,,,,,
append,172,2876000,,,,,,
append,173,2884299,,,,,,
append,174,2913300,,,,,,
append,175,3252200,,,,,,
append,176,3202800,,,,,,
append,177,2902700,,,,,,
append,178,2723900,,,,,,
append,179,2677799,,,,,,
append,180,2639300,,,,,,
append,181,2641600,,,,,,
append,182,2808000,,,,,,
append,183,3022600,,,,,,
append,184,2824499,,,,,,
append,185,2704800,,,,,,
append,186,2694500,,,,,,
append,187,3069500,,,,,,
append,188,3231100,,,,,,
append,189,2988800,,,,,,
append,190,2729799,,,,,,
append,191,2683800,,,,,,
append,192,2688000,,,,,,
append,193,2763700,,,,,,
append,194,3071700,,,,,,
append,195,2902300,,,,,,
append,196,3250999,,,,,,
append,197,3373300,,,,,,
append,198,2974100,,,,,,
append,199,2751300,,,,,,
append,200,2783800,,,,,,
append,201,3117699,,,,,,
append,202,2722700,,,,,,
append,203,2690900,,,,,,
append,204,2695800,,,,,,
append,205,2706300,,,,,,
append,206,2743500,,,,,,
append,207,2718199,,,,,,
append,208,2643800,,,,,,
append,209,2721400,,,,,,
append,210,2705700,,,,,,
append,211,2838900,,,,,,
append,212,2941700,,,,,,
append,213,2700499,,,,,,
append,214,2636800,,,,,,
append,215,2652800,,,,,,
append,216,2887300,,,,,,
append,217,2867300,,,,,,
append,218,3608999,,,,,,
append,219,3013400,,,,,,
append,220,2807800,,,,,,
append,221,3526500,,,,,,
append,222,3070600,,,,,,
append,223,2907799,,,,,,
append,224,2641400,,,,,,
append,225,2906300,,,,,,
append,226,2704700,,,,,,
append,227,2785100,,,,,,
append,228,3031000,,,,,,
append,229,2762799,,,,,,
append,230,2787800,,,,,,
append,231,2702400,,,,,,
append,232,2803900,,,,,,
append,233,2997100,,,,,,
append,234,2726800,,,,,,
append,235,2786999,,,,,,
append,236,2878600,,,,,,
append,237,2802800,,,,,,
append,238,2827200,,,,,,
append,239,2900200,,,,,,
append,240,2712400,,,,,,
append,241,2696199,,,,,,
append,242,2830500,,,,,,
append,243,2752200,,,,,,
append,244,3054700,,,,,,
append,245,2742700,,,,,,
append,246,2719799,,,,,,
append,247,2891200,,,,,,
append,248,2610700,,,,,,
append,249,3271100,,,,,,
append,250,3076200,,,,,,
append,251,2595200,,,,,,
append,252,2602199,,,,,,
append,253,2566400,,,,,,
append,254,3370900,,,,,,
append,255,3763600,,,,,,
append,256,3463200,,,,,,
append,257,3337299,,,,,,
append,258,3026200,,,,,,
append,259,3494000,,,,,,
append,260,3319800,,,,,,
append,261,2905500,,,,,,
append,262,2903699,,,,,,
append,263,8378900,,,,,,
append,264,2849600,,,,,,
append,265,3047200,,,,,,
append,266,2767199,,,,,,
append,267,2775100,,,,,,
append,268,3366500,,,,,,
append,269,3189000,,,,,,
append,270,3101900,,,,,,
append,271,2870099,,,,,,
append,272,2812900,,,,,,
append,273,3128000,,,,,,
append,274,2940400,,,,,,
append,275,2777800,,,,,,
append,276,2717000,,,,,,
append,277,2948899,,,,,,
append,278,2854500,,,,,,
append,279,2823900,,,,,,
append,280,2771300,,,,,,
append,281,2781600,,,,,,
append,282,2775699,,,,,,
append,283,2864700,,,,,,
append,284,2877400,,,,,,
append,285,2910300,,,,,,
append,286,2696500,,,,,,
append,287,2728300,,,,,,
append,288,2723499,,,,,,
append,289,2658000,,,,,,
append,290,2690100,,,,,,
append,291,2862500,,,,,,
append,292,2886600,,,,,,
append,293,2958200,,,,,,
append,294,2652599,,,,,,
append,295,2693000,,,,,,
append,296,2766100,,,,,,
append,297,2837100,,,,,,
append,298,2742600,,,,,,
append,299,2723800,,,,,,
append,300,2709999,,,,,,
append,301,2729800,,,,,,
append,302,2847100,,,,,,
append,303,3036800,,,,,,
append,304,2777000,,,,,,
append,305,3037899,,,,,,
append,306,2686700,,,,,,
append,307,2924200,,,,,,
append,308,2915000,,,,,,
append,309,2754100,,,,,,
append,310,2717000,,,,,,
append,311,2787899,,,,,,
append,312,2708200,,,,,,
append,313,2710600,,,,,,
append,314,2723100,,,,,,
append,315,2803400,,,,,,
append,316,8207799,,,,,,
append,317,2929100,,,,,,
append,318,3263500,,,,,,
append,319,3175700,,,,,,
append,320,2836799,,,,,,
append,321,2970200,,,,,,
append,322,2671300,,,,,,
append,323,2605700,,,,,,
append,324,2622300,,,,,,
append,325,2651100,,,,,,
append,326,2633099,,,,,,
append,327,2701000,,,,,,
append,328,3175700,,,,,,
append,329,2768900,,,,,,
append,330,2692700,,,,,,
append,331,2966100,,,,,,
append,332,3482899,,,,,,
append,333,3973500,,,,,,
append,334,3533500,,,,,,
append,335,3493600,,,,,,
append,336,3688799,,,,,,
append,337,9253200,,,,,,
append,338,3707900,,,,,,
append,339,3105999,,,,,,
append,340,3336800,,,,,,
append,341,2958600,,,,,,
append,342,2852200,,,,,,
append,343,3080200,,,,,,
append,344,3002299,,,,,,
append,345,3007600,,,,,,
append,346,3272800,,,,,,
append,347,3456000,,,,,,
append,348,3396000,,,,,,
append,349,3529599,,,,,,
append,350,3216400,,,,,,
append,351,2903000,,,,,,
append,352,2857900,,,,,,
append,353,2886800,,,,,,
append,354,2957000,,,,,,
append,355,3110699,,,,,,
append,356,3400100,,,,,,
append,357,2867100,,,,,,
append,358,2768400,,,,,,
append,359,2786400,,,,,,
append,360,2982699,,,,,,
append,361,3074600,,,,,,
append,362,2989200,,,,,,
append,363,2655800,,,,,,
append,364,2605100,,,,,,
append,365,2648500,,,,,,
append,366,2801399,,,,,,
append,367,2686700,,,,,,
append,368,2623500,,,,,,
append,369,2613000,,,,,,
append,370,2744900,,,,,,
append,371,2614700,,,,,,
append,372,2938099,,,,,,
append,373,2722800,,,,,,
append,374,2619900,,,,,,
append,375,2850200,,,,,,
append,376,2795600,,,,,,
append,377,2831500,,,,,,
append,378,3174499,,,,,,
append,379,3009100,,,,,,
append,380,2909700,,,,,,
append,381,2850400,,,,,,
append,382,3023300,,,,,,
append,383,3141699,,,,,,
append,384,3301800,,,,,,
append,385,2980200,,,,,,
append,386,2825900,,,,,,
append,387,2778000,,,,,,
append,388,2945699,,,,,,
append,389,2909200,,,,,,
append,390,2767600,,,,,,
append,391,2740900,,,,,,
append,392,2751000,,,,,,
append,393,2640000,,,,,,
append,394,2784899,,,,,,
append,395,2841200,,,,,,
append,396,2889300,,,,,,
append,397,2818600,,,,,,
append,398,2813000,,,,,,
append,399,2778700,,,,,,
append,400,3072399,,,,,,
append,401,2951000,,,,,,
append,402,2775700,,,,,,
append,403,2763800,,,,,,
append,404,2520800,,,,,,
append,405,2549400,,,,,,
append,406,2488899,,,,,,
append,407,2664700,,,,,,
append,408,2537500,,,,,,
append,409,2492500,,,,,,
append,410,2566000,,,,,,
append,411,2561300,,,,,,
append,412,2586599,,,,,,
append,413,2586200,,,,,,
append,414,2622900,,,,,,
append,415,2785700,,,,,,
append,416,2968200,,,,,,
append,417,2939200,,,,,,
append,418,3039699,,,,,,
append,419,2860200,,,,,,
append,420,2909800,,,,,,
append,421,2801400,,,,,,
append,422,2826400,,,,,,
append,423,3199499,,,,,,
append,424,2880900,,,,,,
append,425,2812400,,,,,,
append,426,2805800,,,,,,
append,427,2780000,,,,,,
append,428,2971300,,,,,,
append,429,3121299,,,,,,
append,430,2672200,,,,,,
append,431,2641000,,,,,,
append,432,2610600,,,,,,
append,433,2665600,,,,,,
append,434,2691500,,,,,,
append,435,2623699,,,,,,
append,436,2588200,,,,,,
append,437,2924700,,,,,,
append,438,2655300,,,,,,
append,439,2518400,,,,,,
append,440,2870800,,,,,,
append,441,2778699,,,,,,
append,442,2822000,,,,,,
append,443,3039000,,,,,,
append,444,2666000,,,,,,
append,445,2687800,,,,,,
append,446,2602500,,,,,,
append,447,2582699,,,,,,
append,448,2579500,,,,,,
append,449,2879900,,,,,,
append,450,2652600,,,,,,
append,451,2612500,,,,,,
append,452,2642400,,,,,,
append,453,2684899,,,,,,
append,454,2609700,,,,,,
append,455,2776000,,,,,,
append,456,2759500,,,,,,
append,457,2942400,,,,,,
append,458,3054999,,,,,,
append,459,2688900,,,,,,
append,460,2570600,,,,,,
append,461,2710500,,,,,,
append,462,2844000,,,,,,
append,463,2715000,,,,,,
append,464,2785499,,,,,,
append,465,2664300,,,,,,
append,466,2804100,,,,,,
append,467,2958200,,,,,,
append,468,2699200,,,,,,
append,469,2872200,,,,,,
append,470,2693999,,,,,,
append,471,2775900,,,,,,
append,472,2654400,,,,,,
append,473,2667500,,,,,,
append,474,2716600,,,,,,
append,475,2726700,,,,,,
append,476,2676699,,,,,,
append,477,2696500,,,,,,
append,478,2795000,,,,,,
append,479,2622900,,,,,,
append,480,3175900,,,,,,
append,481,2920100,,,,,,
append,482,2860099,,,,,,
append,483,2830100,,,,,,
append,484,2764500,,,,,,
append,485,2980800,,,,,,
append,486,3055700,,,,,,
append,487,2868399,,,,,,
append,488,2647800,,,,,,
append,489,2872900,,,,,,
append,490,2849300,,,,,,
append,491,3280000,,,,,,
append,492,3255000,,,,,,
append,493,3354299,,,,,,
append,494,2715100,,,,,,
append,495,2652400,,,,,,
append,496,2866300,,,,,,
append,497,2815400,,,,,,
append,498,2743599,,,,,,
append,499,2741800,,,,,,
append,500,2996000,,,,,,
append,501,2772900,,,,,,
append,502,2968300,,,,,,
append,503,3026700,,,,,,
append,504,2665599,,,,,,
append,505,2691400,,,,,,
append,506,2727600,,,,,,
append,507,2700600,,,,,,
append,508,3060500,,,,,,
append,509,2691800,,,,,,
append,510,2679399,,,,,,
append,511,2736100,,,,,,
append,512,2826900,,,,,,
append,513,2765900,,,,,,
append,514,3034500,,,,,,
append,515,2656999,,,,,,
append,516,2570700,,,,,,
append,517,2504900,,,,,,
append,518,2511500,,,,,,
append,519,2504700,,,,,,
append,520,2725200,,,,,,
append,521,2669200,,,,,,
append,522,2515099,,,,,,
append,523,2519100,,,,,,
append,524,2504300,,,,,,
append,525,2501500,,,,,,
append,526,2954700,,,,,,
append,527,2814600,,,,,,
append,528,2582999,,,,,,
append,529,2504100,,,,,,
append,530,2529800,,,,,,
append,531,2518200,,,,,,
append,532,2834100,,,,,,
append,533,2602300,,,,,,
append,534,2634799,,,,,,
append,535,2560500,,,,,,
append,536,2513400,,,,,,
append,537,2499300,,,,,,
append,538,2724900,,,,,,
append,539,2621600,,,,,,
append,540,2621499,,,,,,
append,541,2540300,,,,,,
append,542,2710900,,,,,,
append,543,2554600,,,,,,
append,544,2569300,,,,,,
append,545,2515200,,,,,,
append,546,2566099,,,,,,
append,547,2523800,,,,,,
append,548,2643200,,,,,,
append,549,2725900,,,,,,
append,550,2655400,,,,,,
append,551,2590600,,,,,,
append,552,2544900,,,,,,
append,553,2554799,,,,,,
append,554,2719500,,,,,,
append,555,2508300,,,,,,
append,556,2587300,,,,,,
append,557,2728000,,,,,,
append,558,2693000,,,,,,
append,559,2798499,,,,,,
append,560,2821100,,,,,,
append,561,2728200,,,,,,
append,562,2909000,,,,,,
append,563,2969100,,,,,,
append,564,2719099,,,,,,
append,565,2740300,,,,,,
append,566,2787400,,,,,,
append,567,2779900,,,,,,
append,568,2855300,,,,,,
append,569,2973900,,,,,,
append,570,2938199,,,,,,
append,571,2860000,,,,,,
append,572,2968900,,,,,,
append,573,3264900,,,,,,
append,574,3271000,,,,,,
append,575,2926499,,,,,,
append,576,2906900,,,,,,
append,577,2805500,,,,,,
append,578,2958200,,,,,,
append,579,3162400,,,,,,
append,580,2756600,,,,,,
append,581,2706999,,,,,,
append,582,2697600,,,,,,
append,583,2531300,,,,,,
append,584,2710000,,,,,,
append,585,2884000,,,,,,
append,586,2630200,,,,,,
append,587,2637099,,,,,,
append,588,2701000,,,,,,
append,589,2655600,,,,,,
append,590,2810000,,,,,,
append,591,2898300,,,,,,
append,592,2670500,,,,,,
append,593,2566499,,,,,,
append,594,2526100,,,,,,
append,595,2529000,,,,,,
append,596,2572100,,,,,,
append,597,2748700,,,,,,
append,598,2717400,,,,,,
append,599,2519099,,,,,,
append,600,2496400,,,,,,
append,601,2565800,,,,,,
append,602,2641700,,,,,,
append,603,2615500,,,,,,
append,604,2478000,,,,,,
append,605,2490999,,,,,,
append,606,2496300,,,,,,
append,607,5526900,,,,,,
append,608,5725800,,,,,,
append,609,3493899,,,,,,
append,610,2838700,,,,,,
append,611,2753200,,,,,,
append,612,3210100,,,,,,
append,613,2818200,,,,,,
append,614,2812599,,,,,,
append,615,2773100,,,,,,
append,616,2756200,,,,,,
append,617,3178400,,,,,,
append,618,2930800,,,,,,
append,619,2599800,,,,,,
append,620,3086599,,,,,,
append,621,2737400,,,,,,
append,622,2661200,,,,,,
append,623,2889600,,,,,,
append,624,2737300,,,,,,
append,625,2679600,,,,,,
append,626,2635199,,,,,,
append,627,2684400,,,,,,
append,628,2940700,,,,,,
append,629,3094500,,,,,,
append,630,2739100,,,,,,
append,631,2655300,,,,,,
append,632,2581899,,,,,,
append,633,2624200,,,,,,
append,634,2611100,,,,,,
append,635,2920700,,,,,,
append,636,2749700,,,,,,
append,637,2857400,,,,,,
append,638,2716699,,,,,,
append,639,2692100,,,,,,
append,640,2820400,,,,,,
append,641,2878700,,,,,,
append,642,2701500,,,,,,
append,643,2571499,,,,,,
append,644,2551900,,,,,,
append,645,2553700,,,,,,
append,646,2869500,,,,,,
append,647,2840100,,,,,,
append,648,2819600,,,,,,
append,649,2811099,,,,,,
append,650,2596700,,,,,,
append,651,2494300,,,,,,
append,652,2955700,,,,,,
append,653,2756100,,,,,,
append,654,2807300,,,,,,
append,655,2721899,,,,,,
append,656,2629200,,,,,,
append,657,2665800,,,,,,
append,658,2758200,,,,,,
append,659,2710100,,,,,,
append,660,2798400,,,,,,
append,661,2710999,,,,,,
append,662,2638700,,,,,,
append,663,2683100,,,,,,
append,664,2589200,,,,,,
append,665,2773200,,,,,,
append,666,2765100,,,,,,
append,667,2779999,,,,,,
append,668,2723300,,,,,,
append,669,3027200,,,,,,
append,670,2936300,,,,,,
append,671,3335900,,,,,,
append,672,2993599,,,,,,
append,673,2625000,,,,,,
append,674,2691700,,,,,,
append,675,3040200,,,,,,
append,676,2668700,,,,,,
append,677,2585400,,,,,,
append,678,2535199,,,,,,
append,679,2530500,,,,,,
append,680,2658700,,,,,,
append,681,2757300,,,,,,
append,682,2689400,,,,,,
append,683,2699300,,,,,,
append,684,2995299,,,,,,
append,685,2936900,,,,,,
append,686,3376900,,,,,,
append,687,3336500,,,,,,
append,688,2702600,,,,,,
append,689,2759500,,,,,,
append,690,2685499,,,,,,
append,691,2691100,,,,,,
append,692,2884000,,,,,,
append,693,2718700,,,,,,
append,694,2626600,,,,,,
append,695,2773300,,,,,,
append,696,2677199,,,,,,
append,697,2778000,,,,,,
append,698,2644000,,,,,,
append,699,2515900,,,,,,
append,700,2660200,,,,,,
append,701,2568300,,,,,,
append,702,2706799,,,,,,
append,703,2865000,,,,,,
append,704,3028000,,,,,,
append,705,2845100,,,,,,
append,706,2752500,,,,,,
append,707,2752699,,,,,,
append,708,2760300,,,,,,
append,709,2930100,,,,,,
append,710,2841200,,,,,,
append,711,3006900,,,,,,
append,712,3116600,,,,,,
append,713,3083599,,,,,,
append,714,3123500,,,,,,
append,715,3267600,,,,,,
append,716,2923600,,,,,,
append,717,2722300,,,,,,
append,718,2802999,,,,,,
append,719,2704000,,,,,,
append,720,2987900,,,,,,
append,721,2818200,,,,,,
append,722,2679300,,,,,,
append,723,2681600,,,,,,
append,724,2725699,,,,,,
append,725,3017200,,,,,,
append,726,3011800,,,,,,
append,727,3058600,,,,,,
append,728,2751300,,,,,,
append,729,2767400,,,,,,
append,730,2798599,,,,,,
append,731,2978500,,,,,,
append,732,2770800,,,,,,
append,733,2738600,,,,,,
append,734,2819700,,,,,,
append,735,2718099,,,,,,
append,736,2765200,,,,,,
append,737,2862600,,,,,,
append,738,2701700,,,,,,
append,739,2709900,,,,,,
append,740,2663000,,,,,,
append,741,2789299,,,,,,
append,742,2834500,,,,,,
append,743,2730500,,,,,,
append,744,2782000,,,,,,
append,745,2954900,,,,,,
append,746,2718000,,,,,,
append,747,2698199,,,,,,
append,748,2882700,,,,,,
append,749,2753500,,,,,,
append,750,2720600,,,,,,
append,751,2713300,,,,,,
append,752,2772900,,,,,,
append,753,2721499,,,,,,
append,754,3093300,,,,,,
append,755,2906000,,,,,,
append,756,2819700,,,,,,
append,757,2676500,,,,,,
append,758,2629799,,,,,,
append,759,2760800,,,,,,
append,760,2789700,,,,,,
append,761,2664300,,,,,,
append,762,2760500,,,,,,
append,763,2843100,,,,,,
append,764,2674999,,,,,,
append,765,2800400,,,,,,
append,766,2951100,,,,,,
append,767,2816900,,,,,,
append,768,2700400,,,,,,
append,769,2734200,,,,,,
append,770,2734199,,,,,,
append,771,3035200,,,,,,
append,772,2951400,,,,,,
append,773,2882500,,,,,,
append,774,3244800,,,,,,
append,775,4697999,,,,,,
append,776,3549700,,,,,,
append,777,3573100,,,,,,
append,778,3102100,,,,,,
append,779,3224100,,,,,,
append,780,3583899,,,,,,
append,781,3099000,,,,,,
append,782,3135400,,,,,,
append,783,3108500,,,,,,
append,784,3037000,,,,,,
append,785,3681599,,,,,,
append,786,3484400,,,,,,
append,787,3590400,,,,,,
append,788,3140500,,,,,,
append,789,3035700,,,,,,
append,790,2995099,,,,,,
append,791,2774600,,,,,,
append,792,2761100,,,,,,
append,793,3096200,,,,,,
append,794,3117500,,,,,,
append,795,3346499,,,,,,
append,796,3151600,,,,,,
append,797,3141700,,,,,,
append,798,3278200,,,,,,
append,799,3317600,,,,,,
append,800,4171899,,,,,,
append,801,2843200,,,,,,
append,802,2824500,,,,,,
append,803,3312400,,,,,,
append,804,3173300,,,,,,
append,805,2969899,,,,,,
append,806,2731000,,,,,,
append,807,2690700,,,,,,
append,808,2828800,,,,,,
append,809,2735900,,,,,,
append,810,2798100,,,,,,
append,811,2708899,,,,,,
append,812,2856900,,,,,,
append,813,2667100,,,,,,
append,814,2784900,,,,,,
append,815,2755100,,,,,,
append,816,3077499,,,,,,
append,817,3394400,,,,,,
append,818,2931600,,,,,,
append,819,3229500,,,,,,
append,820,3452700,,,,,,
append,821,3053099,,,,,,
append,822,2960800,,,,,,
append,823,2870400,,,,,,
append,824,2911700,,,,,,
append,825,3030200,,,,,,
append,826,3351100,,,,,,
append,827,3061699,,,,,,
append,828,2879000,,,,,,
append,829,2894200,,,,,,
append,830,2766700,,,,,,
append,831,3387100,,,,,,
append,832,3454599,,,,,,
append,833,3013900,,,,,,
append,834,2909900,,,,,,
append,835,2819800,,,,,,
append,836,2797800,,,,,,
append,837,2774199,,,,,,
append,838,2737500,,,,,,
append,839,2808100,,,,,,
append,840,2752000,,,,,,
append,841,2801100,,,,,,
append,842,3325800,,,,,,
append,843,3560399,,,,,,
append,844,3285800,,,,,,
append,845,2935400,,,,,,
append,846,2972600,,,,,,
append,847,3701700,,,,,,
append,848,3005799,,,,,,
append,849,3042000,,,,,,
append,850,3174000,,,,,,
append,851,4965400,,,,,,
append,852,3193899,,,,,,
append,853,3247100,,,,,,
append,854,3035100,,,,,,
append,855,2825100,,,,,,
append,856,2978600,,,,,,
append,857,3287300,,,,,,
append,858,3030999,,,,,,
append,859,3045200,,,,,,
append,860,2998500,,,,,,
append,861,3174900,,,,,,
append,862,3299500,,,,,,
append,863,3047999,,,,,,
append,864,2978600,,,,,,
append,865,2809300,,,,,,
append,866,2905400,,,,,,
append,867,3212700,,,,,,
append,868,3138599,,,,,,
append,869,3166400,,,,,,
append,870,3434900,,,,,,
append,871,3050000,,,,,,
append,872,2919700,,,,,,
append,873,2838899,,,,,,
append,874,2874800,,,,,,
append,875,2893600,,,,,,
append,876,2918300,,,,,,
append,877,3014100,,,,,,
append,878,2998500,,,,,,
append,879,2974799,,,,,,
append,880,2879000,,,,,,
append,881,2815300,,,,,,
append,882,2950900,,,,,,
append,883,2801000,,,,,,
append,884,2754300,,,,,,
append,885,2801499,,,,,,
append,886,3013500,,,,,,
append,887,2813900,,,,,,
append,888,2919900,,,,,,
append,889,2887400,,,,,,
append,890,2784299,,,,,,
append,891,2903600,,,,,,
append,892,2783300,,,,,,
append,893,3011900,,,,,,
append,894,3076000,,,,,,
append,895,2860100,,,,,,
append,896,2761899,,,,,,
append,897,2954900,,,,,,
append,898,2822700,,,,,,
append,899,2799800,,,,,,
append,900,2752300,,,,,,
append,901,2876099,,,,,,
append,902,2877800,,,,,,
append,903,2891000,,,,,,
append,904,2885900,,,,,,
append,905,3319000,,,,,,
append,906,3172700,,,,,,
append,907,2850499,,,,,,
append,908,2910500,,,,,,
append,909,2814600,,,,,,
append,910,3086300,,,,,,
append,911,2916100,,,,,,
append,912,2806199,,,,,,
append,913,2769200,,,,,,
append,914,2949900,,,,,,
append,915,3112000,,,,,,
append,916,2944700,,,,,,
append,917,2939000,,,,,,
append,918,2892199,,,,,,
append,919,2806100,,,,,,
append,920,2846800,,,,,,
append,921,4042500,,,,,,
append,922,2780900,,,,,,
append,923,2622899,,,,,,
append,924,2616600,,,,,,
append,925,2697800,,,,,,
append,926,2810800,,,,,,
append,927,2797500,,,,,,
append,928,2643500,,,,,,
append,929,2626499,,,,,,
append,930,2814800,,,,,,
append,931,2866300,,,,,,
append,932,2877100,,,,,,
append,933,2727700,,,,,,
append,934,2757900,,,,,,
append,935,2698099,,,,,,
append,936,2701900,,,,,,
append,937,3108300,,,,,,
append,938,2739400,,,,,,
append,939,2777100,,,,,,
append,940,2734500,,,,,,
append,941,2770299,,,,,,
append,942,2679300,,,,,,
append,943,2992200,,,,,,
append,944,2748400,,,,,,
append,945,3013700,,,,,,
append,946,2819599,,,,,,
append,947,2762000,,,,,,
append,948,2644700,,,,,,
append,949,2930800,,,,,,
append,950,2947400,,,,,,
append,951,2703000,,,,,,
append,952,2520899,,,,,,
append,953,2544400,,,,,,
append,954,2850200,,,,,,
append,955,3371200,,,,,,
append,956,3938100,,,,,,
append,957,3318499,,,,,,
append,958,3144300,,,,,,
append,959,3061000,,,,,,
append,960,2920500,,,,,,
append,961,2758000,,,,,,
append,962,2716000,,,,,,
append,963,2766299,,,,,,
append,964,2743500,,,,,,
append,965,2882000,,,,,,
append,966,2773900,,,,,,
append,967,2672200,,,,,,
append,968,2705999,,,,,,
append,969,2833300,,,,,,
append,970,2708200,,,,,,
append,971,2886600,,,,,,
append,972,2908400,,,,,,
append,973,2683000,,,,,,
append,974,2682199,,,,,,
append,975,2654600,,,,,,
append,976,2918500,,,,,,
append,977,2867600,,,,,,
append,978,2768500,,,,,,
append,979,2839600,,,,,,
append,980,2798699,,,,,,
append,981,2666300,,,,,,
append,982,2830100,,,,,,
append,983,2895000,,,,,,
append,984,2929000,,,,,,
append,985,2766700,,,,,,
append,986,2762499,,,,,,
append,987,2826100,,,,,,
append,988,3223300,,,,,,
append,989,2934400,,,,,,
append,990,2877400,,,,,,
append,991,2843199,,,,,,
append,992,2789900,,,,,,
append,993,2964100,,,,,,
append,994,2937100,,,,,,
append,995,2901900,,,,,,
append,996,3244000,,,,,,
append,997,2894999,,,,,,
append,998,2777200,,,,,,
append,999,2876500,,,,,,
append,1000,2583000,,,,,,
append,1001,2547900,,,,,,
append,1002,2533400,,,,,,
append,1003,2514599,,,,,,
append,1004,2520600,,,,,,
append,1005,2597600,,,,,,
append,1006,2466900,,,,,,
append,1007,2465100,,,,,,
append,1008,2557500,,,,,,
append,1009,2527599,,,,,,
append,1010,2515900,,,,,,
append,1011,2605000,,,,,,
append,1012,2703700,,,,,,
append,1013,2517700,,,,,,
append,1014,2734800,,,,,,
append,1015,2853899,,,,,,
append,1016,2866900,,,,,,
append,1017,3075900,,,,,,
append,1018,3322800,,,,,,
append,1019,2750800,,,,,,
append,1020,3168299,,,,,,
append,1021,3087100,,,,,,
append,1022,3221400,,,,,,
append,1023,3407700,,,,,,
append,1024,2976400,,,,,,
append,1025,2866400,,,,,,
append,1026,3143799,,,,,,
append,1027,3054400,,,,,,
append,1028,2962900,,,,,,
append,1029,3155400,,,,,,
append,1030,3248200,,,,,,
append,1031,3115699,,,,,,
append,1032,3090900,,,,,,
append,1033,2843700,,,,,,
append,1034,2792800,,,,,,
append,1035,2836400,,,,,,
append,1036,3035499,,,,,,
append,1037,3013000,,,,,,
append,1038,3096100,,,,,,
append,1039,3104800,,,,,,
append,1040,2949500,,,,,,
append,1041,2973600,,,,,,
append,1042,3075999,,,,,,
append,1043,2956400,,,,,,
append,1044,4156100,,,,,,
append,1045,2912600,,,,,,
append,1046,2780900,,,,,,
append,1047,3158799,,,,,,
append,1048,3051500,,,,,,
append,1049,3185000,,,,,,
append,1050,3035000,,,,,,
append,1051,2809400,,,,,,
append,1052,2941199,,,,,,
append,1053,3155600,,,,,,
append,1054,2833900,,,,,,
append,1055,2857000,,,,,,
append,1056,2888400,,,,,,
append,1057,2847899,,,,,,
append,1058,2979800,,,,,,
append,1059,3306100,,,,,,
append,1060,2910400,,,,,,
append,1061,2796800,,,,,,
append,1062,2766500,,,,,,
append,1063,2780699,,,,,,
append,1064,3088900,,,,,,
append,1065,3172700,,,,,,
append,1066,2788500,,,,,,
append,1067,2778900,,,,,,
append,1068,2786499,,,,,,
append,1069,2981500,,,,,,
append,1070,2794900,,,,,,
append,1071,2752200,,,,,,
append,1072,2733100,,,,,,
append,1073,2719900,,,,,,
append,1074,2710299,,,,,,
append,1075,3359100,,,,,,
append,1076,2873800,,,,,,
append,1077,2720600,,,,,,
append,1078,2837100,,,,,,
append,1079,2740700,,,,,,
append,1080,3004199,,,,,,
append,1081,3170400,,,,,,
append,1082,2988500,,,,,,
append,1083,2699500,,,,,,
append,1084,2685200,,,,,,
append,1085,2746999,,,,,,
append,1086,2895600,,,,,,
append,1087,2986700,,,,,,
append,1088,2866600,,,,,,
append,1089,2692700,,,,,,
append,1090,2659700,,,,,,
append,1091,2765099,,,,,,
append,1092,2717200,,,,,,
append,1093,2736300,,,,,,
append,1094,2792200,,,,,,
append,1095,3184300,,,,,,
append,1096,2982000,,,,,,
append,1097,3439299,,,,,,
append,1098,2819500,,,,,,
append,1099,2833100,,,,,,
append,1100,2906300,,,,,,
append,1101,2998900,,,,,,
append,1102,3188099,,,,,,
append,1103,3113400,,,,,,
append,1104,2827000,,,,,,
append,1105,2862000,,,,,,
append,1106,2893900,,,,,,
append,1107,2889799,,,,,,
append,1108,3142700,,,,,,
append,1109,2838500,,,,,,
append,1110,2839200,,,,,,
append,1111,2825100,,,,,,
append,1112,2786700,,,,,,
append,1113,3133299,,,,,,
append,1114,3078100,,,,,,
append,1115,2754200,,,,,,
append,1116,2815700,,,,,,
append,1117,2711000,,,,,,
append,1118,2701300,,,,,,
append,1119,2793299,,,,,,
append,1120,2792400,,,,,,
append,1121,2737900,,,,,,
append,1122,2968800,,,,,,
append,1123,2757700,,,,,,
append,1124,3167299,,,,,,
append,1125,3086000,,,,,,
append,1126,2566500,,,,,,
append,1127,2530700,,,,,,
append,1128,2713400,,,,,,
append,1129,2888300,,,,,,
append,1130,2856999,,,,,,
append,1131,3033400,,,,,,
append,1132,2790000,,,,,,
append,1133,2714300,,,,,,
append,1134,2995200,,,,,,
append,1135,3053600,,,,,,
append,1136,3094599,,,,,,
append,1137,2781400,,,,,,
append,1138,2745600,,,,,,
append,1139,2786800,,,,,,
append,1140,2808800,,,,,,
append,1141,2837799,,,,,,
append,1142,2841900,,,,,,
append,1143,2802200,,,,,,
append,1144,2710800,,,,,,
append,1145,2747500,,,,,,
append,1146,2912300,,,,,,
append,1147,2911799,,,,,,
append,1148,2862300,,,,,,
append,1149,2749000,,,,,,
append,1150,2694900,,,,,,
append,1151,2803700,,,,,,
append,1152,3011400,,,,,,
append,1153,2812899,,,,,,
append,1154,2689200,,,,,,
append,1155,2674500,,,,,,
append,1156,2669500,,,,,,
append,1157,2972100,,,,,,
append,1158,2855199,,,,,,
append,1159,2741500,,,,,,
append,1160,2688900,,,,,,
append,1161,2679700,,,,,,
append,1162,2666700,,,,,,
append,1163,3191800,,,,,,
append,1164,2723699,,,,,,
append,1165,2780100,,,,,,
append,1166,2758100,,,,,,
append,1167,2684900,,,,,,
append,1168,2716200,,,,,,
append,1169,2716300,,,,,,
append,1170,2929799,,,,,,
append,1171,2940100,,,,,,
append,1172,2803000,,,,,,
append,1173,2711600,,,,,,
append,1174,2834300,,,,,,
append,1175,2782400,,,,,,
append,1176,3142999,,,,,,
append,1177,2686600,,,,,,
append,1178,2768400,,,,,,
append,1179,2704200,,,,,,
append,1180,2662600,,,,,,
append,1181,2727800,,,,,,
append,1182,2674799,,,,,,
append,1183,2678600,,,,,,
append,1184,2674900,,,,,,
append,1185,2709000,,,,,,
append,1186,2743200,,,,,,
append,1187,2997499,,,,,,
append,1188,4195600,,,,,,
append,1189,2893300,,,,,,
append,1190,2685600,,,,,,
append,1191,2737000,,,,,,
append,1192,2774000,,,,,,
append,1193,2800199,,,,,,
append,1194,2695600,,,,,,
append,1195,2666300,,,,,,
append,1196,2709900,,,,,,
append,1197,2991400,,,,,,
append,1198,2803799,,,,,,
append,1199,2802100,,,,,,
append,1200,2742900,,,,,,
append,1201,2697600,,,,,,
append,1202,2878400,,,,,,
append,1203,2843100,,,,,,
append,1204,2906299,,,,,,
append,1205,3246000,,,,,,
append,1206,2964500,,,,,,
append,1207,3048400,,,,,,
append,1208,3225500,,,,,,
append,1209,2789299,,,,,,
append,1210,2929100,,,,,,
append,1211,2857200,,,,,,
append,1212,2679000,,,,,,
append,1213,3012100,,,,,,
append,1214,2935300,,,,,,
append,1215,2755899,,,,,,
append,1216,2752100,,,,,,
append,1217,2990800,,,,,,
append,1218,2866800,,,,,,
append,1219,3042400,,,,,,
append,1220,2787700,,,,,,
append,1221,2825099,,,,,,
append,1222,2818100,,,,,,
append,1223,2682100,,,,,,
append,1224,2848000,,,,,,
append,1225,2698400,,,,,,
append,1226,2643100,,,,,,
append,1227,2635899,,,,,,
append,1228,2912100,,,,,,
append,1229,2726700,,,,,,
append,1230,2767300,,,,,,
append,1231,2724400,,,,,,
append,1232,2768499,,,,,,
append,1233,2626700,,,,,,
append,1234,2666400,,,,,,
append,1235,2611500,,,,,,
append,1236,2847700,,,,,,
append,1237,2656700,,,,,,
append,1238,2638499,,,,,,
append,1239,2691100,,,,,,
append,1240,2724900,,,,,,
append,1241,2756700,,,,,,
append,1242,2802600,,,,,,
append,1243,2841900,,,,,,
append,1244,2694599,,,,,,
append,1245,2801800,,,,,,
append,1246,3091600,,,,,,
append,1247,3315300,,,,,,
append,1248,3021400,,,,,,
append,1249,2688900,,,,,,
append,1250,2675099,,,,,,
append,1251,2702100,,,,,,
append,1252,3025300,,,,,,
append,1253,2687700,,,,,,
append,1254,2630500,,,,,,
append,1255,2839199,,,,,,
append,1256,2685400,,,,,,
append,1257,2653400,,,,,,
append,1258,2742500,,,,,,
append,1259,2675500,,,,,,
append,1260,2665100,,,,,,
append,1261,2645199,,,,,,
append,1262,2656800,,,,,,
append,1263,2649300,,,,,,
append,1264,3005600,,,,,,
append,1265,2718500,,,,,,
append,1266,2710500,,,,,,
append,1267,2684099,,,,,,
append,1268,2668200,,,,,,
append,1269,2725000,,,,,,
append,1270,2826500,,,,,,
append,1271,2666400,,,,,,
append,1272,2696800,,,,,,
append,1273,2681499,,,,,,
append,1274,2730800,,,,,,
append,1275,2778300,,,,,,
append,1276,3341200,,,,,,
append,1277,2944500,,,,,,
append,1278,2718200,,,,,,
append,1279,2744699,,,,,,
append,1280,2696100,,,,,,
append,1281,2808300,,,,,,
append,1282,2796700,,,,,,
append,1283,2699800,,,,,,
append,1284,2631900,,,,,,
append,1285,2678799,,,,,,
append,1286,2654700,,,,,,
append,1287,2768600,,,,,,
append,1288,2827100,,,,,,
append,1289,2790600,,,,,,
append,1290,2735500,,,,,,
append,1291,2804799,,,,,,
append,1292,2922000,,,,,,
append,1293,3315700,,,,,,
append,1294,3067100,,,,,,
append,1295,2671600,,,,,,
append,1296,6964699,,,,,,
append,1297,2817200,,,,,,
append,1298,2709900,,,,,,
append,1299,2890900,,,,,,
append,1300,2711799,,,,,,
append,1301,2768000,,,,,,
append,1302,3143500,,,,,,
append,1303,3092600,,,,,,
append,1304,2925600,,,,,,
append,1305,3284400,,,,,,
append,1306,2836499,,,,,,
append,1307,3722900,,,,,,
append,1308,3420000,,,,,,
append,1309,3626400,,,,,,
append,1310,3126499,,,,,,
append,1311,2759500,,,,,,
append,1312,2742000,,,,,,
append,1313,2718900,,,,,,
append,1314,2736100,,,,,,
append,1315,2740300,,,,,,
append,1316,2823099,,,,,,
append,1317,2870200,,,,,,
append,1318,2760700,,,,,,
append,1319,2749300,,,,,,
append,1320,2681300,,,,,,
append,1321,2856100,,,,,,
append,1322,3182399,,,,,,
append,1323,3544900,,,,,,
append,1324,3192200,,,,,,
append,1325,2885800,,,,,,
append,1326,2985900,,,,,,
append,1327,3357299,,,,,,
append,1328,3134200,,,,,,
append,1329,3059000,,,,,,
append,1330,2770000,,,,,,
append,1331,2705600,,,,,,
append,1332,3004500,,,,,,
append,1333,2906699,,,,,,
append,1334,2739900,,,,,,
append,1335,2814400,,,,,,
append,1336,2768400,,,,,,
append,1337,2662300,,,,,,
append,1338,2733199,,,,,,
append,1339,2985600,,,,,,
append,1340,2829400,,,,,,
append,1341,2757500,,,,,,
append,1342,2744500,,,,,,
append,1343,2801700,,,,,,
append,1344,2799099,,,,,,
append,1345,2924300,,,,,,
append,1346,2774100,,,,,,
append,1347,2720000,,,,,,
append,1348,2758000,,,,,,
append,1349,2732100,,,,,,
append,1350,2847799,,,,,,
append,1351,3108900,,,,,,
append,1352,3004100,,,,,,
append,1353,2681500,,,,,,
append,1354,2710800,,,,,,
append,1355,2821199,,,,,,
append,1356,8056300,,,,,,
append,1357,2804300,,,,,,
append,1358,2677300,,,,,,
append,1359,3157599,,,,,,
append,1360,3356800,,,,,,
append,1361,3069500,,,,,,
append,1362,2913400,,,,,,
append,1363,2968800,,,,,,
append,1364,2978599,,,,,,
append,1365,3278000,,,,,,
append,1366,3007500,,,,,,
append,1367,2950600,,,,,,
append,1368,2923000,,,,,,
append,1369,2897700,,,,,,
append,1370,3132399,,,,,,
append,1371,2997900,,,,,,
append,1372,2973200,,,,,,
append,1373,3057000,,,,,,
append,1374,2924000,,,,,,
append,1375,3043899,,,,,,
append,1376,3070300,,,,,,
append,1377,2988800,,,,,,
append,1378,2986000,,,,,,
append,1379,3003100,,,,,,
append,1380,2838000,,,,,,
append,1381,3104899,,,,,,
append,1382,2803700,,,,,,
append,1383,2683300,,,,,,
append,1384,2805500,,,,,,
append,1385,2731900,,,,,,
append,1386,3133399,,,,,,
append,1387,2828700,,,,,,
append,1388,2960200,,,,,,
append,1389,3068300,,,,,,
append,1390,2656600,,,,,,
append,1391,2836300,,,,,,
append,1392,3214599,,,,,,
append,1393,2935700,,,,,,
append,1394,3091000,,,,,,
append,1395,3077000,,,,,,
append,1396,2832200,,,,,,
append,1397,2994399,,,,,,
append,1398,2765700,,,,,,
append,1399,2843100,,,,,,
append,1400,2956400,,,,,,
append,1401,2725700,,,,,,
append,1402,2946000,,,,,,
append,1403,2734099,,,,,,
append,1404,2757600,,,,,,
append,1405,2833900,,,,,,
append,1406,2779300,,,,,,
append,1407,2687200,,,,,,
append,1408,3058599,,,,,,
append,1409,2930200,,,,,,
append,1410,2787600,,,,,,
append,1411,3032600,,,,,,
append,1412,2881700,,,,,,
append,1413,3191300,,,,,,
append,1414,2939899,,,,,,
append,1415,2709200,,,,,,
append,1416,2727600,,,,,,
append,1417,2791400,,,,,,
append,1418,2717600,,,,,,
append,1419,2839600,,,,,,
append,1420,2658299,,,,,,
append,1421,2632900,,,,,,
append,1422,2770400,,,,,,
append,1423,2718700,,,,,,
append,1424,2644100,,,,,,
append,1425,2725100,,,,,,
append,1426,2891799,,,,,,
append,1427,2721100,,,,,,
append,1428,2761600,,,,,,
append,1429,2732200,,,,,,
append,1430,2905600,,,,,,
append,1431,2853799,,,,,,
append,1432,2738800,,,,,,
append,1433,2663700,,,,,,
append,1434,2635000,,,,,,
append,1435,2646900,,,,,,
append,1436,2699800,,,,,,
append,1437,2642799,,,,,,
append,1438,2564400,,,,,,
append,1439,2482900,,,,,,
append,1440,2542500,,,,,,
append,1441,2679300,,,,,,
append,1442,2595500,,,,,,
append,1443,2694000,,,,,,
append,1444,2630799,,,,,,
append,1445,2582700,,,,,,
append,1446,2527800,,,,,,
append,1447,2543500,,,,,,
append,1448,2542700,,,,,,
append,1449,2674000,,,,,,
append,1450,2577699,,,,,,
append,1451,2496900,,,,,,
append,1452,2567000,,,,,,
append,1453,2639000,,,,,,
append,1454,2555300,,,,,,
append,1455,2632500,,,,,,
append,1456,2522199,,,,,,
append,1457,2520700,,,,,,
append,1458,2526200,,,,,,
append,1459,2512200,,,,,,
append,1460,2563600,,,,,,
append,1461,2561400,,,,,,
append,1462,2477999,,,,,,
append,1463,2593400,,,,,,
append,1464,2586000,,,,,,
append,1465,2527800,,,,,,
append,1466,2495300,,,,,,
append,1467,2675500,,,,,,
append,1468,2604700,,,,,,
append,1469,2721099,,,,,,
append,1470,2706800,,,,,,
append,1471,2700400,,,,,,
append,1472,2722300,,,,,,
append,1473,3362500,,,,,,
append,1474,3683699,,,,,,
append,1475,3799800,,,,,,
append,1476,3031500,,,,,,
append,1477,2964700,,,,,,
append,1478,3096500,,,,,,
append,1479,3003199,,,,,,
append,1480,2915600,,,,,,
append,1481,2759100,,,,,,
append,1482,2925400,,,,,,
append,1483,3338700,,,,,,
append,1484,3138999,,,,,,
append,1485,2976200,,,,,,
append,1486,2996300,,,,,,
append,1487,2927300,,,,,,
append,1488,2962000,,,,,,
append,1489,2964200,,,,,,
append,1490,2867799,,,,,,
append,1491,3020400,,,,,,
append,1492,2974100,,,,,,
append,1493,2965500,,,,,,
append,1494,3128600,,,,,,
append,1495,3143699,,,,,,
append,1496,2922200,,,,,,
append,1497,2928800,,,,,,
append,1498,3184300,,,,,,
append,1499,3523100,,,,,,
append,1500,3162099,,,,,,
append,1501,2897900,,,,,,
append,1502,2719400,,,,,,
append,1503,2761100,,,,,,
append,1504,3087000,,,,,,
append,1505,3092800,,,,,,
append,1506,2891899,,,,,,
append,1507,2930800,,,,,,
append,1508,2924700,,,,,,
append,1509,2994800,,,,,,
append,1510,3222000,,,,,,
append,1511,2946799,,,,,,
append,1512,2816300,,,,,,
append,1513,3300600,,,,,,
append,1514,2922600,,,,,,
append,1515,2830100,,,,,,
append,1516,2807900,,,,,,
append,1517,2823699,,,,,,
append,1518,2769100,,,,,,
append,1519,2753900,,,,,,
append,1520,2843100,,,,,,
append,1521,3137200,,,,,,
append,1522,2972799,,,,,,
append,1523,3049600,,,,,,
append,1524,2841700,,,,,,
append,1525,2777800,,,,,,
append,1526,2775900,,,,,,
append,1527,2718100,,,,,,
append,1528,2717499,,,,,,
append,1529,2845700,,,,,,
append,1530,2931100,,,,,,
append,1531,2763200,,,,,,
append,1532,2903700,,,,,,
append,1533,2798000,,,,,,
append,1534,2887199,,,,,,
append,1535,3154400,,,,,,
append,1536,3101600,,,,,,
append,1537,3257000,,,,,,
append,1538,2864600,,,,,,
append,1539,2776999,,,,,,
append,1540,2955600,,,,,,
append,1541,2805400,,,,,,
append,1542,2758100,,,,,,
append,1543,3252600,,,,,,
append,1544,2814999,,,,,,
append,1545,2720500,,,,,,
append,1546,2983400,,,,,,
append,1547,3195700,,,,,,
append,1548,3020700,,,,,,
append,1549,2710100,,,,,,
append,1550,2783799,,,,,,
append,1551,2899200,,,,,,
append,1552,2848400,,,,,,
append,1553,2758400,,,,,,
append,1554,3076000,,,,,,
append,1555,2821800,,,,,,
append,1556,2686299,,,,,,
append,1557,2773200,,,,,,
append,1558,2794900,,,,,,
append,1559,2869000,,,,,,
append,1560,2976600,,,,,,
append,1561,2740199,,,,,,
append,1562,2643000,,,,,,
append,1563,2839200,,,,,,
append,1564,2867800,,,,,,
append,1565,3020800,,,,,,
append,1566,2690900,,,,,,
append,1567,2719599,,,,,,
append,1568,2683700,,,,,,
append,1569,2944400,,,,,,
append,1570,3048300,,,,,,
append,1571,3027400,,,,,,
append,1572,2712000,,,,,,
append,1573,2656299,,,,,,
append,1574,2650100,,,,,,
append,1575,2729500,,,,,,
append,1576,2822200,,,,,,
append,1577,2746700,,,,,,
append,1578,2725300,,,,,,
append,1579,2677499,,,,,,
append,1580,2720300,,,,,,
append,1581,2817800,,,,,,
append,1582,2725100,,,,,,
append,1583,2686500,,,,,,
append,1584,2658900,,,,,,
append,1585,2645499,,,,,,
append,1586,2664900,,,,,,
append,1587,2718400,,,,,,
append,1588,2823700,,,,,,
append,1589,2807900,,,,,,
append,1590,2739699,,,,,,
append,1591,2758200,,,,,,
append,1592,2705000,,,,,,
append,1593,2852800,,,,,,
append,1594,3105500,,,,,,
append,1595,2757700,,,,,,
append,1596,2675799,,,,,,
append,1597,2663000,,,,,,
append,1598,2675500,,,,,,
append,1599,2824900,,,,,,
append,1600,2869800,,,,,,
append,1601,2679500,,,,,,
append,1602,2665199,,,,,,
append,1603,2676300,,,,,,
append,1604,2719300,,,,,,
append,1605,2906500,,,,,,
append,1606,2991100,,,,,,
append,1607,2754300,,,,,,
append,1608,2771299,,,,,,
append,1609,2836500,,,,,,
append,1610,3120900,,,,,,
append,1611,3294900,,,,,,
append,1612,3031700,,,,,,
append,1613,2774499,,,,,,
append,1614,2689100,,,,,,
append,1615,2667400,,,,,,
append,1616,2662200,,,,,,
append,1617,2856400,,,,,,
append,1618,2718100,,,,,,
append,1619,2655999,,,,,,
append,1620,2677600,,,,,,
append,1621,2656400,,,,,,
append,1622,2996600,,,,,,
append,1623,3361600,,,,,,
append,1624,3165100,,,,,,
append,1625,3017499,,,,,,
append,1626,2795500,,,,,,
append,1627,2866700,,,,,,
append,1628,3022400,,,,,,
append,1629,2978500,,,,,,
append,1630,3030999,,,,,,
append,1631,2968900,,,,,,
append,1632,3096000,,,,,,
append,1633,3596900,,,,,,
append,1634,3086000,,,,,,
append,1635,2983599,,,,,,
append,1636,2940000,,,,,,
append,1637,3040400,,,,,,
append,1638,2863900,,,,,,
append,1639,2826700,,,,,,
append,1640,2848800,,,,,,
append,1641,2838899,,,,,,
append,1642,2811700,,,,,,
append,1643,3172000,,,,,,
append,1644,2888700,,,,,,
append,1645,2906000,,,,,,
append,1646,2770899,,,,,,
append,1647,2808100,,,,,,
append,1648,2812000,,,,,,
append,1649,2925000,,,,,,
append,1650,3000500,,,,,,
append,1651,3151500,,,,,,
append,1652,3250399,,,,,,
append,1653,2937500,,,,,,
append,1654,3342800,,,,,,
append,1655,2950000,,,,,,
append,1656,2916400,,,,,,
append,1657,2854199,,,,,,
append,1658,2826300,,,,,,
append,1659,2918800,,,,,,
append,1660,3022000,,,,,,
append,1661,3473200,,,,,,
append,1662,2910899,,,,,,
append,1663,2944900,,,,,,
append,1664,3188200,,,,,,
append,1665,3348800,,,,,,
append,1666,2877800,,,,,,
append,1667,2770800,,,,,,
append,1668,2741799,,,,,,
append,1669,2687300,,,,,,
append,1670,2921100,,,,,,
append,1671,2636300,,,,,,
append,1672,2538800,,,,,,
append,1673,2587700,,,,,,
append,1674,2674499,,,,,,
append,1675,2700000,,,,,,
append,1676,2606900,,,,,,
append,1677,2567200,,,,,,
append,1678,2554200,,,,,,
append,1679,2557500,,,,,,
append,1680,2733599,,,,,,
append,1681,2653000,,,,,,
append,1682,2621600,,,,,,
append,1683,2600100,,,,,,
append,1684,2532400,,,,,,
append,1685,2541100,,,,,,
append,1686,2655899,,,,,,
append,1687,2545400,,,,,,
append,1688,2590700,,,,,,
append,1689,2569000,,,,,,
append,1690,2659000,,,,,,
append,1691,2562000,,,,,,
append,1692,2532799,,,,,,
append,1693,2597600,,,,,,
append,1694,2733100,,,,,,
append,1695,2593800,,,,,,
append,1696,2579300,,,,,,
append,1697,2592200,,,,,,
append,1698,2538599,,,,,,
append,1699,2653300,,,,,,
append,1700,2947100,,,,,,
append,1701,3056900,,,,,,
append,1702,2744300,,,,,,
append,1703,2667300,,,,,,
append,1704,2562699,,,,,,
append,1705,2777200,,,,,,
append,1706,2692400,,,,,,
append,1707,2497000,,,,,,
append,1708,2529000,,,,,,
append,1709,2546600,,,,,,
append,1710,2489699,,,,,,
append,1711,2591600,,,,,,
append,1712,3065000,,,,,,
append,1713,3159300,,,,,,
append,1714,2990500,,,,,,
append,1715,2792800,,,,,,
append,1716,2748499,,,,,,
append,1717,2736900,,,,,,
append,1718,2850700,,,,,,
append,1719,2682500,,,,,,
append,1720,2569400,,,,,,
append,1721,2513700,,,,,,
append,1722,2525099,,,,,,
append,1723,2595600,,,,,,
append,1724,2908800,,,,,,
append,1725,3134900,,,,,,
append,1726,3096100,,,,,,
append,1727,2879599,,,,,,
append,1728,2861500,,,,,,
append,1729,3238400,,,,,,
append,1730,2946200,,,,,,
append,1731,3151300,,,,,,
append,1732,3216300,,,,,,
append,1733,2744299,,,,,,
append,1734,2833400,,,,,,
append,1735,2668700,,,,,,
append,1736,2636600,,,,,,
append,1737,2644000,,,,,,
append,1738,2626000,,,,,,
append,1739,2608599,,,,,,
append,1740,2701700,,,,,,
append,1741,2889800,,,,,,
append,1742,2782100,,,,,,
append,1743,2700700,,,,,,
append,1744,2736300,,,,,,
append,1745,2707999,,,,,,
append,1746,3171900,,,,,,
append,1747,2967500,,,,,,
append,1748,2897800,,,,,,
append,1749,2907900,,,,,,
append,1750,3091599,,,,,,
append,1751,3278800,,,,,,
append,1752,3015700,,,,,,
append,1753,2959400,,,,,,
append,1754,3347500,,,,,,
append,1755,3028199,,,,,,
append,1756,3075900,,,,,,
append,1757,3002700,,,,,,
append,1758,3133600,,,,,,
append,1759,3179600,,,,,,
append,1760,3120499,,,,,,
append,1761,3328200,,,,,,
append,1762,3218500,,,,,,
append,1763,3212400,,,,,,
append,1764,3012100,,,,,,
append,1765,2923599,,,,,,
append,1766,3256000,,,,,,
append,1767,2981500,,,,,,
append,1768,3021500,,,,,,
append,1769,2977000,,,,,,
append,1770,3045400,,,,,,
append,1771,6244799,,,,,,
append,1772,3333300,,,,,,
append,1773,2854100,,,,,,
append,1774,3294300,,,,,,
append,1775,3364999,,,,,,
append,1776,3174300,,,,,,
append,1777,2678500,,,,,,
append,1778,2740800,,,,,,
append,1779,2657900,,,,,,
append,1780,2729499,,,,,,
append,1781,2585400,,,,,,
append,1782,2581400,,,,,,
append,1783,2630200,,,,,,
append,1784,2590100,,,,,,
append,1785,2599500,,,,,,
append,1786,2563700,,,,,,
append,1787,2849699,,,,,,
append,1788,2872800,,,,,,
append,1789,2758000,,,,,,
append,1790,2808900,,,,,,
append,1791,2750000,,,,,,
append,1792,2892499,,,,,,
append,1793,3144000,,,,,,
append,1794,2844000,,,,,,
append,1795,2726500,,,,,,
append,1796,2672500,,,,,,
append,1797,2722600,,,,,,
append,1798,2863399,,,,,,
append,1799,2973000,,,,,,
append,1800,2727800,,,,,,
append,1801,2649500,,,,,,
append,1802,2713400,,,,,,
append,1803,3080600,,,,,,
append,1804,3005699,,,,,,
append,1805,2703900,,,,,,
append,1806,2647100,,,,,,
append,1807,2631600,,,,,,
append,1808,2662500,,,,,,
append,1809,2807600,,,,,,
append,1810,2801799,,,,,,
append,1811,2616700,,,,,,
append,1812,2556500,,,,,,
append,1813,2565200,,,,,,
append,1814,2612700,,,,,,
append,1815,2774600,,,,,,
append,1816,2734899,,,,,,
append,1817,2729800,,,,,,
append,1818,2638000,,,,,,
append,1819,2647500,,,,,,
append,1820,2673300,,,,,,
append,1821,2953100,,,,,,
append,1822,2739999,,,,,,
append,1823,2672800,,,,,,
append,1824,2667700,,,,,,
append,1825,2918600,,,,,,
append,1826,3138200,,,,,,
append,1827,2981599,,,,,,
append,1828,2588500,,,,,,
append,1829,2554200,,,,,,
append,1830,2566200,,,,,,
append,1831,2627700,,,,,,
append,1832,2721800,,,,,,
append,1833,2746199,,,,,,
append,1834,2590500,,,,,,
append,1835,2497700,,,,,,
append,1836,2482200,,,,,,
append,1837,2547700,,,,,,
append,1838,2559100,,,,,,
append,1839,3036599,,,,,,
append,1840,2631200,,,,,,
append,1841,2646500,,,,,,
append,1842,2483800,,,,,,
append,1843,2555400,,,,,,
append,1844,2674700,,,,,,
append,1845,2553300,,,,,,
append,1846,2490099,,,,,,
append,1847,2482000,,,,,,
append,1848,2482200,,,,,,
append,1849,2605500,,,,,,
append,1850,2565900,,,,,,
append,1851,2541200,,,,,,
append,1852,2533899,,,,,,
append,1853,2629300,,,,,,
append,1854,2987500,,,,,,
append,1855,2750900,,,,,,
append,1856,2581500,,,,,,
append,1857,2526200,,,,,,
append,1858,2578499,,,,,,
append,1859,2590900,,,,,,
append,1860,2650900,,,,,,
append,1861,2554900,,,,,,
append,1862,2644600,,,,,,
append,1863,2909700,,,,,,
append,1864,2469899,,,,,,
append,1865,2622600,,,,,,
append,1866,2526300,,,,,,
append,1867,2498500,,,,,,
append,1868,2467000,,,,,,
append,1869,2578100,,,,,,
append,1870,2481699,,,,,,
append,1871,2479400,,,,,,
append,1872,2473800,,,,,,
append,1873,2529900,,,,,,
append,1874,2505400,,,,,,
append,1875,2822600,,,,,,
append,1876,2594500,,,,,,
append,1877,2536499,,,,,,
append,1878,2730700,,,,,,
append,1879,2710800,,,,,,
append,1880,2529400,,,,,,
append,1881,2842000,,,,,,
append,1882,2923600,,,,,,
append,1883,2600699,,,,,,
append,1884,2690800,,,,,,
append,1885,2645000,,,,,,
append,1886,2485400,,,,,,
append,1887,2533300,,,,,,
append,1888,2469600,,,,,,
append,1889,2642899,,,,,,
append,1890,2583400,,,,,,
append,1891,2741500,,,,,,
append,1892,2674400,,,,,,
append,1893,2953500,,,,,,
append,1894,2720200,,,,,,
append,1895,2516699,,,,,,
append,1896,2542700,,,,,,
append,1897,2595100,,,,,,
append,1898,2516400,,,,,,
append,1899,2762900,,,,,,
append,1900,2675200,,,,,,
append,1901,2527299,,,,,,
append,1902,2504400,,,,,,
append,1903,2787000,,,,,,
append,1904,2474100,,,,,,
append,1905,2598600,,,,,,
append,1906,2632300,,,,,,
append,1907,2511499,,,,,,
append,1908,2483400,,,,,,
append,1909,2629400,,,,,,
append,1910,2591400,,,,,,
append,1911,2620900,,,,,,
append,1912,2579900,,,,,,
append,1913,2567100,,,,,,
append,1914,2634699,,,,,,
append,1915,2594200,,,,,,
append,1916,3265600,,,,,,
append,1917,2922100,,,,,,
append,1918,2864300,,,,,,
append,1919,2609599,,,,,,
append,1920,2676000,,,,,,
append,1921,2584800,,,,,,
append,1922,2822000,,,,,,
append,1923,3003200,,,,,,
append,1924,2593700,,,,,,
append,1925,2559299,,,,,,
append,1926,2491300,,,,,,
append,1927,2584100,,,,,,
append,1928,2869900,,,,,,
append,1929,3114300,,,,,,
append,1930,2887700,,,,,,
append,1931,2730099,,,,,,
append,1932,2588500,,,,,,
append,1933,2579900,,,,,,
append,1934,2644000,,,,,,
append,1935,2723100,,,,,,
append,1936,2736400,,,,,,
append,1937,2700499,,,,,,
append,1938,2642700,,,,,,
append,1939,2907400,,,,,,
append,1940,2766500,,,,,,
append,1941,2652700,,,,,,
append,1942,2527000,,,,,,
append,1943,2492599,,,,,,
append,1944,2458800,,,,,,
append,1945,2484700,,,,,,
append,1946,2606200,,,,,,
append,1947,2825300,,,,,,
append,1948,2658300,,,,,,
append,1949,2533399,,,,,,
append,1950,2605500,,,,,,
append,1951,2583800,,,,,,
append,1952,2550800,,,,,,
append,1953,2581400,,,,,,
append,1954,2670500,,,,,,
append,1955,2505899,,,,,,
append,1956,2521000,,,,,,
append,1957,2577300,,,,,,
append,1958,2532100,,,,,,
append,1959,2608800,,,,,,
append,1960,2614100,,,,,,
append,1961,2594800,,,,,,
append,1962,2519199,,,,,,
append,1963,2539700,,,,,,
append,1964,2503400,,,,,,
append,1965,2673500,,,,,,
append,1966,2532300,,,,,,
append,1967,2525800,,,,,,
append,1968,2429799,,,,,,
append,1969,2445300,,,,,,
append,1970,2531600,,,,,,
append,1971,2613800,,,,,,
append,1972,2558200,,,,,,
append,1973,2576300,,,,,,
append,1974,2506699,,,,,,
append,1975,2446800,,,,,,
append,1976,2439300,,,,,,
append,1977,2463300,,,,,,
append,1978,2492400,,,,,,
append,1979,2502900,,,,,,
append,1980,2478600,,,,,,
append,1981,2477099,,,,,,
append,1982,2627500,,,,,,
append,1983,2506000,,,,,,
append,1984,2676000,,,,,,
append,1985,2818300,,,,,,
append,1986,2784100,,,,,,
append,1987,2623199,,,,,,
append,1988,2609800,,,,,,
append,1989,2630000,,,,,,
append,1990,2836000,,,,,,
append,1991,2740700,,,,,,
append,1992,2564000,,,,,,
append,1993,2721199,,,,,,
append,1994,2588500,,,,,,
append,1995,2592900,,,,,,
append,1996,2687600,,,,,,
append,1997,2619900,,,,,,
append,1998,2667000,,,,,,
append,1999,2676399,,,,,,
append,2000,2654300,,,,,,
ingest,,5742419843,2000,28,296000,2280,,
