
running 6 tests
test added_row_conflicts_even_when_coordinates_are_well_formed ... ok
test bindings_layout_and_residual_validation ... ok
test empty_snapshot_and_inverted_query ... ok
test distinct_identical_rows_and_entire_block_conflicts ... ok
test safe_empty_scanned_and_excluded_agree_but_faulty_summary_trust_remains_limited ... ok
test exact_adapters_resume_and_permanent_outstanding ... ok

test result: ok. 6 passed; 0 failed; 0 ignored; 0 measured; 0 filtered out; finished in 0.00s


running 3 tests
test each_registered_binding_rejects_faults_atomically ... FAILED
test conflict_after_new_work_does_not_partially_update_state ... ok
test genuinely_different_snapshot_with_identical_layout_is_rejected ... FAILED

failures:

---- each_registered_binding_rejects_faults_atomically stdout ----

thread 'each_registered_binding_rejects_faults_atomically' (695790) panicked at tests/resume_selection.rs:138:21:
assertion failed: acc.merge(v).is_err()
note: run with `RUST_BACKTRACE=1` environment variable to display a backtrace

---- genuinely_different_snapshot_with_identical_layout_is_rejected stdout ----

thread 'genuinely_different_snapshot_with_identical_layout_is_rejected' (695791) panicked at tests/resume_selection.rs:170:5:
assertion failed: acc.merge(second).is_err()


failures:
    each_registered_binding_rejects_faults_atomically
    genuinely_different_snapshot_with_identical_layout_is_rejected

test result: FAILED. 1 passed; 2 failed; 0 ignored; 0 measured; 0 filtered out; finished in 0.04s

